<html>
<body>
<pre>
<h1>µVision Build Log</h1>
<h2>Project:</h2>
E:\STM32\work-¿â·½Ê½\MPUSENSOR\USER\MPUSENSOR.uvproj
Project File Date:  11/18/2016

<h2>Output:</h2>
Rebuild target 'Target 1'
assembling startup_stm32f10x_cl.s...
compiling stm32f10x_it.c...
compiling main.c...
compiling gpio_iic.c...
gpio_iic.h(25): warning:  #1-D: last line of file ends without a newline
gpio_iic.c(188): warning:  #111-D: statement is unreachable
gpio_iic.c(190): warning:  #1-D: last line of file ends without a newline
compiling inv_mpu.c...
gpio_iic.h(25): warning:  #1-D: last line of file ends without a newline
inv_mpu.c(870): warning:  #177-D: variable "rev" was declared but never referenced
compiling inv_mpu_dmp_motion_driver.c...
compiling uart.c...
uart.c(55): warning:  #1-D: last line of file ends without a newline
compiling mpu.c...
mpu.h(45): warning:  #1-D: last line of file ends without a newline
compiling misc.c...
compiling stm32f10x_adc.c...
compiling stm32f10x_bkp.c...
compiling stm32f10x_can.c...
compiling stm32f10x_cec.c...
compiling stm32f10x_crc.c...
compiling stm32f10x_dac.c...
compiling stm32f10x_dbgmcu.c...
compiling stm32f10x_dma.c...
compiling stm32f10x_exti.c...
compiling stm32f10x_flash.c...
compiling stm32f10x_fsmc.c...
compiling stm32f10x_gpio.c...
compiling stm32f10x_i2c.c...
compiling stm32f10x_iwdg.c...
compiling stm32f10x_pwr.c...
compiling stm32f10x_rcc.c...
compiling stm32f10x_rtc.c...
compiling stm32f10x_sdio.c...
compiling stm32f10x_spi.c...
compiling stm32f10x_tim.c...
compiling stm32f10x_usart.c...
compiling stm32f10x_wwdg.c...
compiling core_cm3.c...
compiling system_stm32f10x.c...
linking...
..\Output\MPUSENSOR.axf: Error: L6218E: Undefined symbol main (referred from entry9a.o).
"..\Output\MPUSENSOR.axf" - 1 Errors, 7 Warning(s).
Target not created
Rebuild target 'Target 1'
assembling startup_stm32f10x_cl.s...
compiling stm32f10x_it.c...
compiling main.c...
main.c(6): warning:  #1-D: last line of file ends without a newline
compiling gpio_iic.c...
gpio_iic.h(25): warning:  #1-D: last line of file ends without a newline
gpio_iic.c(188): warning:  #111-D: statement is unreachable
gpio_iic.c(190): warning:  #1-D: last line of file ends without a newline
compiling inv_mpu.c...
gpio_iic.h(25): warning:  #1-D: last line of file ends without a newline
inv_mpu.c(870): warning:  #177-D: variable "rev" was declared but never referenced
compiling inv_mpu_dmp_motion_driver.c...
compiling uart.c...
uart.c(55): warning:  #1-D: last line of file ends without a newline
compiling mpu.c...
mpu.h(45): warning:  #1-D: last line of file ends without a newline
compiling misc.c...
compiling stm32f10x_adc.c...
compiling stm32f10x_bkp.c...
compiling stm32f10x_can.c...
compiling stm32f10x_cec.c...
compiling stm32f10x_crc.c...
compiling stm32f10x_dac.c...
compiling stm32f10x_dbgmcu.c...
compiling stm32f10x_dma.c...
compiling stm32f10x_exti.c...
compiling stm32f10x_flash.c...
compiling stm32f10x_fsmc.c...
compiling stm32f10x_gpio.c...
compiling stm32f10x_i2c.c...
compiling stm32f10x_iwdg.c...
compiling stm32f10x_pwr.c...
compiling stm32f10x_rcc.c...
compiling stm32f10x_rtc.c...
compiling stm32f10x_sdio.c...
compiling stm32f10x_spi.c...
compiling stm32f10x_tim.c...
compiling stm32f10x_usart.c...
compiling stm32f10x_wwdg.c...
compiling core_cm3.c...
compiling system_stm32f10x.c...
linking...
Program Size: Code=2752 RO-data=368 RW-data=40 ZI-data=1024  
"..\Output\MPUSENSOR.axf" - 0 Errors, 8 Warning(s).
Rebuild target 'Target 1'
assembling startup_stm32f10x_cl.s...
compiling stm32f10x_it.c...
compiling main.c...
mpu.h(39): warning:  #1295-D: Deprecated declaration MPU_9250_Init - give arg types
mpu.h(53): warning:  #1-D: last line of file ends without a newline
main.c(7): warning:  #223-D: function "GPIO_IIC_config" declared implicitly
main.c(8): warning:  #223-D: function "UART_config" declared implicitly
main.c(13): warning:  #223-D: function "printf" declared implicitly
main.c(16): warning:  #111-D: statement is unreachable
main.c(17): warning:  #1-D: last line of file ends without a newline
compiling gpio_iic.c...
gpio_iic.h(18): warning:  #1-D: last line of file ends without a newline
gpio_iic.c(188): warning:  #111-D: statement is unreachable
gpio_iic.c(190): warning:  #1-D: last line of file ends without a newline
compiling inv_mpu.c...
gpio_iic.h(18): warning:  #1-D: last line of file ends without a newline
inv_mpu.c(870): warning:  #177-D: variable "rev" was declared but never referenced
compiling inv_mpu_dmp_motion_driver.c...
compiling uart.c...
uart.c(55): warning:  #1-D: last line of file ends without a newline
compiling mpu.c...
mpu.h(39): warning:  #1295-D: Deprecated declaration MPU_9250_Init - give arg types
mpu.h(53): warning:  #1-D: last line of file ends without a newline
gpio_iic.h(18): warning:  #1-D: last line of file ends without a newline
mpu.c(73): warning:  #550-D: variable "x_axis" was set but never used
mpu.c(73): warning:  #550-D: variable "y_axis" was set but never used
mpu.c(73): warning:  #550-D: variable "z_axis" was set but never used
mpu.c(155): warning:  #223-D: function "sqrt" declared implicitly
mpu.c(206): warning:  #223-D: function "atan2" declared implicitly
mpu.c(207): warning:  #223-D: function "asin" declared implicitly
compiling misc.c...
compiling stm32f10x_adc.c...
compiling stm32f10x_bkp.c...
compiling stm32f10x_can.c...
compiling stm32f10x_cec.c...
compiling stm32f10x_crc.c...
compiling stm32f10x_dac.c...
compiling stm32f10x_dbgmcu.c...
compiling stm32f10x_dma.c...
compiling stm32f10x_exti.c...
compiling stm32f10x_flash.c...
compiling stm32f10x_fsmc.c...
compiling stm32f10x_gpio.c...
compiling stm32f10x_i2c.c...
compiling stm32f10x_iwdg.c...
compiling stm32f10x_pwr.c...
compiling stm32f10x_rcc.c...
compiling stm32f10x_rtc.c...
compiling stm32f10x_sdio.c...
compiling stm32f10x_spi.c...
compiling stm32f10x_tim.c...
compiling stm32f10x_usart.c...
compiling stm32f10x_wwdg.c...
compiling core_cm3.c...
compiling system_stm32f10x.c...
linking...
Program Size: Code=15676 RO-data=692 RW-data=96 ZI-data=1024  
"..\Output\MPUSENSOR.axf" - 0 Errors, 22 Warning(s).
Load "..\\Output\\MPUSENSOR.axf" 
Full Chip Erase Done.
Programming Done.
Verify OK.
Rebuild target 'Target 1'
assembling startup_stm32f10x_cl.s...
compiling stm32f10x_it.c...
compiling main.c...
mpu.h(41): warning:  #1295-D: Deprecated declaration MPU_9250_Init - give arg types
mpu.h(55): warning:  #1-D: last line of file ends without a newline
main.c(7): warning:  #223-D: function "GPIO_IIC_config" declared implicitly
main.c(8): warning:  #223-D: function "UART_config" declared implicitly
main.c(13): warning:  #223-D: function "printf" declared implicitly
main.c(16): warning:  #111-D: statement is unreachable
main.c(17): warning:  #1-D: last line of file ends without a newline
compiling gpio_iic.c...
gpio_iic.h(18): warning:  #1-D: last line of file ends without a newline
gpio_iic.c(188): warning:  #111-D: statement is unreachable
gpio_iic.c(190): warning:  #1-D: last line of file ends without a newline
compiling inv_mpu.c...
gpio_iic.h(18): warning:  #1-D: last line of file ends without a newline
inv_mpu.c(870): warning:  #177-D: variable "rev" was declared but never referenced
compiling inv_mpu_dmp_motion_driver.c...
compiling uart.c...
uart.c(55): warning:  #1-D: last line of file ends without a newline
compiling mpu.c...
mpu.h(41): warning:  #1295-D: Deprecated declaration MPU_9250_Init - give arg types
mpu.h(55): warning:  #1-D: last line of file ends without a newline
gpio_iic.h(18): warning:  #1-D: last line of file ends without a newline
mpu.c(73): warning:  #550-D: variable "x_axis" was set but never used
mpu.c(73): warning:  #550-D: variable "y_axis" was set but never used
mpu.c(73): warning:  #550-D: variable "z_axis" was set but never used
mpu.c(155): warning:  #223-D: function "sqrt" declared implicitly
mpu.c(206): warning:  #223-D: function "atan2" declared implicitly
mpu.c(207): warning:  #223-D: function "asin" declared implicitly
compiling misc.c...
compiling stm32f10x_adc.c...
compiling stm32f10x_bkp.c...
compiling stm32f10x_can.c...
compiling stm32f10x_cec.c...
compiling stm32f10x_crc.c...
compiling stm32f10x_dac.c...
compiling stm32f10x_dbgmcu.c...
compiling stm32f10x_dma.c...
compiling stm32f10x_exti.c...
compiling stm32f10x_flash.c...
compiling stm32f10x_fsmc.c...
compiling stm32f10x_gpio.c...
compiling stm32f10x_i2c.c...
compiling stm32f10x_iwdg.c...
compiling stm32f10x_pwr.c...
compiling stm32f10x_rcc.c...
compiling stm32f10x_rtc.c...
compiling stm32f10x_sdio.c...
compiling stm32f10x_spi.c...
compiling stm32f10x_tim.c...
compiling stm32f10x_usart.c...
compiling stm32f10x_wwdg.c...
compiling core_cm3.c...
compiling system_stm32f10x.c...
linking...
..\Output\MPUSENSOR.axf: Error: L6200E: Symbol q0 multiply defined (by mpu.o and main.o).
..\Output\MPUSENSOR.axf: Error: L6200E: Symbol q1 multiply defined (by mpu.o and main.o).
..\Output\MPUSENSOR.axf: Error: L6200E: Symbol q2 multiply defined (by mpu.o and main.o).
..\Output\MPUSENSOR.axf: Error: L6200E: Symbol q3 multiply defined (by mpu.o and main.o).
..\Output\MPUSENSOR.axf: Error: L6200E: Symbol exInt multiply defined (by mpu.o and main.o).
..\Output\MPUSENSOR.axf: Error: L6200E: Symbol eyInt multiply defined (by mpu.o and main.o).
..\Output\MPUSENSOR.axf: Error: L6200E: Symbol ezInt multiply defined (by mpu.o and main.o).
"..\Output\MPUSENSOR.axf" - 7 Errors, 22 Warning(s).
Target not created
Rebuild target 'Target 1'
assembling startup_stm32f10x_cl.s...
compiling stm32f10x_it.c...
compiling main.c...
mpu.h(40): warning:  #1295-D: Deprecated declaration MPU_9250_Init - give arg types
mpu.h(54): warning:  #1-D: last line of file ends without a newline
main.c(8): warning:  #223-D: function "GPIO_IIC_config" declared implicitly
main.c(9): warning:  #223-D: function "UART_config" declared implicitly
main.c(14): warning:  #223-D: function "printf" declared implicitly
main.c(17): warning:  #111-D: statement is unreachable
main.c(18): warning:  #1-D: last line of file ends without a newline
compiling gpio_iic.c...
gpio_iic.h(18): warning:  #1-D: last line of file ends without a newline
gpio_iic.c(188): warning:  #111-D: statement is unreachable
gpio_iic.c(190): warning:  #1-D: last line of file ends without a newline
compiling inv_mpu.c...
gpio_iic.h(18): warning:  #1-D: last line of file ends without a newline
inv_mpu.c(870): warning:  #177-D: variable "rev" was declared but never referenced
compiling inv_mpu_dmp_motion_driver.c...
compiling uart.c...
uart.c(55): warning:  #1-D: last line of file ends without a newline
compiling mpu.c...
mpu.h(40): warning:  #1295-D: Deprecated declaration MPU_9250_Init - give arg types
mpu.h(54): warning:  #1-D: last line of file ends without a newline
gpio_iic.h(18): warning:  #1-D: last line of file ends without a newline
mpu.c(73): warning:  #550-D: variable "x_axis" was set but never used
mpu.c(73): warning:  #550-D: variable "y_axis" was set but never used
mpu.c(73): warning:  #550-D: variable "z_axis" was set but never used
mpu.c(155): warning:  #223-D: function "sqrt" declared implicitly
mpu.c(206): warning:  #223-D: function "atan2" declared implicitly
mpu.c(207): warning:  #223-D: function "asin" declared implicitly
compiling misc.c...
compiling stm32f10x_adc.c...
compiling stm32f10x_bkp.c...
compiling stm32f10x_can.c...
compiling stm32f10x_cec.c...
compiling stm32f10x_crc.c...
compiling stm32f10x_dac.c...
compiling stm32f10x_dbgmcu.c...
compiling stm32f10x_dma.c...
compiling stm32f10x_exti.c...
compiling stm32f10x_flash.c...
compiling stm32f10x_fsmc.c...
compiling stm32f10x_gpio.c...
compiling stm32f10x_i2c.c...
compiling stm32f10x_iwdg.c...
compiling stm32f10x_pwr.c...
compiling stm32f10x_rcc.c...
compiling stm32f10x_rtc.c...
compiling stm32f10x_sdio.c...
compiling stm32f10x_spi.c...
compiling stm32f10x_tim.c...
compiling stm32f10x_usart.c...
compiling stm32f10x_wwdg.c...
compiling core_cm3.c...
compiling system_stm32f10x.c...
linking...
..\Output\MPUSENSOR.axf: Error: L6200E: Symbol q0 multiply defined (by mpu.o and main.o).
..\Output\MPUSENSOR.axf: Error: L6200E: Symbol q1 multiply defined (by mpu.o and main.o).
..\Output\MPUSENSOR.axf: Error: L6200E: Symbol q2 multiply defined (by mpu.o and main.o).
..\Output\MPUSENSOR.axf: Error: L6200E: Symbol q3 multiply defined (by mpu.o and main.o).
..\Output\MPUSENSOR.axf: Error: L6200E: Symbol exInt multiply defined (by mpu.o and main.o).
..\Output\MPUSENSOR.axf: Error: L6200E: Symbol eyInt multiply defined (by mpu.o and main.o).
..\Output\MPUSENSOR.axf: Error: L6200E: Symbol ezInt multiply defined (by mpu.o and main.o).
"..\Output\MPUSENSOR.axf" - 7 Errors, 22 Warning(s).
Target not created
Rebuild target 'Target 1'
assembling startup_stm32f10x_cl.s...
compiling stm32f10x_it.c...
compiling main.c...
mpu.h(40): warning:  #1295-D: Deprecated declaration MPU_9250_Init - give arg types
mpu.h(54): warning:  #1-D: last line of file ends without a newline
main.c(8): warning:  #223-D: function "GPIO_IIC_config" declared implicitly
main.c(9): warning:  #223-D: function "UART_config" declared implicitly
main.c(14): warning:  #223-D: function "printf" declared implicitly
main.c(17): warning:  #111-D: statement is unreachable
main.c(18): warning:  #1-D: last line of file ends without a newline
compiling gpio_iic.c...
gpio_iic.h(18): warning:  #1-D: last line of file ends without a newline
gpio_iic.c(188): warning:  #111-D: statement is unreachable
gpio_iic.c(190): warning:  #1-D: last line of file ends without a newline
compiling inv_mpu.c...
gpio_iic.h(18): warning:  #1-D: last line of file ends without a newline
inv_mpu.c(870): warning:  #177-D: variable "rev" was declared but never referenced
compiling inv_mpu_dmp_motion_driver.c...
compiling uart.c...
uart.c(55): warning:  #1-D: last line of file ends without a newline
compiling mpu.c...
mpu.h(40): warning:  #1295-D: Deprecated declaration MPU_9250_Init - give arg types
mpu.h(54): warning:  #1-D: last line of file ends without a newline
gpio_iic.h(18): warning:  #1-D: last line of file ends without a newline
mpu.c(74): warning:  #550-D: variable "x_axis" was set but never used
mpu.c(74): warning:  #550-D: variable "y_axis" was set but never used
mpu.c(74): warning:  #550-D: variable "z_axis" was set but never used
compiling misc.c...
compiling stm32f10x_adc.c...
compiling stm32f10x_bkp.c...
compiling stm32f10x_can.c...
compiling stm32f10x_cec.c...
compiling stm32f10x_crc.c...
compiling stm32f10x_dac.c...
compiling stm32f10x_dbgmcu.c...
compiling stm32f10x_dma.c...
compiling stm32f10x_exti.c...
compiling stm32f10x_flash.c...
compiling stm32f10x_fsmc.c...
compiling stm32f10x_gpio.c...
compiling stm32f10x_i2c.c...
compiling stm32f10x_iwdg.c...
compiling stm32f10x_pwr.c...
compiling stm32f10x_rcc.c...
compiling stm32f10x_rtc.c...
compiling stm32f10x_sdio.c...
compiling stm32f10x_spi.c...
compiling stm32f10x_tim.c...
compiling stm32f10x_usart.c...
compiling stm32f10x_wwdg.c...
compiling core_cm3.c...
compiling system_stm32f10x.c...
linking...
Program Size: Code=15632 RO-data=696 RW-data=96 ZI-data=1024  
"..\Output\MPUSENSOR.axf" - 0 Errors, 19 Warning(s).
Load "..\\Output\\MPUSENSOR.axf" 
Full Chip Erase Done.
Programming Done.
Verify OK.
Rebuild target 'Target 1'
assembling startup_stm32f10x_cl.s...
compiling stm32f10x_it.c...
compiling main.c...
mpu.h(40): warning:  #1295-D: Deprecated declaration MPU_9250_Init - give arg types
mpu.h(55): warning:  #1-D: last line of file ends without a newline
main.c(6): warning:  #223-D: function "GPIO_IIC_config" declared implicitly
main.c(7): warning:  #223-D: function "UART_config" declared implicitly
main.c(13): warning:  #223-D: function "printf" declared implicitly
main.c(16): warning:  #111-D: statement is unreachable
main.c(17): warning:  #1-D: last line of file ends without a newline
compiling gpio_iic.c...
gpio_iic.h(18): warning:  #1-D: last line of file ends without a newline
gpio_iic.c(188): warning:  #111-D: statement is unreachable
gpio_iic.c(190): warning:  #1-D: last line of file ends without a newline
compiling inv_mpu.c...
gpio_iic.h(18): warning:  #1-D: last line of file ends without a newline
inv_mpu.c(870): warning:  #177-D: variable "rev" was declared but never referenced
compiling inv_mpu_dmp_motion_driver.c...
compiling uart.c...
uart.c(55): warning:  #1-D: last line of file ends without a newline
compiling mpu.c...
mpu.h(40): warning:  #1295-D: Deprecated declaration MPU_9250_Init - give arg types
mpu.h(55): warning:  #1-D: last line of file ends without a newline
gpio_iic.h(18): warning:  #1-D: last line of file ends without a newline
mpu.c(73): warning:  #550-D: variable "x_axis" was set but never used
mpu.c(73): warning:  #550-D: variable "y_axis" was set but never used
mpu.c(73): warning:  #550-D: variable "z_axis" was set but never used
compiling misc.c...
compiling stm32f10x_adc.c...
compiling stm32f10x_bkp.c...
compiling stm32f10x_can.c...
compiling stm32f10x_cec.c...
compiling stm32f10x_crc.c...
compiling stm32f10x_dac.c...
compiling stm32f10x_dbgmcu.c...
compiling stm32f10x_dma.c...
compiling stm32f10x_exti.c...
compiling stm32f10x_flash.c...
compiling stm32f10x_fsmc.c...
compiling stm32f10x_gpio.c...
compiling stm32f10x_i2c.c...
compiling stm32f10x_iwdg.c...
compiling stm32f10x_pwr.c...
compiling stm32f10x_rcc.c...
compiling stm32f10x_rtc.c...
compiling stm32f10x_sdio.c...
compiling stm32f10x_spi.c...
compiling stm32f10x_tim.c...
compiling stm32f10x_usart.c...
compiling stm32f10x_wwdg.c...
compiling core_cm3.c...
compiling system_stm32f10x.c...
linking...
Program Size: Code=17168 RO-data=696 RW-data=96 ZI-data=1024  
"..\Output\MPUSENSOR.axf" - 0 Errors, 19 Warning(s).
Load "..\\Output\\MPUSENSOR.axf" 
Full Chip Erase Done.
Programming Done.
Contents mismatch at: 08003883H  (Flash=E0H  Required=F0H) !
Verify Failed!
Load "..\\Output\\MPUSENSOR.axf" 
Full Chip Erase Done.
Programming Done.
Verify OK.
Rebuild target 'Target 1'
assembling startup_stm32f10x_cl.s...
compiling stm32f10x_it.c...
compiling main.c...
mpu.h(40): warning:  #1295-D: Deprecated declaration MPU_9250_Init - give arg types
mpu.h(55): warning:  #1-D: last line of file ends without a newline
main.c(6): warning:  #223-D: function "GPIO_IIC_config" declared implicitly
main.c(7): warning:  #223-D: function "UART_config" declared implicitly
main.c(13): warning:  #223-D: function "printf" declared implicitly
main.c(16): warning:  #111-D: statement is unreachable
main.c(17): warning:  #1-D: last line of file ends without a newline
compiling gpio_iic.c...
gpio_iic.h(18): warning:  #1-D: last line of file ends without a newline
gpio_iic.c(188): warning:  #111-D: statement is unreachable
gpio_iic.c(190): warning:  #1-D: last line of file ends without a newline
compiling inv_mpu.c...
gpio_iic.h(18): warning:  #1-D: last line of file ends without a newline
inv_mpu.c(870): warning:  #177-D: variable "rev" was declared but never referenced
compiling inv_mpu_dmp_motion_driver.c...
compiling uart.c...
uart.c(55): warning:  #1-D: last line of file ends without a newline
compiling mpu.c...
mpu.h(40): warning:  #1295-D: Deprecated declaration MPU_9250_Init - give arg types
mpu.h(55): warning:  #1-D: last line of file ends without a newline
gpio_iic.h(18): warning:  #1-D: last line of file ends without a newline
compiling misc.c...
compiling stm32f10x_adc.c...
compiling stm32f10x_bkp.c...
compiling stm32f10x_can.c...
compiling stm32f10x_cec.c...
compiling stm32f10x_crc.c...
compiling stm32f10x_dac.c...
compiling stm32f10x_dbgmcu.c...
compiling stm32f10x_dma.c...
compiling stm32f10x_exti.c...
compiling stm32f10x_flash.c...
compiling stm32f10x_fsmc.c...
compiling stm32f10x_gpio.c...
compiling stm32f10x_i2c.c...
compiling stm32f10x_iwdg.c...
compiling stm32f10x_pwr.c...
compiling stm32f10x_rcc.c...
compiling stm32f10x_rtc.c...
compiling stm32f10x_sdio.c...
compiling stm32f10x_spi.c...
compiling stm32f10x_tim.c...
compiling stm32f10x_usart.c...
compiling stm32f10x_wwdg.c...
compiling core_cm3.c...
compiling system_stm32f10x.c...
linking...
Program Size: Code=17220 RO-data=692 RW-data=96 ZI-data=1024  
"..\Output\MPUSENSOR.axf" - 0 Errors, 16 Warning(s).
Load "..\\Output\\MPUSENSOR.axf" 
Full Chip Erase Done.
Programming Done.
Verify OK.
Rebuild target 'Target 1'
assembling startup_stm32f10x_cl.s...
compiling stm32f10x_it.c...
compiling main.c...
mpu.h(40): warning:  #1295-D: Deprecated declaration MPU_9250_Init - give arg types
mpu.h(41): warning:  #1295-D: Deprecated declaration MPU_DMP_Init - give arg types
mpu.h(57): warning:  #1-D: last line of file ends without a newline
main.c(6): warning:  #223-D: function "GPIO_IIC_config" declared implicitly
main.c(7): warning:  #223-D: function "UART_config" declared implicitly
main.c(17): warning:  #223-D: function "printf" declared implicitly
main.c(20): warning:  #111-D: statement is unreachable
main.c(21): warning:  #1-D: last line of file ends without a newline
main.c(4): warning:  #177-D: variable "gx" was declared but never referenced
main.c(4): warning:  #177-D: variable "gy" was declared but never referenced
main.c(4): warning:  #177-D: variable "gz" was declared but never referenced
main.c(4): warning:  #177-D: variable "ax" was declared but never referenced
main.c(4): warning:  #177-D: variable "ay" was declared but never referenced
main.c(4): warning:  #177-D: variable "az" was declared but never referenced
main.c(4): warning:  #177-D: variable "mx" was declared but never referenced
main.c(4): warning:  #177-D: variable "my" was declared but never referenced
main.c(4): warning:  #177-D: variable "mz" was declared but never referenced
compiling gpio_iic.c...
gpio_iic.h(18): warning:  #1-D: last line of file ends without a newline
gpio_iic.c(188): warning:  #111-D: statement is unreachable
gpio_iic.c(190): warning:  #1-D: last line of file ends without a newline
compiling inv_mpu.c...
gpio_iic.h(18): warning:  #1-D: last line of file ends without a newline
inv_mpu.c(870): warning:  #177-D: variable "rev" was declared but never referenced
compiling inv_mpu_dmp_motion_driver.c...
compiling uart.c...
uart.c(55): warning:  #1-D: last line of file ends without a newline
compiling mpu.c...
mpu.h(40): warning:  #1295-D: Deprecated declaration MPU_9250_Init - give arg types
mpu.h(41): warning:  #1295-D: Deprecated declaration MPU_DMP_Init - give arg types
mpu.h(57): warning:  #1-D: last line of file ends without a newline
gpio_iic.h(18): warning:  #1-D: last line of file ends without a newline
mpu.c(75): warning:  #550-D: variable "x_axis" was set but never used
mpu.c(75): warning:  #550-D: variable "y_axis" was set but never used
mpu.c(75): warning:  #550-D: variable "z_axis" was set but never used
mpu.c(283): error:  #167: argument of type "int *" is incompatible with parameter of type "unsigned char *"
mpu.c(302): warning:  #177-D: variable "accel" was declared but never referenced
mpu.c(302): warning:  #177-D: variable "temperature" was declared but never referenced
compiling misc.c...
compiling stm32f10x_adc.c...
compiling stm32f10x_bkp.c...
compiling stm32f10x_can.c...
compiling stm32f10x_cec.c...
compiling stm32f10x_crc.c...
compiling stm32f10x_dac.c...
compiling stm32f10x_dbgmcu.c...
compiling stm32f10x_dma.c...
compiling stm32f10x_exti.c...
compiling stm32f10x_flash.c...
compiling stm32f10x_fsmc.c...
compiling stm32f10x_gpio.c...
compiling stm32f10x_i2c.c...
compiling stm32f10x_iwdg.c...
compiling stm32f10x_pwr.c...
compiling stm32f10x_rcc.c...
compiling stm32f10x_rtc.c...
compiling stm32f10x_sdio.c...
compiling stm32f10x_spi.c...
compiling stm32f10x_tim.c...
compiling stm32f10x_usart.c...
compiling stm32f10x_wwdg.c...
compiling core_cm3.c...
compiling system_stm32f10x.c...
"..\Output\MPUSENSOR.axf" - 1 Errors, 32 Warning(s).
Target not created
Rebuild target 'Target 1'
assembling startup_stm32f10x_cl.s...
compiling stm32f10x_it.c...
compiling main.c...
mpu.h(40): warning:  #1295-D: Deprecated declaration MPU_9250_Init - give arg types
mpu.h(41): warning:  #1295-D: Deprecated declaration MPU_DMP_Init - give arg types
mpu.h(57): warning:  #1-D: last line of file ends without a newline
main.c(6): warning:  #223-D: function "GPIO_IIC_config" declared implicitly
main.c(7): warning:  #223-D: function "UART_config" declared implicitly
main.c(17): warning:  #223-D: function "printf" declared implicitly
main.c(20): warning:  #111-D: statement is unreachable
main.c(21): warning:  #1-D: last line of file ends without a newline
main.c(4): warning:  #177-D: variable "gx" was declared but never referenced
main.c(4): warning:  #177-D: variable "gy" was declared but never referenced
main.c(4): warning:  #177-D: variable "gz" was declared but never referenced
main.c(4): warning:  #177-D: variable "ax" was declared but never referenced
main.c(4): warning:  #177-D: variable "ay" was declared but never referenced
main.c(4): warning:  #177-D: variable "az" was declared but never referenced
main.c(4): warning:  #177-D: variable "mx" was declared but never referenced
main.c(4): warning:  #177-D: variable "my" was declared but never referenced
main.c(4): warning:  #177-D: variable "mz" was declared but never referenced
compiling gpio_iic.c...
gpio_iic.h(18): warning:  #1-D: last line of file ends without a newline
gpio_iic.c(188): warning:  #111-D: statement is unreachable
gpio_iic.c(190): warning:  #1-D: last line of file ends without a newline
compiling inv_mpu.c...
gpio_iic.h(18): warning:  #1-D: last line of file ends without a newline
inv_mpu.c(870): warning:  #177-D: variable "rev" was declared but never referenced
compiling inv_mpu_dmp_motion_driver.c...
compiling uart.c...
uart.c(55): warning:  #1-D: last line of file ends without a newline
compiling mpu.c...
mpu.h(40): warning:  #1295-D: Deprecated declaration MPU_9250_Init - give arg types
mpu.h(41): warning:  #1295-D: Deprecated declaration MPU_DMP_Init - give arg types
mpu.h(57): warning:  #1-D: last line of file ends without a newline
gpio_iic.h(18): warning:  #1-D: last line of file ends without a newline
mpu.c(75): warning:  #550-D: variable "x_axis" was set but never used
mpu.c(75): warning:  #550-D: variable "y_axis" was set but never used
mpu.c(75): warning:  #550-D: variable "z_axis" was set but never used
mpu.c(283): error:  #167: argument of type "int *" is incompatible with parameter of type "unsigned char *"
mpu.c(302): warning:  #177-D: variable "accel" was declared but never referenced
mpu.c(302): warning:  #177-D: variable "temperature" was declared but never referenced
compiling misc.c...
compiling stm32f10x_adc.c...
compiling stm32f10x_bkp.c...
compiling stm32f10x_can.c...
compiling stm32f10x_cec.c...
compiling stm32f10x_crc.c...
compiling stm32f10x_dac.c...
compiling stm32f10x_dbgmcu.c...
compiling stm32f10x_dma.c...
compiling stm32f10x_exti.c...
compiling stm32f10x_flash.c...
compiling stm32f10x_fsmc.c...
compiling stm32f10x_gpio.c...
compiling stm32f10x_i2c.c...
compiling stm32f10x_iwdg.c...
compiling stm32f10x_pwr.c...
compiling stm32f10x_rcc.c...
compiling stm32f10x_rtc.c...
compiling stm32f10x_sdio.c...
compiling stm32f10x_spi.c...
compiling stm32f10x_tim.c...
compiling stm32f10x_usart.c...
compiling stm32f10x_wwdg.c...
compiling core_cm3.c...
compiling system_stm32f10x.c...
"..\Output\MPUSENSOR.axf" - 1 Errors, 32 Warning(s).
Target not created
Rebuild target 'Target 1'
assembling startup_stm32f10x_cl.s...
compiling stm32f10x_it.c...
compiling main.c...
mpu.h(40): warning:  #1295-D: Deprecated declaration MPU_9250_Init - give arg types
mpu.h(41): warning:  #1295-D: Deprecated declaration MPU_DMP_Init - give arg types
mpu.h(57): warning:  #1-D: last line of file ends without a newline
main.c(6): warning:  #223-D: function "GPIO_IIC_config" declared implicitly
main.c(7): warning:  #223-D: function "UART_config" declared implicitly
main.c(17): warning:  #223-D: function "printf" declared implicitly
main.c(20): warning:  #111-D: statement is unreachable
main.c(21): warning:  #1-D: last line of file ends without a newline
main.c(4): warning:  #177-D: variable "gx" was declared but never referenced
main.c(4): warning:  #177-D: variable "gy" was declared but never referenced
main.c(4): warning:  #177-D: variable "gz" was declared but never referenced
main.c(4): warning:  #177-D: variable "ax" was declared but never referenced
main.c(4): warning:  #177-D: variable "ay" was declared but never referenced
main.c(4): warning:  #177-D: variable "az" was declared but never referenced
main.c(4): warning:  #177-D: variable "mx" was declared but never referenced
main.c(4): warning:  #177-D: variable "my" was declared but never referenced
main.c(4): warning:  #177-D: variable "mz" was declared but never referenced
compiling gpio_iic.c...
gpio_iic.h(18): warning:  #1-D: last line of file ends without a newline
gpio_iic.c(188): warning:  #111-D: statement is unreachable
gpio_iic.c(190): warning:  #1-D: last line of file ends without a newline
compiling inv_mpu.c...
gpio_iic.h(18): warning:  #1-D: last line of file ends without a newline
inv_mpu.c(870): warning:  #177-D: variable "rev" was declared but never referenced
compiling inv_mpu_dmp_motion_driver.c...
compiling uart.c...
uart.c(55): warning:  #1-D: last line of file ends without a newline
compiling mpu.c...
mpu.h(40): warning:  #1295-D: Deprecated declaration MPU_9250_Init - give arg types
mpu.h(41): warning:  #1295-D: Deprecated declaration MPU_DMP_Init - give arg types
mpu.h(57): warning:  #1-D: last line of file ends without a newline
gpio_iic.h(18): warning:  #1-D: last line of file ends without a newline
mpu.c(75): warning:  #550-D: variable "x_axis" was set but never used
mpu.c(75): warning:  #550-D: variable "y_axis" was set but never used
mpu.c(75): warning:  #550-D: variable "z_axis" was set but never used
mpu.c(302): warning:  #177-D: variable "accel" was declared but never referenced
mpu.c(302): warning:  #177-D: variable "temperature" was declared but never referenced
compiling misc.c...
compiling stm32f10x_adc.c...
compiling stm32f10x_bkp.c...
compiling stm32f10x_can.c...
compiling stm32f10x_cec.c...
compiling stm32f10x_crc.c...
compiling stm32f10x_dac.c...
compiling stm32f10x_dbgmcu.c...
compiling stm32f10x_dma.c...
compiling stm32f10x_exti.c...
compiling stm32f10x_flash.c...
compiling stm32f10x_fsmc.c...
compiling stm32f10x_gpio.c...
compiling stm32f10x_i2c.c...
compiling stm32f10x_iwdg.c...
compiling stm32f10x_pwr.c...
compiling stm32f10x_rcc.c...
compiling stm32f10x_rtc.c...
compiling stm32f10x_sdio.c...
compiling stm32f10x_spi.c...
compiling stm32f10x_tim.c...
compiling stm32f10x_usart.c...
compiling stm32f10x_wwdg.c...
compiling core_cm3.c...
compiling system_stm32f10x.c...
linking...
Program Size: Code=29796 RO-data=3852 RW-data=152 ZI-data=1040  
"..\Output\MPUSENSOR.axf" - 0 Errors, 32 Warning(s).
Load "..\\Output\\MPUSENSOR.axf" 
Full Chip Erase Done.
Programming Done.
Verify OK.
Rebuild target 'Target 1'
assembling startup_stm32f10x_cl.s...
compiling stm32f10x_it.c...
compiling main.c...
mpu.h(40): warning:  #1295-D: Deprecated declaration MPU_9250_Init - give arg types
mpu.h(41): warning:  #1295-D: Deprecated declaration MPU_DMP_Init - give arg types
mpu.h(42): warning:  #1295-D: Deprecated declaration HMC5883L_Init - give arg types
mpu.h(67): warning:  #1-D: last line of file ends without a newline
main.c(6): warning:  #223-D: function "GPIO_IIC_config" declared implicitly
main.c(7): warning:  #223-D: function "UART_config" declared implicitly
main.c(22): warning:  #223-D: function "printf" declared implicitly
main.c(25): warning:  #111-D: statement is unreachable
main.c(26): warning:  #1-D: last line of file ends without a newline
main.c(4): warning:  #177-D: variable "gx" was declared but never referenced
main.c(4): warning:  #177-D: variable "gy" was declared but never referenced
main.c(4): warning:  #177-D: variable "gz" was declared but never referenced
main.c(4): warning:  #177-D: variable "ax" was declared but never referenced
main.c(4): warning:  #177-D: variable "ay" was declared but never referenced
main.c(4): warning:  #177-D: variable "az" was declared but never referenced
main.c(4): warning:  #177-D: variable "mx" was declared but never referenced
main.c(4): warning:  #177-D: variable "my" was declared but never referenced
main.c(4): warning:  #177-D: variable "mz" was declared but never referenced
main.c(5): warning:  #177-D: variable "q_angle" was declared but never referenced
compiling gpio_iic.c...
gpio_iic.h(18): warning:  #1-D: last line of file ends without a newline
gpio_iic.c(188): warning:  #111-D: statement is unreachable
gpio_iic.c(190): warning:  #1-D: last line of file ends without a newline
compiling inv_mpu.c...
gpio_iic.h(18): warning:  #1-D: last line of file ends without a newline
inv_mpu.c(870): warning:  #177-D: variable "rev" was declared but never referenced
compiling inv_mpu_dmp_motion_driver.c...
compiling uart.c...
uart.c(55): warning:  #1-D: last line of file ends without a newline
compiling mpu.c...
mpu.h(40): warning:  #1295-D: Deprecated declaration MPU_9250_Init - give arg types
mpu.h(41): warning:  #1295-D: Deprecated declaration MPU_DMP_Init - give arg types
mpu.h(42): warning:  #1295-D: Deprecated declaration HMC5883L_Init - give arg types
mpu.h(67): warning:  #1-D: last line of file ends without a newline
gpio_iic.h(18): warning:  #1-D: last line of file ends without a newline
mpu.c(75): warning:  #550-D: variable "x_axis" was set but never used
mpu.c(75): warning:  #550-D: variable "y_axis" was set but never used
mpu.c(75): warning:  #550-D: variable "z_axis" was set but never used
mpu.c(302): warning:  #177-D: variable "accel" was declared but never referenced
mpu.c(302): warning:  #177-D: variable "temperature" was declared but never referenced
compiling misc.c...
compiling stm32f10x_adc.c...
compiling stm32f10x_bkp.c...
compiling stm32f10x_can.c...
compiling stm32f10x_cec.c...
compiling stm32f10x_crc.c...
compiling stm32f10x_dac.c...
compiling stm32f10x_dbgmcu.c...
compiling stm32f10x_dma.c...
compiling stm32f10x_exti.c...
compiling stm32f10x_flash.c...
compiling stm32f10x_fsmc.c...
compiling stm32f10x_gpio.c...
compiling stm32f10x_i2c.c...
compiling stm32f10x_iwdg.c...
compiling stm32f10x_pwr.c...
compiling stm32f10x_rcc.c...
compiling stm32f10x_rtc.c...
compiling stm32f10x_sdio.c...
compiling stm32f10x_spi.c...
compiling stm32f10x_tim.c...
compiling stm32f10x_usart.c...
compiling stm32f10x_wwdg.c...
compiling core_cm3.c...
compiling system_stm32f10x.c...
linking...
Program Size: Code=30108 RO-data=3852 RW-data=152 ZI-data=1040  
"..\Output\MPUSENSOR.axf" - 0 Errors, 35 Warning(s).
Load "..\\Output\\MPUSENSOR.axf" 
Full Chip Erase Done.
Programming Done.
Verify OK.
Rebuild target 'Target 1'
assembling startup_stm32f10x_cl.s...
compiling stm32f10x_it.c...
compiling main.c...
mpu.h(40): warning:  #1295-D: Deprecated declaration MPU_9250_Init - give arg types
mpu.h(41): warning:  #1295-D: Deprecated declaration MPU_DMP_Init - give arg types
mpu.h(42): warning:  #1295-D: Deprecated declaration HMC5883L_Init - give arg types
mpu.h(67): warning:  #1-D: last line of file ends without a newline
main.c(6): warning:  #223-D: function "GPIO_IIC_config" declared implicitly
main.c(7): warning:  #223-D: function "UART_config" declared implicitly
main.c(22): warning:  #223-D: function "printf" declared implicitly
main.c(25): warning:  #111-D: statement is unreachable
main.c(26): warning:  #1-D: last line of file ends without a newline
main.c(4): warning:  #177-D: variable "gx" was declared but never referenced
main.c(4): warning:  #177-D: variable "gy" was declared but never referenced
main.c(4): warning:  #177-D: variable "gz" was declared but never referenced
main.c(4): warning:  #177-D: variable "ax" was declared but never referenced
main.c(4): warning:  #177-D: variable "ay" was declared but never referenced
main.c(4): warning:  #177-D: variable "az" was declared but never referenced
main.c(4): warning:  #177-D: variable "mx" was declared but never referenced
main.c(4): warning:  #177-D: variable "my" was declared but never referenced
main.c(4): warning:  #177-D: variable "mz" was declared but never referenced
main.c(5): warning:  #177-D: variable "q_angle" was declared but never referenced
compiling gpio_iic.c...
gpio_iic.h(18): warning:  #1-D: last line of file ends without a newline
gpio_iic.c(188): warning:  #111-D: statement is unreachable
gpio_iic.c(190): warning:  #1-D: last line of file ends without a newline
compiling inv_mpu.c...
gpio_iic.h(18): warning:  #1-D: last line of file ends without a newline
inv_mpu.c(870): warning:  #177-D: variable "rev" was declared but never referenced
compiling inv_mpu_dmp_motion_driver.c...
compiling uart.c...
uart.c(55): warning:  #1-D: last line of file ends without a newline
compiling mpu.c...
mpu.h(40): warning:  #1295-D: Deprecated declaration MPU_9250_Init - give arg types
mpu.h(41): warning:  #1295-D: Deprecated declaration MPU_DMP_Init - give arg types
mpu.h(42): warning:  #1295-D: Deprecated declaration HMC5883L_Init - give arg types
mpu.h(67): warning:  #1-D: last line of file ends without a newline
gpio_iic.h(18): warning:  #1-D: last line of file ends without a newline
mpu.c(75): warning:  #550-D: variable "x_axis" was set but never used
mpu.c(75): warning:  #550-D: variable "y_axis" was set but never used
mpu.c(75): warning:  #550-D: variable "z_axis" was set but never used
mpu.c(302): warning:  #177-D: variable "accel" was declared but never referenced
mpu.c(302): warning:  #177-D: variable "temperature" was declared but never referenced
compiling misc.c...
compiling stm32f10x_adc.c...
compiling stm32f10x_bkp.c...
compiling stm32f10x_can.c...
compiling stm32f10x_cec.c...
compiling stm32f10x_crc.c...
compiling stm32f10x_dac.c...
compiling stm32f10x_dbgmcu.c...
compiling stm32f10x_dma.c...
compiling stm32f10x_exti.c...
compiling stm32f10x_flash.c...
compiling stm32f10x_fsmc.c...
compiling stm32f10x_gpio.c...
compiling stm32f10x_i2c.c...
compiling stm32f10x_iwdg.c...
compiling stm32f10x_pwr.c...
compiling stm32f10x_rcc.c...
compiling stm32f10x_rtc.c...
compiling stm32f10x_sdio.c...
compiling stm32f10x_spi.c...
compiling stm32f10x_tim.c...
compiling stm32f10x_usart.c...
compiling stm32f10x_wwdg.c...
compiling core_cm3.c...
compiling system_stm32f10x.c...
linking...
Program Size: Code=30112 RO-data=3856 RW-data=152 ZI-data=1040  
"..\Output\MPUSENSOR.axf" - 0 Errors, 35 Warning(s).
Load "..\\Output\\MPUSENSOR.axf" 
Full Chip Erase Done.
Programming Done.
Verify OK.
Rebuild target 'Target 1'
assembling startup_stm32f10x_cl.s...
compiling stm32f10x_it.c...
compiling main.c...
mpu.h(40): warning:  #1295-D: Deprecated declaration MPU_9250_Init - give arg types
mpu.h(41): warning:  #1295-D: Deprecated declaration MPU_DMP_Init - give arg types
mpu.h(42): warning:  #1295-D: Deprecated declaration HMC5883L_Init - give arg types
mpu.h(67): warning:  #1-D: last line of file ends without a newline
main.c(6): warning:  #223-D: function "GPIO_IIC_config" declared implicitly
main.c(7): warning:  #223-D: function "UART_config" declared implicitly
main.c(22): warning:  #223-D: function "printf" declared implicitly
main.c(26): warning:  #111-D: statement is unreachable
main.c(27): warning:  #1-D: last line of file ends without a newline
main.c(4): warning:  #177-D: variable "gx" was declared but never referenced
main.c(4): warning:  #177-D: variable "gy" was declared but never referenced
main.c(4): warning:  #177-D: variable "gz" was declared but never referenced
main.c(4): warning:  #177-D: variable "ax" was declared but never referenced
main.c(4): warning:  #177-D: variable "ay" was declared but never referenced
main.c(4): warning:  #177-D: variable "az" was declared but never referenced
main.c(4): warning:  #177-D: variable "mx" was declared but never referenced
main.c(4): warning:  #177-D: variable "my" was declared but never referenced
main.c(4): warning:  #177-D: variable "mz" was declared but never referenced
main.c(5): warning:  #177-D: variable "q_angle" was declared but never referenced
compiling gpio_iic.c...
gpio_iic.h(18): warning:  #1-D: last line of file ends without a newline
gpio_iic.c(188): warning:  #111-D: statement is unreachable
gpio_iic.c(190): warning:  #1-D: last line of file ends without a newline
compiling inv_mpu.c...
gpio_iic.h(18): warning:  #1-D: last line of file ends without a newline
inv_mpu.c(870): warning:  #177-D: variable "rev" was declared but never referenced
compiling inv_mpu_dmp_motion_driver.c...
compiling uart.c...
uart.c(55): warning:  #1-D: last line of file ends without a newline
compiling mpu.c...
mpu.h(40): warning:  #1295-D: Deprecated declaration MPU_9250_Init - give arg types
mpu.h(41): warning:  #1295-D: Deprecated declaration MPU_DMP_Init - give arg types
mpu.h(42): warning:  #1295-D: Deprecated declaration HMC5883L_Init - give arg types
mpu.h(67): warning:  #1-D: last line of file ends without a newline
gpio_iic.h(18): warning:  #1-D: last line of file ends without a newline
mpu.c(75): warning:  #550-D: variable "x_axis" was set but never used
mpu.c(75): warning:  #550-D: variable "y_axis" was set but never used
mpu.c(75): warning:  #550-D: variable "z_axis" was set but never used
mpu.c(302): warning:  #177-D: variable "accel" was declared but never referenced
mpu.c(302): warning:  #177-D: variable "temperature" was declared but never referenced
compiling misc.c...
compiling stm32f10x_adc.c...
compiling stm32f10x_bkp.c...
compiling stm32f10x_can.c...
compiling stm32f10x_cec.c...
compiling stm32f10x_crc.c...
compiling stm32f10x_dac.c...
compiling stm32f10x_dbgmcu.c...
compiling stm32f10x_dma.c...
compiling stm32f10x_exti.c...
compiling stm32f10x_flash.c...
compiling stm32f10x_fsmc.c...
compiling stm32f10x_gpio.c...
compiling stm32f10x_i2c.c...
compiling stm32f10x_iwdg.c...
compiling stm32f10x_pwr.c...
compiling stm32f10x_rcc.c...
compiling stm32f10x_rtc.c...
compiling stm32f10x_sdio.c...
compiling stm32f10x_spi.c...
compiling stm32f10x_tim.c...
compiling stm32f10x_usart.c...
compiling stm32f10x_wwdg.c...
compiling core_cm3.c...
compiling system_stm32f10x.c...
linking...
Program Size: Code=30228 RO-data=3852 RW-data=152 ZI-data=1040  
"..\Output\MPUSENSOR.axf" - 0 Errors, 35 Warning(s).
Load "..\\Output\\MPUSENSOR.axf" 
Full Chip Erase Done.
Programming Done.
Verify OK.
Rebuild target 'Target 1'
assembling startup_stm32f10x_cl.s...
compiling stm32f10x_it.c...
compiling main.c...
mpu.h(40): warning:  #1295-D: Deprecated declaration MPU_9250_Init - give arg types
mpu.h(41): warning:  #1295-D: Deprecated declaration MPU_DMP_Init - give arg types
mpu.h(42): warning:  #1295-D: Deprecated declaration HMC5883L_Init - give arg types
mpu.h(67): warning:  #1-D: last line of file ends without a newline
main.c(6): warning:  #223-D: function "GPIO_IIC_config" declared implicitly
main.c(7): warning:  #223-D: function "UART_config" declared implicitly
main.c(22): warning:  #223-D: function "printf" declared implicitly
main.c(26): warning:  #111-D: statement is unreachable
main.c(27): warning:  #1-D: last line of file ends without a newline
main.c(4): warning:  #177-D: variable "gx" was declared but never referenced
main.c(4): warning:  #177-D: variable "gy" was declared but never referenced
main.c(4): warning:  #177-D: variable "gz" was declared but never referenced
main.c(4): warning:  #177-D: variable "ax" was declared but never referenced
main.c(4): warning:  #177-D: variable "ay" was declared but never referenced
main.c(4): warning:  #177-D: variable "az" was declared but never referenced
main.c(4): warning:  #177-D: variable "mx" was declared but never referenced
main.c(4): warning:  #177-D: variable "my" was declared but never referenced
main.c(4): warning:  #177-D: variable "mz" was declared but never referenced
main.c(5): warning:  #177-D: variable "q_angle" was declared but never referenced
compiling gpio_iic.c...
gpio_iic.h(18): warning:  #1-D: last line of file ends without a newline
gpio_iic.c(188): warning:  #111-D: statement is unreachable
gpio_iic.c(190): warning:  #1-D: last line of file ends without a newline
compiling inv_mpu.c...
gpio_iic.h(18): warning:  #1-D: last line of file ends without a newline
inv_mpu.c(870): warning:  #177-D: variable "rev" was declared but never referenced
compiling inv_mpu_dmp_motion_driver.c...
compiling uart.c...
uart.c(55): warning:  #1-D: last line of file ends without a newline
compiling mpu.c...
mpu.h(40): warning:  #1295-D: Deprecated declaration MPU_9250_Init - give arg types
mpu.h(41): warning:  #1295-D: Deprecated declaration MPU_DMP_Init - give arg types
mpu.h(42): warning:  #1295-D: Deprecated declaration HMC5883L_Init - give arg types
mpu.h(67): warning:  #1-D: last line of file ends without a newline
gpio_iic.h(18): warning:  #1-D: last line of file ends without a newline
mpu.c(75): warning:  #550-D: variable "x_axis" was set but never used
mpu.c(75): warning:  #550-D: variable "y_axis" was set but never used
mpu.c(75): warning:  #550-D: variable "z_axis" was set but never used
mpu.c(302): warning:  #177-D: variable "accel" was declared but never referenced
mpu.c(302): warning:  #177-D: variable "temperature" was declared but never referenced
compiling misc.c...
compiling stm32f10x_adc.c...
compiling stm32f10x_bkp.c...
compiling stm32f10x_can.c...
compiling stm32f10x_cec.c...
compiling stm32f10x_crc.c...
compiling stm32f10x_dac.c...
compiling stm32f10x_dbgmcu.c...
compiling stm32f10x_dma.c...
compiling stm32f10x_exti.c...
compiling stm32f10x_flash.c...
compiling stm32f10x_fsmc.c...
compiling stm32f10x_gpio.c...
compiling stm32f10x_i2c.c...
compiling stm32f10x_iwdg.c...
compiling stm32f10x_pwr.c...
compiling stm32f10x_rcc.c...
compiling stm32f10x_rtc.c...
compiling stm32f10x_sdio.c...
compiling stm32f10x_spi.c...
compiling stm32f10x_tim.c...
compiling stm32f10x_usart.c...
compiling stm32f10x_wwdg.c...
compiling core_cm3.c...
compiling system_stm32f10x.c...
linking...
Program Size: Code=30228 RO-data=3852 RW-data=152 ZI-data=1040  
"..\Output\MPUSENSOR.axf" - 0 Errors, 35 Warning(s).
Load "..\\Output\\MPUSENSOR.axf" 
Full Chip Erase Done.
Programming Done.
Verify OK.
Rebuild target 'Target 1'
assembling startup_stm32f10x_cl.s...
compiling stm32f10x_it.c...
compiling main.c...
mpu.h(40): warning:  #1295-D: Deprecated declaration MPU_9250_Init - give arg types
mpu.h(41): warning:  #1295-D: Deprecated declaration MPU_DMP_Init - give arg types
mpu.h(42): warning:  #1295-D: Deprecated declaration HMC5883L_Init - give arg types
mpu.h(67): warning:  #1-D: last line of file ends without a newline
main.c(6): warning:  #223-D: function "GPIO_IIC_config" declared implicitly
main.c(7): warning:  #223-D: function "UART_config" declared implicitly
main.c(22): warning:  #223-D: function "printf" declared implicitly
main.c(26): warning:  #111-D: statement is unreachable
main.c(27): warning:  #1-D: last line of file ends without a newline
main.c(4): warning:  #177-D: variable "gx" was declared but never referenced
main.c(4): warning:  #177-D: variable "gy" was declared but never referenced
main.c(4): warning:  #177-D: variable "gz" was declared but never referenced
main.c(4): warning:  #177-D: variable "ax" was declared but never referenced
main.c(4): warning:  #177-D: variable "ay" was declared but never referenced
main.c(4): warning:  #177-D: variable "az" was declared but never referenced
main.c(4): warning:  #177-D: variable "mx" was declared but never referenced
main.c(4): warning:  #177-D: variable "my" was declared but never referenced
main.c(4): warning:  #177-D: variable "mz" was declared but never referenced
main.c(5): warning:  #177-D: variable "q_angle" was declared but never referenced
compiling gpio_iic.c...
gpio_iic.h(18): warning:  #1-D: last line of file ends without a newline
gpio_iic.c(188): warning:  #111-D: statement is unreachable
gpio_iic.c(190): warning:  #1-D: last line of file ends without a newline
compiling inv_mpu.c...
gpio_iic.h(18): warning:  #1-D: last line of file ends without a newline
inv_mpu.c(870): warning:  #177-D: variable "rev" was declared but never referenced
compiling inv_mpu_dmp_motion_driver.c...
compiling uart.c...
uart.c(55): warning:  #1-D: last line of file ends without a newline
compiling mpu.c...
mpu.h(40): warning:  #1295-D: Deprecated declaration MPU_9250_Init - give arg types
mpu.h(41): warning:  #1295-D: Deprecated declaration MPU_DMP_Init - give arg types
mpu.h(42): warning:  #1295-D: Deprecated declaration HMC5883L_Init - give arg types
mpu.h(67): warning:  #1-D: last line of file ends without a newline
gpio_iic.h(18): warning:  #1-D: last line of file ends without a newline
mpu.c(75): warning:  #550-D: variable "x_axis" was set but never used
mpu.c(75): warning:  #550-D: variable "y_axis" was set but never used
mpu.c(75): warning:  #550-D: variable "z_axis" was set but never used
mpu.c(302): warning:  #177-D: variable "accel" was declared but never referenced
mpu.c(302): warning:  #177-D: variable "temperature" was declared but never referenced
compiling misc.c...
compiling stm32f10x_adc.c...
compiling stm32f10x_bkp.c...
compiling stm32f10x_can.c...
compiling stm32f10x_cec.c...
compiling stm32f10x_crc.c...
compiling stm32f10x_dac.c...
compiling stm32f10x_dbgmcu.c...
compiling stm32f10x_dma.c...
compiling stm32f10x_exti.c...
compiling stm32f10x_flash.c...
compiling stm32f10x_fsmc.c...
compiling stm32f10x_gpio.c...
compiling stm32f10x_i2c.c...
compiling stm32f10x_iwdg.c...
compiling stm32f10x_pwr.c...
compiling stm32f10x_rcc.c...
compiling stm32f10x_rtc.c...
compiling stm32f10x_sdio.c...
compiling stm32f10x_spi.c...
compiling stm32f10x_tim.c...
compiling stm32f10x_usart.c...
compiling stm32f10x_wwdg.c...
compiling core_cm3.c...
compiling system_stm32f10x.c...
linking...
Program Size: Code=30228 RO-data=3852 RW-data=152 ZI-data=1040  
"..\Output\MPUSENSOR.axf" - 0 Errors, 35 Warning(s).
Load "..\\Output\\MPUSENSOR.axf" 
Full Chip Erase Failed!
Internal command error
Internal command error
Load "..\\Output\\MPUSENSOR.axf" 
Full Chip Erase Done.
Programming Done.
Verify OK.
Rebuild target 'Target 1'
assembling startup_stm32f10x_cl.s...
compiling stm32f10x_it.c...
compiling main.c...
mpu.h(40): warning:  #1295-D: Deprecated declaration MPU_9250_Init - give arg types
mpu.h(41): warning:  #1295-D: Deprecated declaration MPU_DMP_Init - give arg types
mpu.h(42): warning:  #1295-D: Deprecated declaration HMC5883L_Init - give arg types
mpu.h(67): warning:  #1-D: last line of file ends without a newline
main.c(6): warning:  #223-D: function "GPIO_IIC_config" declared implicitly
main.c(7): warning:  #223-D: function "UART_config" declared implicitly
main.c(22): warning:  #223-D: function "printf" declared implicitly
main.c(26): warning:  #111-D: statement is unreachable
main.c(27): warning:  #1-D: last line of file ends without a newline
main.c(4): warning:  #177-D: variable "gx" was declared but never referenced
main.c(4): warning:  #177-D: variable "gy" was declared but never referenced
main.c(4): warning:  #177-D: variable "gz" was declared but never referenced
main.c(4): warning:  #177-D: variable "ax" was declared but never referenced
main.c(4): warning:  #177-D: variable "ay" was declared but never referenced
main.c(4): warning:  #177-D: variable "az" was declared but never referenced
main.c(4): warning:  #177-D: variable "mx" was declared but never referenced
main.c(4): warning:  #177-D: variable "my" was declared but never referenced
main.c(4): warning:  #177-D: variable "mz" was declared but never referenced
main.c(5): warning:  #177-D: variable "q_angle" was declared but never referenced
compiling gpio_iic.c...
gpio_iic.h(18): warning:  #1-D: last line of file ends without a newline
gpio_iic.c(188): warning:  #111-D: statement is unreachable
gpio_iic.c(190): warning:  #1-D: last line of file ends without a newline
compiling inv_mpu.c...
gpio_iic.h(18): warning:  #1-D: last line of file ends without a newline
inv_mpu.c(870): warning:  #177-D: variable "rev" was declared but never referenced
compiling inv_mpu_dmp_motion_driver.c...
compiling uart.c...
uart.c(55): warning:  #1-D: last line of file ends without a newline
compiling mpu.c...
mpu.h(40): warning:  #1295-D: Deprecated declaration MPU_9250_Init - give arg types
mpu.h(41): warning:  #1295-D: Deprecated declaration MPU_DMP_Init - give arg types
mpu.h(42): warning:  #1295-D: Deprecated declaration HMC5883L_Init - give arg types
mpu.h(67): warning:  #1-D: last line of file ends without a newline
gpio_iic.h(18): warning:  #1-D: last line of file ends without a newline
mpu.c(75): warning:  #550-D: variable "x_axis" was set but never used
mpu.c(75): warning:  #550-D: variable "y_axis" was set but never used
mpu.c(75): warning:  #550-D: variable "z_axis" was set but never used
mpu.c(302): warning:  #177-D: variable "accel" was declared but never referenced
mpu.c(302): warning:  #177-D: variable "temperature" was declared but never referenced
compiling misc.c...
compiling stm32f10x_adc.c...
compiling stm32f10x_bkp.c...
compiling stm32f10x_can.c...
compiling stm32f10x_cec.c...
compiling stm32f10x_crc.c...
compiling stm32f10x_dac.c...
compiling stm32f10x_dbgmcu.c...
compiling stm32f10x_dma.c...
compiling stm32f10x_exti.c...
compiling stm32f10x_flash.c...
compiling stm32f10x_fsmc.c...
compiling stm32f10x_gpio.c...
compiling stm32f10x_i2c.c...
compiling stm32f10x_iwdg.c...
compiling stm32f10x_pwr.c...
compiling stm32f10x_rcc.c...
compiling stm32f10x_rtc.c...
compiling stm32f10x_sdio.c...
compiling stm32f10x_spi.c...
compiling stm32f10x_tim.c...
compiling stm32f10x_usart.c...
compiling stm32f10x_wwdg.c...
compiling core_cm3.c...
compiling system_stm32f10x.c...
linking...
Program Size: Code=30228 RO-data=3852 RW-data=152 ZI-data=1040  
"..\Output\MPUSENSOR.axf" - 0 Errors, 35 Warning(s).
Load "..\\Output\\MPUSENSOR.axf" 
Full Chip Erase Done.
Programming Done.
Verify OK.
Rebuild target 'Target 1'
assembling startup_stm32f10x_cl.s...
compiling stm32f10x_it.c...
compiling main.c...
mpu.h(40): warning:  #1295-D: Deprecated declaration MPU_9250_Init - give arg types
mpu.h(41): warning:  #1295-D: Deprecated declaration MPU_DMP_Init - give arg types
mpu.h(42): warning:  #1295-D: Deprecated declaration HMC5883L_Init - give arg types
mpu.h(67): warning:  #1-D: last line of file ends without a newline
main.c(6): warning:  #223-D: function "GPIO_IIC_config" declared implicitly
main.c(7): warning:  #223-D: function "UART_config" declared implicitly
main.c(22): warning:  #223-D: function "printf" declared implicitly
main.c(26): warning:  #111-D: statement is unreachable
main.c(27): warning:  #1-D: last line of file ends without a newline
main.c(4): warning:  #177-D: variable "gx" was declared but never referenced
main.c(4): warning:  #177-D: variable "gy" was declared but never referenced
main.c(4): warning:  #177-D: variable "gz" was declared but never referenced
main.c(4): warning:  #177-D: variable "ax" was declared but never referenced
main.c(4): warning:  #177-D: variable "ay" was declared but never referenced
main.c(4): warning:  #177-D: variable "az" was declared but never referenced
main.c(4): warning:  #177-D: variable "mx" was declared but never referenced
main.c(4): warning:  #177-D: variable "my" was declared but never referenced
main.c(4): warning:  #177-D: variable "mz" was declared but never referenced
main.c(5): warning:  #177-D: variable "q_angle" was declared but never referenced
compiling gpio_iic.c...
gpio_iic.h(18): warning:  #1-D: last line of file ends without a newline
gpio_iic.c(188): warning:  #111-D: statement is unreachable
gpio_iic.c(190): warning:  #1-D: last line of file ends without a newline
compiling inv_mpu.c...
gpio_iic.h(18): warning:  #1-D: last line of file ends without a newline
inv_mpu.c(870): warning:  #177-D: variable "rev" was declared but never referenced
compiling inv_mpu_dmp_motion_driver.c...
compiling uart.c...
uart.c(55): warning:  #1-D: last line of file ends without a newline
compiling mpu.c...
mpu.h(40): warning:  #1295-D: Deprecated declaration MPU_9250_Init - give arg types
mpu.h(41): warning:  #1295-D: Deprecated declaration MPU_DMP_Init - give arg types
mpu.h(42): warning:  #1295-D: Deprecated declaration HMC5883L_Init - give arg types
mpu.h(67): warning:  #1-D: last line of file ends without a newline
gpio_iic.h(18): warning:  #1-D: last line of file ends without a newline
mpu.c(75): warning:  #550-D: variable "x_axis" was set but never used
mpu.c(75): warning:  #550-D: variable "y_axis" was set but never used
mpu.c(75): warning:  #550-D: variable "z_axis" was set but never used
mpu.c(302): warning:  #177-D: variable "accel" was declared but never referenced
mpu.c(302): warning:  #177-D: variable "temperature" was declared but never referenced
compiling misc.c...
compiling stm32f10x_adc.c...
compiling stm32f10x_bkp.c...
compiling stm32f10x_can.c...
compiling stm32f10x_cec.c...
compiling stm32f10x_crc.c...
compiling stm32f10x_dac.c...
compiling stm32f10x_dbgmcu.c...
compiling stm32f10x_dma.c...
compiling stm32f10x_exti.c...
compiling stm32f10x_flash.c...
compiling stm32f10x_fsmc.c...
compiling stm32f10x_gpio.c...
compiling stm32f10x_i2c.c...
compiling stm32f10x_iwdg.c...
compiling stm32f10x_pwr.c...
compiling stm32f10x_rcc.c...
compiling stm32f10x_rtc.c...
compiling stm32f10x_sdio.c...
compiling stm32f10x_spi.c...
compiling stm32f10x_tim.c...
compiling stm32f10x_usart.c...
compiling stm32f10x_wwdg.c...
compiling core_cm3.c...
compiling system_stm32f10x.c...
linking...
Program Size: Code=30228 RO-data=3852 RW-data=152 ZI-data=1040  
"..\Output\MPUSENSOR.axf" - 0 Errors, 35 Warning(s).
Load "..\\Output\\MPUSENSOR.axf" 
Full Chip Erase Done.
Programming Done.
Verify OK.
Rebuild target 'Target 1'
assembling startup_stm32f10x_cl.s...
compiling stm32f10x_it.c...
compiling main.c...
mpu.h(40): warning:  #1295-D: Deprecated declaration MPU_9250_Init - give arg types
mpu.h(41): warning:  #1295-D: Deprecated declaration MPU_DMP_Init - give arg types
mpu.h(42): warning:  #1295-D: Deprecated declaration HMC5883L_Init - give arg types
mpu.h(67): warning:  #1-D: last line of file ends without a newline
main.c(6): warning:  #223-D: function "GPIO_IIC_config" declared implicitly
main.c(7): warning:  #223-D: function "UART_config" declared implicitly
main.c(22): warning:  #223-D: function "printf" declared implicitly
main.c(26): warning:  #111-D: statement is unreachable
main.c(27): warning:  #1-D: last line of file ends without a newline
main.c(4): warning:  #177-D: variable "gx" was declared but never referenced
main.c(4): warning:  #177-D: variable "gy" was declared but never referenced
main.c(4): warning:  #177-D: variable "gz" was declared but never referenced
main.c(4): warning:  #177-D: variable "ax" was declared but never referenced
main.c(4): warning:  #177-D: variable "ay" was declared but never referenced
main.c(4): warning:  #177-D: variable "az" was declared but never referenced
main.c(4): warning:  #177-D: variable "mx" was declared but never referenced
main.c(4): warning:  #177-D: variable "my" was declared but never referenced
main.c(4): warning:  #177-D: variable "mz" was declared but never referenced
main.c(5): warning:  #177-D: variable "q_angle" was declared but never referenced
compiling gpio_iic.c...
gpio_iic.h(18): warning:  #1-D: last line of file ends without a newline
gpio_iic.c(188): warning:  #111-D: statement is unreachable
gpio_iic.c(190): warning:  #1-D: last line of file ends without a newline
compiling inv_mpu.c...
gpio_iic.h(18): warning:  #1-D: last line of file ends without a newline
inv_mpu.c(870): warning:  #177-D: variable "rev" was declared but never referenced
compiling inv_mpu_dmp_motion_driver.c...
compiling uart.c...
uart.c(55): warning:  #1-D: last line of file ends without a newline
compiling mpu.c...
mpu.h(40): warning:  #1295-D: Deprecated declaration MPU_9250_Init - give arg types
mpu.h(41): warning:  #1295-D: Deprecated declaration MPU_DMP_Init - give arg types
mpu.h(42): warning:  #1295-D: Deprecated declaration HMC5883L_Init - give arg types
mpu.h(67): warning:  #1-D: last line of file ends without a newline
gpio_iic.h(18): warning:  #1-D: last line of file ends without a newline
mpu.c(75): warning:  #550-D: variable "x_axis" was set but never used
mpu.c(75): warning:  #550-D: variable "y_axis" was set but never used
mpu.c(75): warning:  #550-D: variable "z_axis" was set but never used
mpu.c(302): warning:  #177-D: variable "accel" was declared but never referenced
mpu.c(302): warning:  #177-D: variable "temperature" was declared but never referenced
compiling misc.c...
compiling stm32f10x_adc.c...
compiling stm32f10x_bkp.c...
compiling stm32f10x_can.c...
compiling stm32f10x_cec.c...
compiling stm32f10x_crc.c...
compiling stm32f10x_dac.c...
compiling stm32f10x_dbgmcu.c...
compiling stm32f10x_dma.c...
compiling stm32f10x_exti.c...
compiling stm32f10x_flash.c...
compiling stm32f10x_fsmc.c...
compiling stm32f10x_gpio.c...
compiling stm32f10x_i2c.c...
compiling stm32f10x_iwdg.c...
compiling stm32f10x_pwr.c...
compiling stm32f10x_rcc.c...
compiling stm32f10x_rtc.c...
compiling stm32f10x_sdio.c...
compiling stm32f10x_spi.c...
compiling stm32f10x_tim.c...
compiling stm32f10x_usart.c...
compiling stm32f10x_wwdg.c...
compiling core_cm3.c...
compiling system_stm32f10x.c...
linking...
Program Size: Code=30228 RO-data=3852 RW-data=152 ZI-data=1040  
"..\Output\MPUSENSOR.axf" - 0 Errors, 35 Warning(s).
Load "..\\Output\\MPUSENSOR.axf" 
Full Chip Erase Done.
Programming Done.
Verify OK.
Rebuild target 'Target 1'
assembling startup_stm32f10x_cl.s...
compiling stm32f10x_it.c...
compiling main.c...
mpu.h(40): warning:  #1295-D: Deprecated declaration MPU_9250_Init - give arg types
mpu.h(41): warning:  #1295-D: Deprecated declaration MPU_DMP_Init - give arg types
mpu.h(42): warning:  #1295-D: Deprecated declaration HMC5883L_Init - give arg types
mpu.h(67): warning:  #1-D: last line of file ends without a newline
main.c(6): warning:  #223-D: function "GPIO_IIC_config" declared implicitly
main.c(7): warning:  #223-D: function "UART_config" declared implicitly
main.c(22): warning:  #223-D: function "printf" declared implicitly
main.c(26): warning:  #111-D: statement is unreachable
main.c(27): warning:  #1-D: last line of file ends without a newline
main.c(4): warning:  #177-D: variable "gx" was declared but never referenced
main.c(4): warning:  #177-D: variable "gy" was declared but never referenced
main.c(4): warning:  #177-D: variable "gz" was declared but never referenced
main.c(4): warning:  #177-D: variable "ax" was declared but never referenced
main.c(4): warning:  #177-D: variable "ay" was declared but never referenced
main.c(4): warning:  #177-D: variable "az" was declared but never referenced
main.c(4): warning:  #177-D: variable "mx" was declared but never referenced
main.c(4): warning:  #177-D: variable "my" was declared but never referenced
main.c(4): warning:  #177-D: variable "mz" was declared but never referenced
main.c(5): warning:  #177-D: variable "q_angle" was declared but never referenced
compiling gpio_iic.c...
gpio_iic.h(18): warning:  #1-D: last line of file ends without a newline
gpio_iic.c(188): warning:  #111-D: statement is unreachable
gpio_iic.c(190): warning:  #1-D: last line of file ends without a newline
compiling inv_mpu.c...
gpio_iic.h(18): warning:  #1-D: last line of file ends without a newline
inv_mpu.c(870): warning:  #177-D: variable "rev" was declared but never referenced
compiling inv_mpu_dmp_motion_driver.c...
compiling uart.c...
uart.c(55): warning:  #1-D: last line of file ends without a newline
compiling mpu.c...
mpu.h(40): warning:  #1295-D: Deprecated declaration MPU_9250_Init - give arg types
mpu.h(41): warning:  #1295-D: Deprecated declaration MPU_DMP_Init - give arg types
mpu.h(42): warning:  #1295-D: Deprecated declaration HMC5883L_Init - give arg types
mpu.h(67): warning:  #1-D: last line of file ends without a newline
gpio_iic.h(18): warning:  #1-D: last line of file ends without a newline
mpu.c(75): warning:  #550-D: variable "x_axis" was set but never used
mpu.c(75): warning:  #550-D: variable "y_axis" was set but never used
mpu.c(75): warning:  #550-D: variable "z_axis" was set but never used
mpu.c(302): warning:  #177-D: variable "accel" was declared but never referenced
mpu.c(302): warning:  #177-D: variable "temperature" was declared but never referenced
compiling misc.c...
compiling stm32f10x_adc.c...
compiling stm32f10x_bkp.c...
compiling stm32f10x_can.c...
compiling stm32f10x_cec.c...
compiling stm32f10x_crc.c...
compiling stm32f10x_dac.c...
compiling stm32f10x_dbgmcu.c...
compiling stm32f10x_dma.c...
compiling stm32f10x_exti.c...
compiling stm32f10x_flash.c...
compiling stm32f10x_fsmc.c...
compiling stm32f10x_gpio.c...
compiling stm32f10x_i2c.c...
compiling stm32f10x_iwdg.c...
compiling stm32f10x_pwr.c...
compiling stm32f10x_rcc.c...
compiling stm32f10x_rtc.c...
compiling stm32f10x_sdio.c...
compiling stm32f10x_spi.c...
compiling stm32f10x_tim.c...
compiling stm32f10x_usart.c...
compiling stm32f10x_wwdg.c...
compiling core_cm3.c...
compiling system_stm32f10x.c...
linking...
Program Size: Code=30228 RO-data=3852 RW-data=152 ZI-data=1040  
"..\Output\MPUSENSOR.axf" - 0 Errors, 35 Warning(s).
Rebuild target 'Target 1'
assembling startup_stm32f10x_cl.s...
compiling stm32f10x_it.c...
compiling main.c...
mpu.h(40): warning:  #1295-D: Deprecated declaration MPU_9250_Init - give arg types
mpu.h(41): warning:  #1295-D: Deprecated declaration MPU_DMP_Init - give arg types
mpu.h(42): warning:  #1295-D: Deprecated declaration HMC5883L_Init - give arg types
mpu.h(67): warning:  #1-D: last line of file ends without a newline
main.c(6): warning:  #223-D: function "GPIO_IIC_config" declared implicitly
main.c(7): warning:  #223-D: function "UART_config" declared implicitly
main.c(23): warning:  #223-D: function "printf" declared implicitly
main.c(27): warning:  #111-D: statement is unreachable
main.c(28): warning:  #1-D: last line of file ends without a newline
main.c(4): warning:  #177-D: variable "gx" was declared but never referenced
main.c(4): warning:  #177-D: variable "gy" was declared but never referenced
main.c(4): warning:  #177-D: variable "gz" was declared but never referenced
main.c(4): warning:  #177-D: variable "ax" was declared but never referenced
main.c(4): warning:  #177-D: variable "ay" was declared but never referenced
main.c(4): warning:  #177-D: variable "az" was declared but never referenced
main.c(4): warning:  #177-D: variable "mx" was declared but never referenced
main.c(4): warning:  #177-D: variable "my" was declared but never referenced
main.c(4): warning:  #177-D: variable "mz" was declared but never referenced
main.c(5): warning:  #177-D: variable "q_angle" was declared but never referenced
compiling gpio_iic.c...
gpio_iic.h(18): warning:  #1-D: last line of file ends without a newline
gpio_iic.c(188): warning:  #111-D: statement is unreachable
gpio_iic.c(190): warning:  #1-D: last line of file ends without a newline
compiling inv_mpu.c...
gpio_iic.h(18): warning:  #1-D: last line of file ends without a newline
inv_mpu.c(870): warning:  #177-D: variable "rev" was declared but never referenced
compiling inv_mpu_dmp_motion_driver.c...
compiling uart.c...
uart.c(55): warning:  #1-D: last line of file ends without a newline
compiling mpu.c...
mpu.h(40): warning:  #1295-D: Deprecated declaration MPU_9250_Init - give arg types
mpu.h(41): warning:  #1295-D: Deprecated declaration MPU_DMP_Init - give arg types
mpu.h(42): warning:  #1295-D: Deprecated declaration HMC5883L_Init - give arg types
mpu.h(67): warning:  #1-D: last line of file ends without a newline
gpio_iic.h(18): warning:  #1-D: last line of file ends without a newline
mpu.c(75): warning:  #550-D: variable "x_axis" was set but never used
mpu.c(75): warning:  #550-D: variable "y_axis" was set but never used
mpu.c(75): warning:  #550-D: variable "z_axis" was set but never used
mpu.c(302): warning:  #177-D: variable "accel" was declared but never referenced
mpu.c(302): warning:  #177-D: variable "temperature" was declared but never referenced
compiling misc.c...
compiling stm32f10x_adc.c...
compiling stm32f10x_bkp.c...
compiling stm32f10x_can.c...
compiling stm32f10x_cec.c...
compiling stm32f10x_crc.c...
compiling stm32f10x_dac.c...
compiling stm32f10x_dbgmcu.c...
compiling stm32f10x_dma.c...
compiling stm32f10x_exti.c...
compiling stm32f10x_flash.c...
compiling stm32f10x_fsmc.c...
compiling stm32f10x_gpio.c...
compiling stm32f10x_i2c.c...
compiling stm32f10x_iwdg.c...
compiling stm32f10x_pwr.c...
compiling stm32f10x_rcc.c...
compiling stm32f10x_rtc.c...
compiling stm32f10x_sdio.c...
compiling stm32f10x_spi.c...
compiling stm32f10x_tim.c...
compiling stm32f10x_usart.c...
compiling stm32f10x_wwdg.c...
compiling core_cm3.c...
compiling system_stm32f10x.c...
linking...
Program Size: Code=30240 RO-data=3856 RW-data=152 ZI-data=1040  
"..\Output\MPUSENSOR.axf" - 0 Errors, 35 Warning(s).
Load "..\\Output\\MPUSENSOR.axf" 
Full Chip Erase Done.
Programming Done.
Verify OK.
Rebuild target 'Target 1'
assembling startup_stm32f10x_cl.s...
compiling stm32f10x_it.c...
compiling main.c...
mpu.h(40): warning:  #1295-D: Deprecated declaration MPU_9250_Init - give arg types
mpu.h(41): warning:  #1295-D: Deprecated declaration MPU_DMP_Init - give arg types
mpu.h(42): warning:  #1295-D: Deprecated declaration HMC5883L_Init - give arg types
mpu.h(67): warning:  #1-D: last line of file ends without a newline
main.c(6): warning:  #223-D: function "GPIO_IIC_config" declared implicitly
main.c(7): warning:  #223-D: function "UART_config" declared implicitly
main.c(23): warning:  #223-D: function "printf" declared implicitly
main.c(27): warning:  #111-D: statement is unreachable
main.c(28): warning:  #1-D: last line of file ends without a newline
main.c(4): warning:  #177-D: variable "gx" was declared but never referenced
main.c(4): warning:  #177-D: variable "gy" was declared but never referenced
main.c(4): warning:  #177-D: variable "gz" was declared but never referenced
main.c(4): warning:  #177-D: variable "ax" was declared but never referenced
main.c(4): warning:  #177-D: variable "ay" was declared but never referenced
main.c(4): warning:  #177-D: variable "az" was declared but never referenced
main.c(4): warning:  #177-D: variable "mx" was declared but never referenced
main.c(4): warning:  #177-D: variable "my" was declared but never referenced
main.c(4): warning:  #177-D: variable "mz" was declared but never referenced
main.c(5): warning:  #177-D: variable "q_angle" was declared but never referenced
compiling gpio_iic.c...
gpio_iic.h(18): warning:  #1-D: last line of file ends without a newline
gpio_iic.c(188): warning:  #111-D: statement is unreachable
gpio_iic.c(190): warning:  #1-D: last line of file ends without a newline
compiling inv_mpu.c...
gpio_iic.h(18): warning:  #1-D: last line of file ends without a newline
inv_mpu.c(870): warning:  #177-D: variable "rev" was declared but never referenced
compiling inv_mpu_dmp_motion_driver.c...
compiling uart.c...
uart.c(55): warning:  #1-D: last line of file ends without a newline
compiling mpu.c...
mpu.h(40): warning:  #1295-D: Deprecated declaration MPU_9250_Init - give arg types
mpu.h(41): warning:  #1295-D: Deprecated declaration MPU_DMP_Init - give arg types
mpu.h(42): warning:  #1295-D: Deprecated declaration HMC5883L_Init - give arg types
mpu.h(67): warning:  #1-D: last line of file ends without a newline
gpio_iic.h(18): warning:  #1-D: last line of file ends without a newline
mpu.c(75): warning:  #550-D: variable "x_axis" was set but never used
mpu.c(75): warning:  #550-D: variable "y_axis" was set but never used
mpu.c(75): warning:  #550-D: variable "z_axis" was set but never used
mpu.c(302): warning:  #177-D: variable "accel" was declared but never referenced
mpu.c(302): warning:  #177-D: variable "temperature" was declared but never referenced
compiling misc.c...
compiling stm32f10x_adc.c...
compiling stm32f10x_bkp.c...
compiling stm32f10x_can.c...
compiling stm32f10x_cec.c...
compiling stm32f10x_crc.c...
compiling stm32f10x_dac.c...
compiling stm32f10x_dbgmcu.c...
compiling stm32f10x_dma.c...
compiling stm32f10x_exti.c...
compiling stm32f10x_flash.c...
compiling stm32f10x_fsmc.c...
compiling stm32f10x_gpio.c...
compiling stm32f10x_i2c.c...
compiling stm32f10x_iwdg.c...
compiling stm32f10x_pwr.c...
compiling stm32f10x_rcc.c...
compiling stm32f10x_rtc.c...
compiling stm32f10x_sdio.c...
compiling stm32f10x_spi.c...
compiling stm32f10x_tim.c...
compiling stm32f10x_usart.c...
compiling stm32f10x_wwdg.c...
compiling core_cm3.c...
compiling system_stm32f10x.c...
linking...
Program Size: Code=30240 RO-data=3856 RW-data=152 ZI-data=1040  
"..\Output\MPUSENSOR.axf" - 0 Errors, 35 Warning(s).
Load "..\\Output\\MPUSENSOR.axf" 
Full Chip Erase Done.
Programming Done.
Verify OK.
Rebuild target 'Target 1'
assembling startup_stm32f10x_cl.s...
compiling stm32f10x_it.c...
compiling main.c...
mpu.h(40): warning:  #1295-D: Deprecated declaration MPU_9250_Init - give arg types
mpu.h(41): warning:  #1295-D: Deprecated declaration MPU_DMP_Init - give arg types
mpu.h(42): warning:  #1295-D: Deprecated declaration HMC5883L_Init - give arg types
mpu.h(67): warning:  #1-D: last line of file ends without a newline
main.c(7): warning:  #223-D: function "GPIO_IIC_config" declared implicitly
main.c(8): warning:  #223-D: function "UART_config" declared implicitly
main.c(25): warning:  #223-D: function "printf" declared implicitly
main.c(29): warning:  #111-D: statement is unreachable
main.c(30): warning:  #1-D: last line of file ends without a newline
main.c(4): warning:  #177-D: variable "gx" was declared but never referenced
main.c(4): warning:  #177-D: variable "gy" was declared but never referenced
main.c(4): warning:  #177-D: variable "gz" was declared but never referenced
main.c(4): warning:  #177-D: variable "ax" was declared but never referenced
main.c(4): warning:  #177-D: variable "ay" was declared but never referenced
main.c(4): warning:  #177-D: variable "az" was declared but never referenced
main.c(4): warning:  #177-D: variable "mx" was declared but never referenced
main.c(4): warning:  #177-D: variable "my" was declared but never referenced
main.c(4): warning:  #177-D: variable "mz" was declared but never referenced
main.c(5): warning:  #177-D: variable "q_angle" was declared but never referenced
compiling gpio_iic.c...
gpio_iic.h(18): warning:  #1-D: last line of file ends without a newline
gpio_iic.c(188): warning:  #111-D: statement is unreachable
gpio_iic.c(190): warning:  #1-D: last line of file ends without a newline
compiling inv_mpu.c...
gpio_iic.h(18): warning:  #1-D: last line of file ends without a newline
inv_mpu.c(870): warning:  #177-D: variable "rev" was declared but never referenced
compiling inv_mpu_dmp_motion_driver.c...
compiling uart.c...
uart.c(55): warning:  #1-D: last line of file ends without a newline
compiling mpu.c...
mpu.h(40): warning:  #1295-D: Deprecated declaration MPU_9250_Init - give arg types
mpu.h(41): warning:  #1295-D: Deprecated declaration MPU_DMP_Init - give arg types
mpu.h(42): warning:  #1295-D: Deprecated declaration HMC5883L_Init - give arg types
mpu.h(67): warning:  #1-D: last line of file ends without a newline
gpio_iic.h(18): warning:  #1-D: last line of file ends without a newline
mpu.c(75): warning:  #550-D: variable "x_axis" was set but never used
mpu.c(75): warning:  #550-D: variable "y_axis" was set but never used
mpu.c(75): warning:  #550-D: variable "z_axis" was set but never used
mpu.c(302): warning:  #177-D: variable "accel" was declared but never referenced
mpu.c(302): warning:  #177-D: variable "temperature" was declared but never referenced
compiling misc.c...
compiling stm32f10x_adc.c...
compiling stm32f10x_bkp.c...
compiling stm32f10x_can.c...
compiling stm32f10x_cec.c...
compiling stm32f10x_crc.c...
compiling stm32f10x_dac.c...
compiling stm32f10x_dbgmcu.c...
compiling stm32f10x_dma.c...
compiling stm32f10x_exti.c...
compiling stm32f10x_flash.c...
compiling stm32f10x_fsmc.c...
compiling stm32f10x_gpio.c...
compiling stm32f10x_i2c.c...
compiling stm32f10x_iwdg.c...
compiling stm32f10x_pwr.c...
compiling stm32f10x_rcc.c...
compiling stm32f10x_rtc.c...
compiling stm32f10x_sdio.c...
compiling stm32f10x_spi.c...
compiling stm32f10x_tim.c...
compiling stm32f10x_usart.c...
compiling stm32f10x_wwdg.c...
compiling core_cm3.c...
compiling system_stm32f10x.c...
linking...
Program Size: Code=30320 RO-data=3856 RW-data=152 ZI-data=1040  
"..\Output\MPUSENSOR.axf" - 0 Errors, 35 Warning(s).
Load "..\\Output\\MPUSENSOR.axf" 
Full Chip Erase Done.
Programming Done.
Verify OK.
Rebuild target 'Target 1'
assembling startup_stm32f10x_cl.s...
compiling stm32f10x_it.c...
compiling main.c...
mpu.h(40): warning:  #1295-D: Deprecated declaration MPU_9250_Init - give arg types
mpu.h(41): warning:  #1295-D: Deprecated declaration MPU_DMP_Init - give arg types
mpu.h(42): warning:  #1295-D: Deprecated declaration HMC5883L_Init - give arg types
mpu.h(68): warning:  #1-D: last line of file ends without a newline
main.c(8): warning:  #223-D: function "GPIO_IIC_config" declared implicitly
main.c(9): warning:  #223-D: function "UART_config" declared implicitly
main.c(26): warning:  #223-D: function "printf" declared implicitly
main.c(30): warning:  #111-D: statement is unreachable
main.c(31): warning:  #1-D: last line of file ends without a newline
main.c(4): warning:  #177-D: variable "gx" was declared but never referenced
main.c(4): warning:  #177-D: variable "gy" was declared but never referenced
main.c(4): warning:  #177-D: variable "gz" was declared but never referenced
main.c(4): warning:  #177-D: variable "ax" was declared but never referenced
main.c(4): warning:  #177-D: variable "ay" was declared but never referenced
main.c(4): warning:  #177-D: variable "az" was declared but never referenced
main.c(4): warning:  #177-D: variable "mx" was declared but never referenced
main.c(4): warning:  #177-D: variable "my" was declared but never referenced
main.c(4): warning:  #177-D: variable "mz" was declared but never referenced
main.c(6): warning:  #177-D: variable "q_angle" was declared but never referenced
compiling gpio_iic.c...
gpio_iic.h(18): warning:  #1-D: last line of file ends without a newline
gpio_iic.c(188): warning:  #111-D: statement is unreachable
gpio_iic.c(190): warning:  #1-D: last line of file ends without a newline
compiling inv_mpu.c...
gpio_iic.h(18): warning:  #1-D: last line of file ends without a newline
inv_mpu.c(870): warning:  #177-D: variable "rev" was declared but never referenced
compiling inv_mpu_dmp_motion_driver.c...
compiling uart.c...
uart.c(55): warning:  #1-D: last line of file ends without a newline
compiling mpu.c...
mpu.h(40): warning:  #1295-D: Deprecated declaration MPU_9250_Init - give arg types
mpu.h(41): warning:  #1295-D: Deprecated declaration MPU_DMP_Init - give arg types
mpu.h(42): warning:  #1295-D: Deprecated declaration HMC5883L_Init - give arg types
mpu.h(68): warning:  #1-D: last line of file ends without a newline
gpio_iic.h(18): warning:  #1-D: last line of file ends without a newline
mpu.c(75): warning:  #550-D: variable "x_axis" was set but never used
mpu.c(75): warning:  #550-D: variable "y_axis" was set but never used
mpu.c(75): warning:  #550-D: variable "z_axis" was set but never used
mpu.c(302): warning:  #177-D: variable "accel" was declared but never referenced
mpu.c(302): warning:  #177-D: variable "temperature" was declared but never referenced
mpu.c(353): error:  #167: argument of type "int *" is incompatible with parameter of type "float *"
mpu.c(353): error:  #167: argument of type "int *" is incompatible with parameter of type "float *"
mpu.c(353): error:  #167: argument of type "int *" is incompatible with parameter of type "float *"
mpu.c(358): error:  #29: expected an expression
mpu.c(358): error:  #20: identifier "i" is undefined
[...]
main.c(36): warning:  #111-D: statement is unreachable
main.c(37): warning:  #1-D: last line of file ends without a newline
compiling gpio_iic.c...
gpio_iic.h(18): warning:  #1-D: last line of file ends without a newline
gpio_iic.c(188): warning:  #111-D: statement is unreachable
gpio_iic.c(190): warning:  #1-D: last line of file ends without a newline
compiling inv_mpu.c...
gpio_iic.h(18): warning:  #1-D: last line of file ends without a newline
inv_mpu.c(870): warning:  #177-D: variable "rev" was declared but never referenced
compiling inv_mpu_dmp_motion_driver.c...
compiling uart.c...
uart.c(55): warning:  #1-D: last line of file ends without a newline
compiling mpu.c...
mpu.h(40): warning:  #1295-D: Deprecated declaration MPU_9250_Init - give arg types
mpu.h(41): warning:  #1295-D: Deprecated declaration MPU_DMP_Init - give arg types
mpu.h(42): warning:  #1295-D: Deprecated declaration HMC5883L_Init - give arg types
mpu.h(68): warning:  #1-D: last line of file ends without a newline
gpio_iic.h(18): warning:  #1-D: last line of file ends without a newline
mpu.c(75): warning:  #550-D: variable "x_axis" was set but never used
mpu.c(75): warning:  #550-D: variable "y_axis" was set but never used
mpu.c(75): warning:  #550-D: variable "z_axis" was set but never used
mpu.c(302): warning:  #177-D: variable "accel" was declared but never referenced
mpu.c(302): warning:  #177-D: variable "temperature" was declared but never referenced
mpu.c(383): warning:  #181-D: argument is incompatible with corresponding format string conversion
mpu.c(383): warning:  #181-D: argument is incompatible with corresponding format string conversion
mpu.c(383): warning:  #181-D: argument is incompatible with corresponding format string conversion
mpu.c(385): warning:  #1-D: last line of file ends without a newline
compiling misc.c...
compiling stm32f10x_adc.c...
compiling stm32f10x_bkp.c...
compiling stm32f10x_can.c...
compiling stm32f10x_cec.c...
compiling stm32f10x_crc.c...
compiling stm32f10x_dac.c...
compiling stm32f10x_dbgmcu.c...
compiling stm32f10x_dma.c...
compiling stm32f10x_exti.c...
compiling stm32f10x_flash.c...
compiling stm32f10x_fsmc.c...
compiling stm32f10x_gpio.c...
compiling stm32f10x_i2c.c...
compiling stm32f10x_iwdg.c...
compiling stm32f10x_pwr.c...
compiling stm32f10x_rcc.c...
compiling stm32f10x_rtc.c...
compiling stm32f10x_sdio.c...
compiling stm32f10x_spi.c...
compiling stm32f10x_tim.c...
compiling stm32f10x_usart.c...
compiling stm32f10x_wwdg.c...
compiling core_cm3.c...
compiling system_stm32f10x.c...
linking...
Program Size: Code=32872 RO-data=4144 RW-data=152 ZI-data=1040  
"..\Output\MPUSENSOR.axf" - 0 Errors, 29 Warning(s).
Load "..\\Output\\MPUSENSOR.axf" 
Full Chip Erase Done.
Programming Done.
Verify OK.
Rebuild target 'Target 1'
assembling startup_stm32f10x_cl.s...
compiling stm32f10x_it.c...
compiling main.c...
mpu.h(40): warning:  #1295-D: Deprecated declaration MPU_9250_Init - give arg types
mpu.h(41): warning:  #1295-D: Deprecated declaration MPU_DMP_Init - give arg types
mpu.h(42): warning:  #1295-D: Deprecated declaration HMC5883L_Init - give arg types
mpu.h(68): warning:  #1-D: last line of file ends without a newline
main.c(8): warning:  #223-D: function "GPIO_IIC_config" declared implicitly
main.c(9): warning:  #223-D: function "UART_config" declared implicitly
main.c(27): warning:  #223-D: function "printf" declared implicitly
main.c(36): warning:  #111-D: statement is unreachable
main.c(37): warning:  #1-D: last line of file ends without a newline
compiling gpio_iic.c...
gpio_iic.h(18): warning:  #1-D: last line of file ends without a newline
gpio_iic.c(188): warning:  #111-D: statement is unreachable
gpio_iic.c(190): warning:  #1-D: last line of file ends without a newline
compiling inv_mpu.c...
gpio_iic.h(18): warning:  #1-D: last line of file ends without a newline
inv_mpu.c(870): warning:  #177-D: variable "rev" was declared but never referenced
compiling inv_mpu_dmp_motion_driver.c...
compiling uart.c...
uart.c(55): warning:  #1-D: last line of file ends without a newline
compiling mpu.c...
mpu.h(40): warning:  #1295-D: Deprecated declaration MPU_9250_Init - give arg types
mpu.h(41): warning:  #1295-D: Deprecated declaration MPU_DMP_Init - give arg types
mpu.h(42): warning:  #1295-D: Deprecated declaration HMC5883L_Init - give arg types
mpu.h(68): warning:  #1-D: last line of file ends without a newline
gpio_iic.h(18): warning:  #1-D: last line of file ends without a newline
mpu.c(75): warning:  #550-D: variable "x_axis" was set but never used
mpu.c(75): warning:  #550-D: variable "y_axis" was set but never used
mpu.c(75): warning:  #550-D: variable "z_axis" was set but never used
mpu.c(302): warning:  #177-D: variable "accel" was declared but never referenced
mpu.c(302): warning:  #177-D: variable "temperature" was declared but never referenced
mpu.c(383): warning:  #181-D: argument is incompatible with corresponding format string conversion
mpu.c(383): warning:  #181-D: argument is incompatible with corresponding format string conversion
mpu.c(383): warning:  #181-D: argument is incompatible with corresponding format string conversion
mpu.c(385): warning:  #1-D: last line of file ends without a newline
compiling misc.c...
compiling stm32f10x_adc.c...
compiling stm32f10x_bkp.c...
compiling stm32f10x_can.c...
compiling stm32f10x_cec.c...
compiling stm32f10x_crc.c...
compiling stm32f10x_dac.c...
compiling stm32f10x_dbgmcu.c...
compiling stm32f10x_dma.c...
compiling stm32f10x_exti.c...
compiling stm32f10x_flash.c...
compiling stm32f10x_fsmc.c...
compiling stm32f10x_gpio.c...
compiling stm32f10x_i2c.c...
compiling stm32f10x_iwdg.c...
compiling stm32f10x_pwr.c...
compiling stm32f10x_rcc.c...
compiling stm32f10x_rtc.c...
compiling stm32f10x_sdio.c...
compiling stm32f10x_spi.c...
compiling stm32f10x_tim.c...
compiling stm32f10x_usart.c...
compiling stm32f10x_wwdg.c...
compiling core_cm3.c...
compiling system_stm32f10x.c...
linking...
Program Size: Code=32872 RO-data=4144 RW-data=152 ZI-data=1040  
"..\Output\MPUSENSOR.axf" - 0 Errors, 29 Warning(s).
Load "..\\Output\\MPUSENSOR.axf" 
Full Chip Erase Done.
Programming Done.
Verify OK.
Rebuild target 'Target 1'
assembling startup_stm32f10x_cl.s...
compiling stm32f10x_it.c...
compiling main.c...
mpu.h(40): warning:  #1295-D: Deprecated declaration MPU_9250_Init - give arg types
mpu.h(41): warning:  #1295-D: Deprecated declaration MPU_DMP_Init - give arg types
mpu.h(42): warning:  #1295-D: Deprecated declaration HMC5883L_Init - give arg types
mpu.h(68): warning:  #1-D: last line of file ends without a newline
main.c(8): warning:  #223-D: function "GPIO_IIC_config" declared implicitly
main.c(9): warning:  #223-D: function "UART_config" declared implicitly
main.c(27): warning:  #223-D: function "printf" declared implicitly
main.c(36): warning:  #111-D: statement is unreachable
main.c(37): warning:  #1-D: last line of file ends without a newline
compiling gpio_iic.c...
gpio_iic.h(18): warning:  #1-D: last line of file ends without a newline
gpio_iic.c(188): warning:  #111-D: statement is unreachable
gpio_iic.c(190): warning:  #1-D: last line of file ends without a newline
compiling inv_mpu.c...
gpio_iic.h(18): warning:  #1-D: last line of file ends without a newline
inv_mpu.c(870): warning:  #177-D: variable "rev" was declared but never referenced
compiling inv_mpu_dmp_motion_driver.c...
compiling uart.c...
uart.c(55): warning:  #1-D: last line of file ends without a newline
compiling mpu.c...
mpu.h(40): warning:  #1295-D: Deprecated declaration MPU_9250_Init - give arg types
mpu.h(41): warning:  #1295-D: Deprecated declaration MPU_DMP_Init - give arg types
mpu.h(42): warning:  #1295-D: Deprecated declaration HMC5883L_Init - give arg types
mpu.h(68): warning:  #1-D: last line of file ends without a newline
gpio_iic.h(18): warning:  #1-D: last line of file ends without a newline
mpu.c(75): warning:  #550-D: variable "x_axis" was set but never used
mpu.c(75): warning:  #550-D: variable "y_axis" was set but never used
mpu.c(75): warning:  #550-D: variable "z_axis" was set but never used
mpu.c(302): warning:  #177-D: variable "accel" was declared but never referenced
mpu.c(302): warning:  #177-D: variable "temperature" was declared but never referenced
mpu.c(383): warning:  #181-D: argument is incompatible with corresponding format string conversion
mpu.c(383): warning:  #181-D: argument is incompatible with corresponding format string conversion
mpu.c(383): warning:  #181-D: argument is incompatible with corresponding format string conversion
mpu.c(385): warning:  #1-D: last line of file ends without a newline
compiling misc.c...
compiling stm32f10x_adc.c...
compiling stm32f10x_bkp.c...
compiling stm32f10x_can.c...
compiling stm32f10x_cec.c...
compiling stm32f10x_crc.c...
compiling stm32f10x_dac.c...
compiling stm32f10x_dbgmcu.c...
compiling stm32f10x_dma.c...
compiling stm32f10x_exti.c...
compiling stm32f10x_flash.c...
compiling stm32f10x_fsmc.c...
compiling stm32f10x_gpio.c...
compiling stm32f10x_i2c.c...
compiling stm32f10x_iwdg.c...
compiling stm32f10x_pwr.c...
compiling stm32f10x_rcc.c...
compiling stm32f10x_rtc.c...
compiling stm32f10x_sdio.c...
compiling stm32f10x_spi.c...
compiling stm32f10x_tim.c...
compiling stm32f10x_usart.c...
compiling stm32f10x_wwdg.c...
compiling core_cm3.c...
compiling system_stm32f10x.c...
linking...
Program Size: Code=32888 RO-data=4144 RW-data=152 ZI-data=1040  
"..\Output\MPUSENSOR.axf" - 0 Errors, 29 Warning(s).
Load "..\\Output\\MPUSENSOR.axf" 
Full Chip Erase Done.
Programming Done.
Verify OK.
Rebuild target 'Target 1'
assembling startup_stm32f10x_cl.s...
compiling stm32f10x_it.c...
compiling main.c...
mpu.h(40): warning:  #1295-D: Deprecated declaration MPU_9250_Init - give arg types
mpu.h(41): warning:  #1295-D: Deprecated declaration MPU_DMP_Init - give arg types
mpu.h(42): warning:  #1295-D: Deprecated declaration HMC5883L_Init - give arg types
mpu.h(68): warning:  #1-D: last line of file ends without a newline
main.c(8): warning:  #223-D: function "GPIO_IIC_config" declared implicitly
main.c(9): warning:  #223-D: function "UART_config" declared implicitly
main.c(27): warning:  #223-D: function "printf" declared implicitly
main.c(36): warning:  #111-D: statement is unreachable
main.c(37): warning:  #1-D: last line of file ends without a newline
compiling gpio_iic.c...
gpio_iic.h(18): warning:  #1-D: last line of file ends without a newline
gpio_iic.c(188): warning:  #111-D: statement is unreachable
gpio_iic.c(190): warning:  #1-D: last line of file ends without a newline
compiling inv_mpu.c...
gpio_iic.h(18): warning:  #1-D: last line of file ends without a newline
inv_mpu.c(870): warning:  #177-D: variable "rev" was declared but never referenced
compiling inv_mpu_dmp_motion_driver.c...
compiling uart.c...
uart.c(55): warning:  #1-D: last line of file ends without a newline
compiling mpu.c...
mpu.h(40): warning:  #1295-D: Deprecated declaration MPU_9250_Init - give arg types
mpu.h(41): warning:  #1295-D: Deprecated declaration MPU_DMP_Init - give arg types
mpu.h(42): warning:  #1295-D: Deprecated declaration HMC5883L_Init - give arg types
mpu.h(68): warning:  #1-D: last line of file ends without a newline
gpio_iic.h(18): warning:  #1-D: last line of file ends without a newline
mpu.c(75): warning:  #550-D: variable "x_axis" was set but never used
mpu.c(75): warning:  #550-D: variable "y_axis" was set but never used
mpu.c(75): warning:  #550-D: variable "z_axis" was set but never used
mpu.c(302): warning:  #177-D: variable "accel" was declared but never referenced
mpu.c(302): warning:  #177-D: variable "temperature" was declared but never referenced
mpu.c(383): warning:  #181-D: argument is incompatible with corresponding format string conversion
mpu.c(383): warning:  #181-D: argument is incompatible with corresponding format string conversion
mpu.c(383): warning:  #181-D: argument is incompatible with corresponding format string conversion
mpu.c(385): warning:  #1-D: last line of file ends without a newline
compiling misc.c...
compiling stm32f10x_adc.c...
compiling stm32f10x_bkp.c...
compiling stm32f10x_can.c...
compiling stm32f10x_cec.c...
compiling stm32f10x_crc.c...
compiling stm32f10x_dac.c...
compiling stm32f10x_dbgmcu.c...
compiling stm32f10x_dma.c...
compiling stm32f10x_exti.c...
compiling stm32f10x_flash.c...
compiling stm32f10x_fsmc.c...
compiling stm32f10x_gpio.c...
compiling stm32f10x_i2c.c...
compiling stm32f10x_iwdg.c...
compiling stm32f10x_pwr.c...
compiling stm32f10x_rcc.c...
compiling stm32f10x_rtc.c...
compiling stm32f10x_sdio.c...
compiling stm32f10x_spi.c...
compiling stm32f10x_tim.c...
compiling stm32f10x_usart.c...
compiling stm32f10x_wwdg.c...
compiling core_cm3.c...
compiling system_stm32f10x.c...
linking...
Program Size: Code=30776 RO-data=3856 RW-data=152 ZI-data=1040  
"..\Output\MPUSENSOR.axf" - 0 Errors, 29 Warning(s).
Load "..\\Output\\MPUSENSOR.axf" 
Full Chip Erase Done.
Programming Done.
Verify OK.
Rebuild target 'Target 1'
assembling startup_stm32f10x_cl.s...
compiling stm32f10x_it.c...
compiling main.c...
mpu.h(40): warning:  #1295-D: Deprecated declaration MPU_9250_Init - give arg types
mpu.h(41): warning:  #1295-D: Deprecated declaration MPU_DMP_Init - give arg types
mpu.h(42): warning:  #1295-D: Deprecated declaration HMC5883L_Init - give arg types
mpu.h(68): warning:  #1-D: last line of file ends without a newline
main.c(8): warning:  #223-D: function "GPIO_IIC_config" declared implicitly
main.c(9): warning:  #223-D: function "UART_config" declared implicitly
main.c(27): warning:  #223-D: function "printf" declared implicitly
main.c(36): warning:  #111-D: statement is unreachable
main.c(37): warning:  #1-D: last line of file ends without a newline
main.c(4): warning:  #177-D: variable "nhy" was declared but never referenced
main.c(4): warning:  #177-D: variable "nhx" was declared but never referenced
compiling gpio_iic.c...
gpio_iic.h(18): warning:  #1-D: last line of file ends without a newline
gpio_iic.c(188): warning:  #111-D: statement is unreachable
gpio_iic.c(190): warning:  #1-D: last line of file ends without a newline
compiling inv_mpu.c...
gpio_iic.h(18): warning:  #1-D: last line of file ends without a newline
inv_mpu.c(870): warning:  #177-D: variable "rev" was declared but never referenced
compiling inv_mpu_dmp_motion_driver.c...
compiling uart.c...
uart.c(55): warning:  #1-D: last line of file ends without a newline
compiling mpu.c...
mpu.h(40): warning:  #1295-D: Deprecated declaration MPU_9250_Init - give arg types
mpu.h(41): warning:  #1295-D: Deprecated declaration MPU_DMP_Init - give arg types
mpu.h(42): warning:  #1295-D: Deprecated declaration HMC5883L_Init - give arg types
mpu.h(68): warning:  #1-D: last line of file ends without a newline
gpio_iic.h(18): warning:  #1-D: last line of file ends without a newline
mpu.c(75): warning:  #550-D: variable "x_axis" was set but never used
mpu.c(75): warning:  #550-D: variable "y_axis" was set but never used
mpu.c(75): warning:  #550-D: variable "z_axis" was set but never used
mpu.c(302): warning:  #177-D: variable "accel" was declared but never referenced
mpu.c(302): warning:  #177-D: variable "temperature" was declared but never referenced
mpu.c(383): warning:  #181-D: argument is incompatible with corresponding format string conversion
mpu.c(383): warning:  #181-D: argument is incompatible with corresponding format string conversion
mpu.c(383): warning:  #181-D: argument is incompatible with corresponding format string conversion
mpu.c(385): warning:  #1-D: last line of file ends without a newline
compiling misc.c...
compiling stm32f10x_adc.c...
compiling stm32f10x_bkp.c...
compiling stm32f10x_can.c...
compiling stm32f10x_cec.c...
compiling stm32f10x_crc.c...
compiling stm32f10x_dac.c...
compiling stm32f10x_dbgmcu.c...
compiling stm32f10x_dma.c...
compiling stm32f10x_exti.c...
compiling stm32f10x_flash.c...
compiling stm32f10x_fsmc.c...
compiling stm32f10x_gpio.c...
compiling stm32f10x_i2c.c...
compiling stm32f10x_iwdg.c...
compiling stm32f10x_pwr.c...
compiling stm32f10x_rcc.c...
compiling stm32f10x_rtc.c...
compiling stm32f10x_sdio.c...
compiling stm32f10x_spi.c...
compiling stm32f10x_tim.c...
compiling stm32f10x_usart.c...
compiling stm32f10x_wwdg.c...
compiling core_cm3.c...
compiling system_stm32f10x.c...
linking...
Program Size: Code=30776 RO-data=3856 RW-data=152 ZI-data=1040  
"..\Output\MPUSENSOR.axf" - 0 Errors, 31 Warning(s).
Load "..\\Output\\MPUSENSOR.axf" 
Full Chip Erase Done.
Programming Done.
Verify OK.
Rebuild target 'Target 1'
assembling startup_stm32f10x_cl.s...
compiling stm32f10x_it.c...
compiling main.c...
mpu.h(40): warning:  #1295-D: Deprecated declaration MPU_9250_Init - give arg types
mpu.h(41): warning:  #1295-D: Deprecated declaration MPU_DMP_Init - give arg types
mpu.h(42): warning:  #1295-D: Deprecated declaration HMC5883L_Init - give arg types
mpu.h(68): warning:  #1-D: last line of file ends without a newline
main.c(8): warning:  #223-D: function "GPIO_IIC_config" declared implicitly
main.c(9): warning:  #223-D: function "UART_config" declared implicitly
main.c(27): warning:  #223-D: function "printf" declared implicitly
main.c(36): warning:  #111-D: statement is unreachable
main.c(37): warning:  #1-D: last line of file ends without a newline
compiling gpio_iic.c...
gpio_iic.h(18): warning:  #1-D: last line of file ends without a newline
gpio_iic.c(188): warning:  #111-D: statement is unreachable
gpio_iic.c(190): warning:  #1-D: last line of file ends without a newline
compiling inv_mpu.c...
gpio_iic.h(18): warning:  #1-D: last line of file ends without a newline
inv_mpu.c(870): warning:  #177-D: variable "rev" was declared but never referenced
compiling inv_mpu_dmp_motion_driver.c...
compiling uart.c...
uart.c(55): warning:  #1-D: last line of file ends without a newline
compiling mpu.c...
mpu.h(40): warning:  #1295-D: Deprecated declaration MPU_9250_Init - give arg types
mpu.h(41): warning:  #1295-D: Deprecated declaration MPU_DMP_Init - give arg types
mpu.h(42): warning:  #1295-D: Deprecated declaration HMC5883L_Init - give arg types
mpu.h(68): warning:  #1-D: last line of file ends without a newline
gpio_iic.h(18): warning:  #1-D: last line of file ends without a newline
mpu.c(75): warning:  #550-D: variable "x_axis" was set but never used
mpu.c(75): warning:  #550-D: variable "y_axis" was set but never used
mpu.c(75): warning:  #550-D: variable "z_axis" was set but never used
mpu.c(302): warning:  #177-D: variable "accel" was declared but never referenced
mpu.c(302): warning:  #177-D: variable "temperature" was declared but never referenced
mpu.c(383): warning:  #181-D: argument is incompatible with corresponding format string conversion
mpu.c(383): warning:  #181-D: argument is incompatible with corresponding format string conversion
mpu.c(383): warning:  #181-D: argument is incompatible with corresponding format string conversion
mpu.c(385): warning:  #1-D: last line of file ends without a newline
compiling misc.c...
compiling stm32f10x_adc.c...
compiling stm32f10x_bkp.c...
compiling stm32f10x_can.c...
compiling stm32f10x_cec.c...
compiling stm32f10x_crc.c...
compiling stm32f10x_dac.c...
compiling stm32f10x_dbgmcu.c...
compiling stm32f10x_dma.c...
compiling stm32f10x_exti.c...
compiling stm32f10x_flash.c...
compiling stm32f10x_fsmc.c...
compiling stm32f10x_gpio.c...
compiling stm32f10x_i2c.c...
compiling stm32f10x_iwdg.c...
compiling stm32f10x_pwr.c...
compiling stm32f10x_rcc.c...
compiling stm32f10x_rtc.c...
compiling stm32f10x_sdio.c...
compiling stm32f10x_spi.c...
compiling stm32f10x_tim.c...
compiling stm32f10x_usart.c...
compiling stm32f10x_wwdg.c...
compiling core_cm3.c...
compiling system_stm32f10x.c...
linking...
Program Size: Code=32888 RO-data=4144 RW-data=152 ZI-data=1040  
"..\Output\MPUSENSOR.axf" - 0 Errors, 29 Warning(s).
Load "..\\Output\\MPUSENSOR.axf" 
Full Chip Erase Done.
Programming Done.
Verify OK.
