<html>
<body>
<pre>
<h1>µVision Build Log</h1>
<h2>Project:</h2>
E:\STM32\work-¿â·½Ê½\MPUSENSOR\USER\MPUSENSOR.uvproj
Project File Date:  11/19/2016

<h2>Output:</h2>
Rebuild target 'Target 1'
assembling startup_stm32f10x_cl.s...
compiling stm32f10x_it.c...
compiling main.c...
mpu.h(40): warning:  #1295-D: Deprecated declaration MPU_9250_Init - give arg types
mpu.h(41): warning:  #1295-D: Deprecated declaration MPU_DMP_Init - give arg types
mpu.h(42): warning:  #1295-D: Deprecated declaration HMC5883L_Init - give arg types
mpu.h(68): warning:  #1-D: last line of file ends without a newline
main.c(8): warning:  #223-D: function "GPIO_IIC_config" declared implicitly
main.c(9): warning:  #223-D: function "UART_config" declared implicitly
main.c(36): warning:  #223-D: function "printf" declared implicitly
main.c(45): warning:  #111-D: statement is unreachable
main.c(46): warning:  #1-D: last line of file ends without a newline
compiling gpio_iic.c...
gpio_iic.h(18): warning:  #1-D: last line of file ends without a newline
gpio_iic.c(188): warning:  #111-D: statement is unreachable
gpio_iic.c(190): warning:  #1-D: last line of file ends without a newline
compiling inv_mpu.c...
gpio_iic.h(18): warning:  #1-D: last line of file ends without a newline
inv_mpu.c(870): warning:  #177-D: variable "rev" was declared but never referenced
compiling inv_mpu_dmp_motion_driver.c...
compiling uart.c...
uart.c(55): warning:  #1-D: last line of file ends without a newline
compiling mpu.c...
mpu.h(40): warning:  #1295-D: Deprecated declaration MPU_9250_Init - give arg types
mpu.h(41): warning:  #1295-D: Deprecated declaration MPU_DMP_Init - give arg types
mpu.h(42): warning:  #1295-D: Deprecated declaration HMC5883L_Init - give arg types
mpu.h(68): warning:  #1-D: last line of file ends without a newline
gpio_iic.h(18): warning:  #1-D: last line of file ends without a newline
mpu.c(75): warning:  #550-D: variable "x_axis" was set but never used
mpu.c(75): warning:  #550-D: variable "y_axis" was set but never used
mpu.c(75): warning:  #550-D: variable "z_axis" was set but never used
mpu.c(302): warning:  #177-D: variable "accel" was declared but never referenced
mpu.c(302): warning:  #177-D: variable "temperature" was declared but never referenced
mpu.c(383): warning:  #181-D: argument is incompatible with corresponding format string conversion
mpu.c(383): warning:  #181-D: argument is incompatible with corresponding format string conversion
mpu.c(383): warning:  #181-D: argument is incompatible with corresponding format string conversion
mpu.c(385): warning:  #1-D: last line of file ends without a newline
compiling misc.c...
compiling stm32f10x_adc.c...
compiling stm32f10x_bkp.c...
compiling stm32f10x_can.c...
compiling stm32f10x_cec.c...
compiling stm32f10x_crc.c...
compiling stm32f10x_dac.c...
compiling stm32f10x_dbgmcu.c...
compiling stm32f10x_dma.c...
compiling stm32f10x_exti.c...
compiling stm32f10x_flash.c...
compiling stm32f10x_fsmc.c...
compiling stm32f10x_gpio.c...
compiling stm32f10x_i2c.c...
compiling stm32f10x_iwdg.c...
compiling stm32f10x_pwr.c...
compiling stm32f10x_rcc.c...
compiling stm32f10x_rtc.c...
compiling stm32f10x_sdio.c...
compiling stm32f10x_spi.c...
compiling stm32f10x_tim.c...
compiling stm32f10x_usart.c...
compiling stm32f10x_wwdg.c...
compiling core_cm3.c...
compiling system_stm32f10x.c...
linking...
Program Size: Code=33056 RO-data=4144 RW-data=152 ZI-data=1040  
"..\Output\MPUSENSOR.axf" - 0 Errors, 29 Warning(s).
Load "..\\Output\\MPUSENSOR.axf" 
Full Chip Erase Done.
Programming Done.
Verify OK.
Rebuild target 'Target 1'
assembling startup_stm32f10x_cl.s...
compiling stm32f10x_it.c...
compiling main.c...
mpu.h(40): warning:  #1295-D: Deprecated declaration MPU_9250_Init - give arg types
mpu.h(41): warning:  #1295-D: Deprecated declaration MPU_DMP_Init - give arg types
mpu.h(42): warning:  #1295-D: Deprecated declaration HMC5883L_Init - give arg types
mpu.h(68): warning:  #1-D: last line of file ends without a newline
main.c(8): warning:  #223-D: function "GPIO_IIC_config" declared implicitly
main.c(9): warning:  #223-D: function "UART_config" declared implicitly
main.c(36): warning:  #223-D: function "printf" declared implicitly
main.c(45): warning:  #111-D: statement is unreachable
main.c(46): warning:  #1-D: last line of file ends without a newline
compiling gpio_iic.c...
gpio_iic.h(18): warning:  #1-D: last line of file ends without a newline
gpio_iic.c(188): warning:  #111-D: statement is unreachable
gpio_iic.c(190): warning:  #1-D: last line of file ends without a newline
compiling inv_mpu.c...
gpio_iic.h(18): warning:  #1-D: last line of file ends without a newline
inv_mpu.c(870): warning:  #177-D: variable "rev" was declared but never referenced
compiling inv_mpu_dmp_motion_driver.c...
compiling uart.c...
uart.c(55): warning:  #1-D: last line of file ends without a newline
compiling mpu.c...
mpu.h(40): warning:  #1295-D: Deprecated declaration MPU_9250_Init - give arg types
mpu.h(41): warning:  #1295-D: Deprecated declaration MPU_DMP_Init - give arg types
mpu.h(42): warning:  #1295-D: Deprecated declaration HMC5883L_Init - give arg types
mpu.h(68): warning:  #1-D: last line of file ends without a newline
gpio_iic.h(18): warning:  #1-D: last line of file ends without a newline
mpu.c(75): warning:  #550-D: variable "x_axis" was set but never used
mpu.c(75): warning:  #550-D: variable "y_axis" was set but never used
mpu.c(75): warning:  #550-D: variable "z_axis" was set but never used
mpu.c(302): warning:  #177-D: variable "accel" was declared but never referenced
mpu.c(302): warning:  #177-D: variable "temperature" was declared but never referenced
mpu.c(383): warning:  #181-D: argument is incompatible with corresponding format string conversion
mpu.c(383): warning:  #181-D: argument is incompatible with corresponding format string conversion
mpu.c(383): warning:  #181-D: argument is incompatible with corresponding format string conversion
mpu.c(385): warning:  #1-D: last line of file ends without a newline
compiling misc.c...
compiling stm32f10x_adc.c...
compiling stm32f10x_bkp.c...
compiling stm32f10x_can.c...
compiling stm32f10x_cec.c...
compiling stm32f10x_crc.c...
compiling stm32f10x_dac.c...
compiling stm32f10x_dbgmcu.c...
compiling stm32f10x_dma.c...
compiling stm32f10x_exti.c...
compiling stm32f10x_flash.c...
compiling stm32f10x_fsmc.c...
compiling stm32f10x_gpio.c...
compiling stm32f10x_i2c.c...
compiling stm32f10x_iwdg.c...
compiling stm32f10x_pwr.c...
compiling stm32f10x_rcc.c...
compiling stm32f10x_rtc.c...
compiling stm32f10x_sdio.c...
compiling stm32f10x_spi.c...
compiling stm32f10x_tim.c...
compiling stm32f10x_usart.c...
compiling stm32f10x_wwdg.c...
compiling core_cm3.c...
compiling system_stm32f10x.c...
linking...
Program Size: Code=33080 RO-data=4144 RW-data=152 ZI-data=1040  
"..\Output\MPUSENSOR.axf" - 0 Errors, 29 Warning(s).
Load "..\\Output\\MPUSENSOR.axf" 
Full Chip Erase Done.
Programming Done.
Verify OK.
Rebuild target 'Target 1'
assembling startup_stm32f10x_cl.s...
compiling stm32f10x_it.c...
compiling main.c...
mpu.h(40): warning:  #1295-D: Deprecated declaration MPU_9250_Init - give arg types
mpu.h(41): warning:  #1295-D: Deprecated declaration MPU_DMP_Init - give arg types
mpu.h(42): warning:  #1295-D: Deprecated declaration HMC5883L_Init - give arg types
mpu.h(68): warning:  #1-D: last line of file ends without a newline
main.c(8): warning:  #223-D: function "GPIO_IIC_config" declared implicitly
main.c(9): warning:  #223-D: function "UART_config" declared implicitly
main.c(36): warning:  #223-D: function "printf" declared implicitly
main.c(45): warning:  #111-D: statement is unreachable
main.c(46): warning:  #1-D: last line of file ends without a newline
compiling gpio_iic.c...
gpio_iic.h(18): warning:  #1-D: last line of file ends without a newline
gpio_iic.c(188): warning:  #111-D: statement is unreachable
gpio_iic.c(190): warning:  #1-D: last line of file ends without a newline
compiling inv_mpu.c...
gpio_iic.h(18): warning:  #1-D: last line of file ends without a newline
inv_mpu.c(870): warning:  #177-D: variable "rev" was declared but never referenced
compiling inv_mpu_dmp_motion_driver.c...
compiling uart.c...
uart.c(55): warning:  #1-D: last line of file ends without a newline
compiling mpu.c...
mpu.h(40): warning:  #1295-D: Deprecated declaration MPU_9250_Init - give arg types
mpu.h(41): warning:  #1295-D: Deprecated declaration MPU_DMP_Init - give arg types
mpu.h(42): warning:  #1295-D: Deprecated declaration HMC5883L_Init - give arg types
mpu.h(68): warning:  #1-D: last line of file ends without a newline
gpio_iic.h(18): warning:  #1-D: last line of file ends without a newline
mpu.c(75): warning:  #550-D: variable "x_axis" was set but never used
mpu.c(75): warning:  #550-D: variable "y_axis" was set but never used
mpu.c(75): warning:  #550-D: variable "z_axis" was set but never used
mpu.c(302): warning:  #177-D: variable "accel" was declared but never referenced
mpu.c(302): warning:  #177-D: variable "temperature" was declared but never referenced
mpu.c(383): warning:  #181-D: argument is incompatible with corresponding format string conversion
mpu.c(383): warning:  #181-D: argument is incompatible with corresponding format string conversion
mpu.c(383): warning:  #181-D: argument is incompatible with corresponding format string conversion
mpu.c(385): warning:  #1-D: last line of file ends without a newline
compiling misc.c...
compiling stm32f10x_adc.c...
compiling stm32f10x_bkp.c...
compiling stm32f10x_can.c...
compiling stm32f10x_cec.c...
compiling stm32f10x_crc.c...
compiling stm32f10x_dac.c...
compiling stm32f10x_dbgmcu.c...
compiling stm32f10x_dma.c...
compiling stm32f10x_exti.c...
compiling stm32f10x_flash.c...
compiling stm32f10x_fsmc.c...
compiling stm32f10x_gpio.c...
compiling stm32f10x_i2c.c...
compiling stm32f10x_iwdg.c...
compiling stm32f10x_pwr.c...
compiling stm32f10x_rcc.c...
compiling stm32f10x_rtc.c...
compiling stm32f10x_sdio.c...
compiling stm32f10x_spi.c...
compiling stm32f10x_tim.c...
compiling stm32f10x_usart.c...
compiling stm32f10x_wwdg.c...
compiling core_cm3.c...
compiling system_stm32f10x.c...
linking...
Program Size: Code=33080 RO-data=4144 RW-data=152 ZI-data=1040  
"..\Output\MPUSENSOR.axf" - 0 Errors, 29 Warning(s).
Load "..\\Output\\MPUSENSOR.axf" 
Full Chip Erase Done.
Programming Done.
Verify OK.
Rebuild target 'Target 1'
assembling startup_stm32f10x_cl.s...
compiling stm32f10x_it.c...
compiling main.c...
mpu.h(40): warning:  #1295-D: Deprecated declaration MPU_9250_Init - give arg types
mpu.h(41): warning:  #1295-D: Deprecated declaration MPU_DMP_Init - give arg types
mpu.h(42): warning:  #1295-D: Deprecated declaration HMC5883L_Init - give arg types
mpu.h(68): warning:  #1-D: last line of file ends without a newline
main.c(8): warning:  #223-D: function "GPIO_IIC_config" declared implicitly
main.c(9): warning:  #223-D: function "UART_config" declared implicitly
main.c(31): warning:  #223-D: function "printf" declared implicitly
main.c(40): warning:  #111-D: statement is unreachable
main.c(41): warning:  #1-D: last line of file ends without a newline
compiling gpio_iic.c...
gpio_iic.h(18): warning:  #1-D: last line of file ends without a newline
gpio_iic.c(188): warning:  #111-D: statement is unreachable
gpio_iic.c(190): warning:  #1-D: last line of file ends without a newline
compiling inv_mpu.c...
gpio_iic.h(18): warning:  #1-D: last line of file ends without a newline
inv_mpu.c(870): warning:  #177-D: variable "rev" was declared but never referenced
compiling inv_mpu_dmp_motion_driver.c...
compiling uart.c...
uart.c(55): warning:  #1-D: last line of file ends without a newline
compiling mpu.c...
mpu.h(40): warning:  #1295-D: Deprecated declaration MPU_9250_Init - give arg types
mpu.h(41): warning:  #1295-D: Deprecated declaration MPU_DMP_Init - give arg types
mpu.h(42): warning:  #1295-D: Deprecated declaration HMC5883L_Init - give arg types
mpu.h(68): warning:  #1-D: last line of file ends without a newline
gpio_iic.h(18): warning:  #1-D: last line of file ends without a newline
mpu.c(75): warning:  #550-D: variable "x_axis" was set but never used
mpu.c(75): warning:  #550-D: variable "y_axis" was set but never used
mpu.c(75): warning:  #550-D: variable "z_axis" was set but never used
mpu.c(302): warning:  #177-D: variable "accel" was declared but never referenced
mpu.c(302): warning:  #177-D: variable "temperature" was declared but never referenced
mpu.c(383): warning:  #181-D: argument is incompatible with corresponding format string conversion
mpu.c(383): warning:  #181-D: argument is incompatible with corresponding format string conversion
mpu.c(383): warning:  #181-D: argument is incompatible with corresponding format string conversion
mpu.c(385): warning:  #1-D: last line of file ends without a newline
compiling misc.c...
compiling stm32f10x_adc.c...
compiling stm32f10x_bkp.c...
compiling stm32f10x_can.c...
compiling stm32f10x_cec.c...
compiling stm32f10x_crc.c...
compiling stm32f10x_dac.c...
compiling stm32f10x_dbgmcu.c...
compiling stm32f10x_dma.c...
compiling stm32f10x_exti.c...
compiling stm32f10x_flash.c...
compiling stm32f10x_fsmc.c...
compiling stm32f10x_gpio.c...
compiling stm32f10x_i2c.c...
compiling stm32f10x_iwdg.c...
compiling stm32f10x_pwr.c...
compiling stm32f10x_rcc.c...
compiling stm32f10x_rtc.c...
compiling stm32f10x_sdio.c...
compiling stm32f10x_spi.c...
compiling stm32f10x_tim.c...
compiling stm32f10x_usart.c...
compiling stm32f10x_wwdg.c...
compiling core_cm3.c...
compiling system_stm32f10x.c...
linking...
Program Size: Code=32832 RO-data=4144 RW-data=152 ZI-data=1040  
"..\Output\MPUSENSOR.axf" - 0 Errors, 29 Warning(s).
Load "..\\Output\\MPUSENSOR.axf" 
Full Chip Erase Done.
Programming Done.
Verify OK.
Rebuild target 'Target 1'
assembling startup_stm32f10x_cl.s...
compiling stm32f10x_it.c...
compiling main.c...
mpu.h(40): warning:  #1295-D: Deprecated declaration MPU_9250_Init - give arg types
mpu.h(41): warning:  #1295-D: Deprecated declaration MPU_DMP_Init - give arg types
mpu.h(42): warning:  #1295-D: Deprecated declaration HMC5883L_Init - give arg types
mpu.h(68): warning:  #1-D: last line of file ends without a newline
main.c(8): warning:  #223-D: function "GPIO_IIC_config" declared implicitly
main.c(9): warning:  #223-D: function "UART_config" declared implicitly
main.c(29): warning:  #223-D: function "printf" declared implicitly
main.c(38): warning:  #111-D: statement is unreachable
main.c(39): warning:  #1-D: last line of file ends without a newline
compiling gpio_iic.c...
gpio_iic.h(18): warning:  #1-D: last line of file ends without a newline
gpio_iic.c(188): warning:  #111-D: statement is unreachable
gpio_iic.c(190): warning:  #1-D: last line of file ends without a newline
compiling inv_mpu.c...
gpio_iic.h(18): warning:  #1-D: last line of file ends without a newline
inv_mpu.c(870): warning:  #177-D: variable "rev" was declared but never referenced
compiling inv_mpu_dmp_motion_driver.c...
compiling uart.c...
uart.c(55): warning:  #1-D: last line of file ends without a newline
compiling mpu.c...
mpu.h(40): warning:  #1295-D: Deprecated declaration MPU_9250_Init - give arg types
mpu.h(41): warning:  #1295-D: Deprecated declaration MPU_DMP_Init - give arg types
mpu.h(42): warning:  #1295-D: Deprecated declaration HMC5883L_Init - give arg types
mpu.h(68): warning:  #1-D: last line of file ends without a newline
gpio_iic.h(18): warning:  #1-D: last line of file ends without a newline
mpu.c(75): warning:  #550-D: variable "x_axis" was set but never used
mpu.c(75): warning:  #550-D: variable "y_axis" was set but never used
mpu.c(75): warning:  #550-D: variable "z_axis" was set but never used
mpu.c(302): warning:  #177-D: variable "accel" was declared but never referenced
mpu.c(302): warning:  #177-D: variable "temperature" was declared but never referenced
mpu.c(383): warning:  #181-D: argument is incompatible with corresponding format string conversion
mpu.c(383): warning:  #181-D: argument is incompatible with corresponding format string conversion
mpu.c(383): warning:  #181-D: argument is incompatible with corresponding format string conversion
mpu.c(385): warning:  #1-D: last line of file ends without a newline
compiling misc.c...
compiling stm32f10x_adc.c...
compiling stm32f10x_bkp.c...
compiling stm32f10x_can.c...
compiling stm32f10x_cec.c...
compiling stm32f10x_crc.c...
compiling stm32f10x_dac.c...
compiling stm32f10x_dbgmcu.c...
compiling stm32f10x_dma.c...
compiling stm32f10x_exti.c...
compiling stm32f10x_flash.c...
compiling stm32f10x_fsmc.c...
compiling stm32f10x_gpio.c...
compiling stm32f10x_i2c.c...
compiling stm32f10x_iwdg.c...
compiling stm32f10x_pwr.c...
compiling stm32f10x_rcc.c...
compiling stm32f10x_rtc.c...
compiling stm32f10x_sdio.c...
compiling stm32f10x_spi.c...
compiling stm32f10x_tim.c...
compiling stm32f10x_usart.c...
compiling stm32f10x_wwdg.c...
compiling core_cm3.c...
compiling system_stm32f10x.c...
linking...
Program Size: Code=32888 RO-data=4144 RW-data=152 ZI-data=1040  
"..\Output\MPUSENSOR.axf" - 0 Errors, 29 Warning(s).
Load "..\\Output\\MPUSENSOR.axf" 
Full Chip Erase Done.
Programming Done.
Verify OK.
