ARM Linker, 5.03 [Build 76] [MDK-ARM Standard]

==============================================================================

Section Cross References

    startup_stm32f10x_cl.o(RESET) refers to startup_stm32f10x_cl.o(STACK) for __initial_sp
    startup_stm32f10x_cl.o(RESET) refers to startup_stm32f10x_cl.o(.text) for Reset_Handler
    startup_stm32f10x_cl.o(RESET) refers to stm32f10x_it.o(.text) for NMI_Handler
    startup_stm32f10x_cl.o(.text) refers to system_stm32f10x.o(.text) for SystemInit
    startup_stm32f10x_cl.o(.text) refers to entry.o(.ARM.Collect$$$$00000000) for __main
    main.o(.text) refers to gpio_iic.o(.text) for GPIO_IIC_config
    main.o(.text) refers to uart.o(.text) for UART_config
    main.o(.text) refers to mpu.o(.text) for MPU_9250_Init
    main.o(.text) refers to dflti.o(.text) for __aeabi_i2d
    main.o(.text) refers to sin.o(i.sin) for sin
    main.o(.text) refers to cos.o(i.cos) for cos
    main.o(.text) refers to f2d.o(.text) for __aeabi_f2d
    main.o(.text) refers to dmul.o(.text) for __aeabi_dmul
    main.o(.text) refers to dadd.o(.text) for __aeabi_dadd
    main.o(.text) refers to d2f.o(.text) for __aeabi_d2f
    main.o(.text) refers to fadd.o(.text) for __aeabi_fsub
    main.o(.text) refers to atan2.o(i.atan2) for atan2
    main.o(.text) refers to fflti.o(.text) for __aeabi_i2f
    main.o(.text) refers to printfa.o(i.__0printf) for __2printf
    gpio_iic.o(.text) refers to stm32f10x_rcc.o(.text) for RCC_APB2PeriphClockCmd
    gpio_iic.o(.text) refers to stm32f10x_gpio.o(.text) for GPIO_Init
    inv_mpu.o(.text) refers to gpio_iic.o(.text) for Sensors_I2C_WriteRegister
    inv_mpu.o(.text) refers to inv_mpu.o(.data) for st
    inv_mpu.o(.text) refers to printfa.o(i.__0printf) for __2printf
    inv_mpu.o(.text) refers to ffltui.o(.text) for __aeabi_ui2f
    inv_mpu.o(.text) refers to fflti.o(.text) for __aeabi_i2f
    inv_mpu.o(.text) refers to fadd.o(.text) for __aeabi_fsub
    inv_mpu.o(.text) refers to fdiv.o(.text) for __aeabi_fdiv
    inv_mpu.o(.text) refers to fmul.o(.text) for __aeabi_fmul
    inv_mpu.o(.text) refers to ffixi.o(.text) for __aeabi_f2iz
    inv_mpu.o(.text) refers to inv_mpu.o(.constdata) for test
    inv_mpu.o(.text) refers to ldiv.o(.text) for __aeabi_ldivmod
    inv_mpu.o(.text) refers to memcmp.o(.text) for memcmp
    inv_mpu.o(.data) refers to inv_mpu.o(.constdata) for reg
    inv_mpu_dmp_motion_driver.o(.text) refers to inv_mpu.o(.text) for mpu_load_firmware
    inv_mpu_dmp_motion_driver.o(.text) refers to inv_mpu_dmp_motion_driver.o(.constdata) for dmp_memory
    inv_mpu_dmp_motion_driver.o(.text) refers to inv_mpu_dmp_motion_driver.o(.bss) for dmp
    inv_mpu_dmp_motion_driver.o(.text) refers to ffltui.o(.text) for __aeabi_ui2f
    inv_mpu_dmp_motion_driver.o(.text) refers to fdiv.o(.text) for __aeabi_fdiv
    inv_mpu_dmp_motion_driver.o(.text) refers to fmul.o(.text) for __aeabi_fmul
    inv_mpu_dmp_motion_driver.o(.text) refers to ffixui.o(.text) for __aeabi_f2uiz
    inv_mpu_dmp_motion_driver.o(.text) refers to memseta.o(.text) for __aeabi_memset
    uart.o(.text) refers to stm32f10x_rcc.o(.text) for RCC_APB2PeriphClockCmd
    uart.o(.text) refers to stm32f10x_gpio.o(.text) for GPIO_Init
    uart.o(.text) refers to stm32f10x_usart.o(.text) for USART_Init
    uart.o(.text) refers to misc.o(.text) for NVIC_PriorityGroupConfig
    mpu.o(.text) refers to gpio_iic.o(.text) for Read_Byte
    mpu.o(.text) refers to printfa.o(i.__0printf) for __2printf
    mpu.o(.text) refers to fflti.o(.text) for __aeabi_i2f
    mpu.o(.text) refers to f2d.o(.text) for __aeabi_f2d
    mpu.o(.text) refers to ddiv.o(.text) for __aeabi_ddiv
    mpu.o(.text) refers to dmul.o(.text) for __aeabi_dmul
    mpu.o(.text) refers to d2f.o(.text) for __aeabi_d2f
    mpu.o(.text) refers to mpu.o(.constdata) for .constdata
    mpu.o(.text) refers to mpu.o(.data) for mpu_9250_accl
    mpu.o(.text) refers to fdiv.o(.text) for __aeabi_fdiv
    mpu.o(.text) refers to fmul.o(.text) for __aeabi_fmul
    mpu.o(.text) refers to fadd.o(.text) for __aeabi_fadd
    mpu.o(.text) refers to sqrt.o(i.sqrt) for sqrt
    mpu.o(.text) refers to dadd.o(.text) for __aeabi_drsub
    mpu.o(.text) refers to atan2.o(i.atan2) for atan2
    mpu.o(.text) refers to dfixi.o(.text) for __aeabi_d2iz
    mpu.o(.text) refers to asin.o(i.asin) for asin
    mpu.o(.text) refers to cfcmple.o(.text) for __aeabi_cfcmpeq
    mpu.o(.text) refers to inv_mpu.o(.text) for mpu_init
    mpu.o(.text) refers to inv_mpu_dmp_motion_driver.o(.text) for dmp_load_motion_driver_firmware
    mpu.o(.text) refers to cfrcmple.o(.text) for __aeabi_cfrcmple
    stm32f10x_adc.o(.text) refers to stm32f10x_rcc.o(.text) for RCC_APB2PeriphResetCmd
    stm32f10x_bkp.o(.text) refers to stm32f10x_rcc.o(.text) for RCC_BackupResetCmd
    stm32f10x_can.o(.text) refers to stm32f10x_rcc.o(.text) for RCC_APB1PeriphResetCmd
    stm32f10x_cec.o(.text) refers to stm32f10x_rcc.o(.text) for RCC_APB1PeriphResetCmd
[...]
    printf8.o(i.__0printf$8) refers to uart.o(.text) for fputc
    printf8.o(i.__0printf$8) refers to stdout.o(.data) for __stdout
    printf8.o(i.__0snprintf$8) refers to printf8.o(i._printf_core) for _printf_core
    printf8.o(i.__0snprintf$8) refers to printf8.o(i._snputc) for _snputc
    printf8.o(i.__0sprintf$8) refers to printf8.o(i._printf_core) for _printf_core
    printf8.o(i.__0sprintf$8) refers to printf8.o(i._sputc) for _sputc
    printf8.o(i.__0vfprintf$8) refers to printf8.o(i._printf_core) for _printf_core
    printf8.o(i.__0vfprintf$8) refers to uart.o(.text) for fputc
    printf8.o(i.__0vprintf$8) refers to printf8.o(i._printf_core) for _printf_core
    printf8.o(i.__0vprintf$8) refers to uart.o(.text) for fputc
    printf8.o(i.__0vprintf$8) refers to stdout.o(.data) for __stdout
    printf8.o(i.__0vsnprintf$8) refers to printf8.o(i._printf_core) for _printf_core
    printf8.o(i.__0vsnprintf$8) refers to printf8.o(i._snputc) for _snputc
    printf8.o(i.__0vsprintf$8) refers to printf8.o(i._printf_core) for _printf_core
    printf8.o(i.__0vsprintf$8) refers to printf8.o(i._sputc) for _sputc
    printf8.o(i._printf_core) refers to printf8.o(i._printf_pre_padding) for _printf_pre_padding
    printf8.o(i._printf_core) refers to uldiv.o(.text) for __aeabi_uldivmod
    printf8.o(i._printf_core) refers to printf8.o(i._printf_post_padding) for _printf_post_padding
    printfa.o(i.__0fprintf) refers (Special) to iusefp.o(.text) for __I$use$fp
    printfa.o(i.__0fprintf) refers to printfa.o(i._printf_core) for _printf_core
    printfa.o(i.__0fprintf) refers to uart.o(.text) for fputc
    printfa.o(i.__0printf) refers (Special) to iusefp.o(.text) for __I$use$fp
    printfa.o(i.__0printf) refers to printfa.o(i._printf_core) for _printf_core
    printfa.o(i.__0printf) refers to uart.o(.text) for fputc
    printfa.o(i.__0printf) refers to stdout.o(.data) for __stdout
    printfa.o(i.__0snprintf) refers (Special) to iusefp.o(.text) for __I$use$fp
    printfa.o(i.__0snprintf) refers to printfa.o(i._printf_core) for _printf_core
    printfa.o(i.__0snprintf) refers to printfa.o(i._snputc) for _snputc
    printfa.o(i.__0sprintf) refers (Special) to iusefp.o(.text) for __I$use$fp
    printfa.o(i.__0sprintf) refers to printfa.o(i._printf_core) for _printf_core
    printfa.o(i.__0sprintf) refers to printfa.o(i._sputc) for _sputc
    printfa.o(i.__0vfprintf) refers (Special) to iusefp.o(.text) for __I$use$fp
    printfa.o(i.__0vfprintf) refers to printfa.o(i._printf_core) for _printf_core
    printfa.o(i.__0vfprintf) refers to uart.o(.text) for fputc
    printfa.o(i.__0vprintf) refers (Special) to iusefp.o(.text) for __I$use$fp
    printfa.o(i.__0vprintf) refers to printfa.o(i._printf_core) for _printf_core
    printfa.o(i.__0vprintf) refers to uart.o(.text) for fputc
    printfa.o(i.__0vprintf) refers to stdout.o(.data) for __stdout
    printfa.o(i.__0vsnprintf) refers (Special) to iusefp.o(.text) for __I$use$fp
    printfa.o(i.__0vsnprintf) refers to printfa.o(i._printf_core) for _printf_core
    printfa.o(i.__0vsnprintf) refers to printfa.o(i._snputc) for _snputc
    printfa.o(i.__0vsprintf) refers (Special) to iusefp.o(.text) for __I$use$fp
    printfa.o(i.__0vsprintf) refers to printfa.o(i._printf_core) for _printf_core
    printfa.o(i.__0vsprintf) refers to printfa.o(i._sputc) for _sputc
    printfa.o(i._fp_digits) refers (Special) to iusefp.o(.text) for __I$use$fp
    printfa.o(i._fp_digits) refers to dmul.o(.text) for __aeabi_dmul
    printfa.o(i._fp_digits) refers to ddiv.o(.text) for __aeabi_ddiv
    printfa.o(i._fp_digits) refers to cdrcmple.o(.text) for __aeabi_cdrcmple
    printfa.o(i._fp_digits) refers to dadd.o(.text) for __aeabi_dadd
    printfa.o(i._fp_digits) refers to dfixul.o(.text) for __aeabi_d2ulz
    printfa.o(i._fp_digits) refers to uldiv.o(.text) for __aeabi_uldivmod
    printfa.o(i._printf_core) refers (Special) to iusefp.o(.text) for __I$use$fp
    printfa.o(i._printf_core) refers to printfa.o(i._printf_pre_padding) for _printf_pre_padding
    printfa.o(i._printf_core) refers to uldiv.o(.text) for __aeabi_uldivmod
    printfa.o(i._printf_core) refers to printfa.o(i._printf_post_padding) for _printf_post_padding
    printfa.o(i._printf_core) refers to printfa.o(i._fp_digits) for _fp_digits
    printfa.o(i._printf_core) refers to uidiv.o(.text) for __aeabi_uidivmod
    printfa.o(i._printf_post_padding) refers (Special) to iusefp.o(.text) for __I$use$fp
    printfa.o(i._printf_pre_padding) refers (Special) to iusefp.o(.text) for __I$use$fp
    printfa.o(i._snputc) refers (Special) to iusefp.o(.text) for __I$use$fp
    printfa.o(i._sputc) refers (Special) to iusefp.o(.text) for __I$use$fp
    fadd.o(.text) refers (Special) to iusefp.o(.text) for __I$use$fp
    fadd.o(.text) refers to fepilogue.o(.text) for _float_epilogue
    fmul.o(.text) refers (Special) to iusefp.o(.text) for __I$use$fp
    fdiv.o(.text) refers (Special) to iusefp.o(.text) for __I$use$fp
    fdiv.o(.text) refers to fepilogue.o(.text) for _float_round
    dadd.o(.text) refers (Special) to iusefp.o(.text) for __I$use$fp
    dadd.o(.text) refers to llshl.o(.text) for __aeabi_llsl
    dadd.o(.text) refers to llsshr.o(.text) for __aeabi_lasr
    dadd.o(.text) refers to depilogue.o(.text) for _double_epilogue
    dmul.o(.text) refers (Special) to iusefp.o(.text) for __I$use$fp
    dmul.o(.text) refers to depilogue.o(.text) for _double_epilogue
    ddiv.o(.text) refers (Special) to iusefp.o(.text) for __I$use$fp
    ddiv.o(.text) refers to depilogue.o(.text) for _double_round
    fflti.o(.text) refers (Special) to iusefp.o(.text) for __I$use$fp
    fflti.o(.text) refers to fepilogue.o(.text) for _float_epilogue
    ffltui.o(.text) refers (Special) to iusefp.o(.text) for __I$use$fp
    ffltui.o(.text) refers to fepilogue.o(.text) for _float_epilogue
    dflti.o(.text) refers (Special) to iusefp.o(.text) for __I$use$fp
    dflti.o(.text) refers to depilogue.o(.text) for _double_epilogue
    ffixi.o(.text) refers (Special) to iusefp.o(.text) for __I$use$fp
    ffixui.o(.text) refers (Special) to iusefp.o(.text) for __I$use$fp
    dfixi.o(.text) refers (Special) to iusefp.o(.text) for __I$use$fp
    dfixi.o(.text) refers to llushr.o(.text) for __aeabi_llsr
    f2d.o(.text) refers (Special) to iusefp.o(.text) for __I$use$fp
    d2f.o(.text) refers (Special) to iusefp.o(.text) for __I$use$fp
    d2f.o(.text) refers to fepilogue.o(.text) for _float_round
    cfcmple.o(.text) refers (Special) to iusefp.o(.text) for __I$use$fp
    cfrcmple.o(.text) refers (Special) to iusefp.o(.text) for __I$use$fp
    atan.o(i.__softfp_atan) refers (Special) to iusefp.o(.text) for __I$use$fp
    atan.o(i.__softfp_atan) refers to atan.o(i.atan) for atan
    atan.o(i.atan) refers (Special) to iusefp.o(.text) for __I$use$fp
    atan.o(i.atan) refers to dscalb.o(.text) for __ARM_scalbn
    atan.o(i.atan) refers to fpclassify.o(i.__ARM_fpclassify) for __ARM_fpclassify
    atan.o(i.atan) refers to dunder.o(i.__mathlib_dbl_underflow) for __mathlib_dbl_underflow
    atan.o(i.atan) refers to dadd.o(.text) for __aeabi_dadd
    atan.o(i.atan) refers to ddiv.o(.text) for __aeabi_ddiv
    atan.o(i.atan) refers to dmul.o(.text) for __aeabi_dmul
    atan.o(i.atan) refers to poly.o(i.__kernel_poly) for __kernel_poly
    atan.o(i.atan) refers to atan.o(.constdata) for .constdata
    atan.o(.constdata) refers (Special) to iusefp.o(.text) for __I$use$fp
    atan_x.o(i.____softfp_atan$lsc) refers (Special) to iusefp.o(.text) for __I$use$fp
    atan_x.o(i.____softfp_atan$lsc) refers to atan_x.o(i.__atan$lsc) for __atan$lsc
    atan_x.o(i.__atan$lsc) refers (Special) to iusefp.o(.text) for __I$use$fp
    atan_x.o(i.__atan$lsc) refers to dscalb.o(.text) for __ARM_scalbn
    atan_x.o(i.__atan$lsc) refers to dadd.o(.text) for __aeabi_dadd
    atan_x.o(i.__atan$lsc) refers to ddiv.o(.text) for __aeabi_ddiv
    atan_x.o(i.__atan$lsc) refers to dmul.o(.text) for __aeabi_dmul
    atan_x.o(i.__atan$lsc) refers to poly.o(i.__kernel_poly) for __kernel_poly
    atan_x.o(i.__atan$lsc) refers to atan_x.o(.constdata) for .constdata
    atan_x.o(.constdata) refers (Special) to iusefp.o(.text) for __I$use$fp
    cos_i.o(i.__kernel_cos) refers (Special) to iusefp.o(.text) for __I$use$fp
    cos_i.o(i.__kernel_cos) refers to dfixi.o(.text) for __aeabi_d2iz
    cos_i.o(i.__kernel_cos) refers to dmul.o(.text) for __aeabi_dmul
    cos_i.o(i.__kernel_cos) refers to poly.o(i.__kernel_poly) for __kernel_poly
    cos_i.o(i.__kernel_cos) refers to dadd.o(.text) for __aeabi_dsub
    cos_i.o(i.__kernel_cos) refers to dscalb.o(.text) for __ARM_scalbn
    cos_i.o(i.__kernel_cos) refers to cos_i.o(.constdata) for .constdata
    cos_i.o(.constdata) refers (Special) to iusefp.o(.text) for __I$use$fp
    dunder.o(i.__mathlib_dbl_underflow) refers to dscalb.o(.text) for __ARM_scalbn
    fpclassify.o(i.__ARM_fpclassify) refers (Special) to iusefp.o(.text) for __I$use$fp
    poly.o(i.__kernel_poly) refers (Special) to iusefp.o(.text) for __I$use$fp
    poly.o(i.__kernel_poly) refers to dmul.o(.text) for __aeabi_dmul
    poly.o(i.__kernel_poly) refers to dadd.o(.text) for __aeabi_dadd
    qnan.o(.constdata) refers (Special) to iusefp.o(.text) for __I$use$fp
    rred.o(i.__ieee754_rem_pio2) refers (Special) to iusefp.o(.text) for __I$use$fp
    rred.o(i.__ieee754_rem_pio2) refers to dadd.o(.text) for __aeabi_dsub
    rred.o(i.__ieee754_rem_pio2) refers to dmul.o(.text) for __aeabi_dmul
    rred.o(i.__ieee754_rem_pio2) refers to dfixi.o(.text) for __aeabi_d2iz
    rred.o(i.__ieee754_rem_pio2) refers to dflti.o(.text) for __aeabi_i2d
    rred.o(i.__ieee754_rem_pio2) refers to dfltui.o(.text) for __aeabi_ui2d
    rred.o(i.__ieee754_rem_pio2) refers to dscalb.o(.text) for __ARM_scalbn
    rred.o(i.__ieee754_rem_pio2) refers to rred.o(.constdata) for .constdata
    rred.o(i.__use_accurate_range_reduction) refers (Special) to iusefp.o(.text) for __I$use$fp
    rred.o(.constdata) refers (Special) to iusefp.o(.text) for __I$use$fp
    sin_i.o(i.__kernel_sin) refers (Special) to iusefp.o(.text) for __I$use$fp
    sin_i.o(i.__kernel_sin) refers to fpclassify.o(i.__ARM_fpclassify) for __ARM_fpclassify
    sin_i.o(i.__kernel_sin) refers to dunder.o(i.__mathlib_dbl_underflow) for __mathlib_dbl_underflow
    sin_i.o(i.__kernel_sin) refers to dmul.o(.text) for __aeabi_dmul
    sin_i.o(i.__kernel_sin) refers to poly.o(i.__kernel_poly) for __kernel_poly
    sin_i.o(i.__kernel_sin) refers to dscalb.o(.text) for __ARM_scalbn
    sin_i.o(i.__kernel_sin) refers to dadd.o(.text) for __aeabi_dsub
    sin_i.o(i.__kernel_sin) refers to sin_i.o(.constdata) for .constdata
    sin_i.o(.constdata) refers (Special) to iusefp.o(.text) for __I$use$fp
    sin_i_x.o(i.____kernel_sin$lsc) refers (Special) to iusefp.o(.text) for __I$use$fp
    sin_i_x.o(i.____kernel_sin$lsc) refers to dmul.o(.text) for __aeabi_dmul
    sin_i_x.o(i.____kernel_sin$lsc) refers to poly.o(i.__kernel_poly) for __kernel_poly
    sin_i_x.o(i.____kernel_sin$lsc) refers to dscalb.o(.text) for __ARM_scalbn
    sin_i_x.o(i.____kernel_sin$lsc) refers to dadd.o(.text) for __aeabi_dsub
    sin_i_x.o(i.____kernel_sin$lsc) refers to sin_i_x.o(.constdata) for .constdata
    sin_i_x.o(.constdata) refers (Special) to iusefp.o(.text) for __I$use$fp
    entry2.o(.ARM.Collect$$$$00000001) refers to entry2.o(.ARM.Collect$$$$00002712) for __lit__00000000
    entry2.o(.ARM.Collect$$$$00002712) refers to startup_stm32f10x_cl.o(STACK) for __initial_sp
    entry2.o(__vectab_stack_and_reset_area) refers to startup_stm32f10x_cl.o(STACK) for __initial_sp
    entry2.o(__vectab_stack_and_reset_area) refers to entry.o(.ARM.Collect$$$$00000000) for __main
    entry5.o(.ARM.Collect$$$$00000004) refers to init.o(.text) for __scatterload
    entry9a.o(.ARM.Collect$$$$0000000B) refers to main.o(.text) for main
    entry9b.o(.ARM.Collect$$$$0000000C) refers to main.o(.text) for main
    uldiv.o(.text) refers to llushr.o(.text) for __aeabi_llsr
    uldiv.o(.text) refers to llshl.o(.text) for __aeabi_llsl
    errno.o(i.__aeabi_errno_addr) refers to errno.o(.data) for .data
    errno.o(i.__read_errno) refers to errno.o(.data) for .data
    errno.o(i.__set_errno) refers to errno.o(.data) for .data
    depilogue.o(.text) refers to llshl.o(.text) for __aeabi_llsl
    depilogue.o(.text) refers to llushr.o(.text) for __aeabi_llsr
    dsqrt.o(.text) refers to llushr.o(.text) for __aeabi_llsr
    dsqrt.o(.text) refers to depilogue.o(.text) for _double_round
    dfixul.o(.text) refers to llushr.o(.text) for __aeabi_llsr
    dfixul.o(.text) refers to llshl.o(.text) for __aeabi_llsl
    init.o(.text) refers to entry5.o(.ARM.Collect$$$$00000004) for __main_after_scatterload
    dfltui.o(.text) refers to depilogue.o(.text) for _double_epilogue


==============================================================================

Removing Unused input sections from the image.

    Removing startup_stm32f10x_cl.o(HEAP), (512 bytes).
    Removing stm32f10x_adc.o(.text), (1102 bytes).
    Removing stm32f10x_bkp.o(.text), (196 bytes).
    Removing stm32f10x_can.o(.text), (2540 bytes).
    Removing stm32f10x_cec.o(.text), (288 bytes).
    Removing stm32f10x_crc.o(.text), (72 bytes).
    Removing stm32f10x_dac.o(.text), (396 bytes).
    Removing stm32f10x_dbgmcu.o(.text), (48 bytes).
    Removing stm32f10x_dma.o(.text), (592 bytes).
    Removing stm32f10x_exti.o(.text), (284 bytes).
    Removing stm32f10x_flash.o(.text), (1468 bytes).
    Removing stm32f10x_fsmc.o(.text), (1560 bytes).
    Removing stm32f10x_i2c.o(.text), (1028 bytes).
    Removing stm32f10x_iwdg.o(.text), (64 bytes).
    Removing stm32f10x_pwr.o(.text), (204 bytes).
    Removing stm32f10x_rtc.o(.text), (324 bytes).
    Removing stm32f10x_sdio.o(.text), (472 bytes).
    Removing stm32f10x_spi.o(.text), (780 bytes).
    Removing stm32f10x_tim.o(.text), (3610 bytes).
    Removing stm32f10x_wwdg.o(.text), (136 bytes).
    Removing core_cm3.o(.emb_text), (32 bytes).
    Removing cdcmple.o(.text), (40 bytes).

22 unused section(s) (total 15748 bytes) removed from the image.

==============================================================================

Image Symbol Table

    Local Symbols

    Symbol Name                              Value     Ov Type        Size  Object(Section)

    ../clib/microlib/division.c              0x00000000   Number         0  ldiv.o ABSOLUTE
    ../clib/microlib/division.c              0x00000000   Number         0  uidiv.o ABSOLUTE
    ../clib/microlib/division.c              0x00000000   Number         0  uldiv.o ABSOLUTE
    ../clib/microlib/errno.c                 0x00000000   Number         0  errno.o ABSOLUTE
    ../clib/microlib/init/entry.s            0x00000000   Number         0  entry8b.o ABSOLUTE
    ../clib/microlib/init/entry.s            0x00000000   Number         0  entry9b.o ABSOLUTE
    ../clib/microlib/init/entry.s            0x00000000   Number         0  entry.o ABSOLUTE
    ../clib/microlib/init/entry.s            0x00000000   Number         0  entry10a.o ABSOLUTE
    ../clib/microlib/init/entry.s            0x00000000   Number         0  entry8a.o ABSOLUTE
    ../clib/microlib/init/entry.s            0x00000000   Number         0  entry10b.o ABSOLUTE
    ../clib/microlib/init/entry.s            0x00000000   Number         0  entry7b.o ABSOLUTE
    ../clib/microlib/init/entry.s            0x00000000   Number         0  entry11a.o ABSOLUTE
    ../clib/microlib/init/entry.s            0x00000000   Number         0  entry7a.o ABSOLUTE
    ../clib/microlib/init/entry.s            0x00000000   Number         0  entry5.o ABSOLUTE
    ../clib/microlib/init/entry.s            0x00000000   Number         0  entry9a.o ABSOLUTE
    ../clib/microlib/init/entry.s            0x00000000   Number         0  entry11b.o ABSOLUTE
    ../clib/microlib/init/entry.s            0x00000000   Number         0  entry2.o ABSOLUTE
    ../clib/microlib/longlong.c              0x00000000   Number         0  llshl.o ABSOLUTE
    ../clib/microlib/longlong.c              0x00000000   Number         0  llushr.o ABSOLUTE
    ../clib/microlib/longlong.c              0x00000000   Number         0  llsshr.o ABSOLUTE
    ../clib/microlib/printf/printf.c         0x00000000   Number         0  printfa.o ABSOLUTE
    ../clib/microlib/printf/printf.c         0x00000000   Number         0  printf8.o ABSOLUTE
    ../clib/microlib/printf/printf.c         0x00000000   Number         0  printf7.o ABSOLUTE
    ../clib/microlib/printf/printf.c         0x00000000   Number         0  printf6.o ABSOLUTE
    ../clib/microlib/printf/printf.c         0x00000000   Number         0  printf5.o ABSOLUTE
    ../clib/microlib/printf/printf.c         0x00000000   Number         0  printf4.o ABSOLUTE
    ../clib/microlib/printf/printf.c         0x00000000   Number         0  printf3.o ABSOLUTE
    ../clib/microlib/printf/printf.c         0x00000000   Number         0  printf2.o ABSOLUTE
    ../clib/microlib/printf/printf.c         0x00000000   Number         0  printf1.o ABSOLUTE
    ../clib/microlib/printf/printf.c         0x00000000   Number         0  printf0.o ABSOLUTE
    ../clib/microlib/printf/printf.c         0x00000000   Number         0  printfb.o ABSOLUTE
    ../clib/microlib/printf/stubs.s          0x00000000   Number         0  stubs.o ABSOLUTE
    ../clib/microlib/stdio/streams.c         0x00000000   Number         0  stdout.o ABSOLUTE
    ../clib/microlib/string/memcmp.c         0x00000000   Number         0  memcmp.o ABSOLUTE
    ../clib/microlib/string/memset.c         0x00000000   Number         0  memseta.o ABSOLUTE
    ../clib/microlib/stubs.s                 0x00000000   Number         0  iusefp.o ABSOLUTE
    ../fplib/microlib/d2f.c                  0x00000000   Number         0  d2f.o ABSOLUTE
    ../fplib/microlib/f2d.c                  0x00000000   Number         0  f2d.o ABSOLUTE
    ../fplib/microlib/fpadd.c                0x00000000   Number         0  fadd.o ABSOLUTE
    ../fplib/microlib/fpadd.c                0x00000000   Number         0  dadd.o ABSOLUTE
    ../fplib/microlib/fpdiv.c                0x00000000   Number         0  fdiv.o ABSOLUTE
    ../fplib/microlib/fpdiv.c                0x00000000   Number         0  ddiv.o ABSOLUTE
    ../fplib/microlib/fpepilogue.c           0x00000000   Number         0  fepilogue.o ABSOLUTE
    ../fplib/microlib/fpepilogue.c           0x00000000   Number         0  depilogue.o ABSOLUTE
    ../fplib/microlib/fpfix.c                0x00000000   Number         0  dfixul.o ABSOLUTE
    ../fplib/microlib/fpfix.c                0x00000000   Number         0  ffixi.o ABSOLUTE
    ../fplib/microlib/fpfix.c                0x00000000   Number         0  ffixui.o ABSOLUTE
    ../fplib/microlib/fpfix.c                0x00000000   Number         0  dfixi.o ABSOLUTE
    ../fplib/microlib/fpflt.c                0x00000000   Number         0  dfltui.o ABSOLUTE
    ../fplib/microlib/fpflt.c                0x00000000   Number         0  ffltui.o ABSOLUTE
    ../fplib/microlib/fpflt.c                0x00000000   Number         0  fflti.o ABSOLUTE
    ../fplib/microlib/fpflt.c                0x00000000   Number         0  dflti.o ABSOLUTE
    ../fplib/microlib/fpmul.c                0x00000000   Number         0  dmul.o ABSOLUTE
    ../fplib/microlib/fpmul.c                0x00000000   Number         0  fmul.o ABSOLUTE
    ../fplib/microlib/fpscalb.c              0x00000000   Number         0  dscalb.o ABSOLUTE
    ../fplib/microlib/fpsqrt.c               0x00000000   Number         0  dsqrt.o ABSOLUTE
    ../mathlib/asin.c                        0x00000000   Number         0  asin.o ABSOLUTE
    ../mathlib/asin.c                        0x00000000   Number         0  asin_x.o ABSOLUTE
    ../mathlib/atan.c                        0x00000000   Number         0  atan_x.o ABSOLUTE
    ../mathlib/atan.c                        0x00000000   Number         0  atan.o ABSOLUTE
    ../mathlib/atan2.c                       0x00000000   Number         0  atan2.o ABSOLUTE
    ../mathlib/atan2.c                       0x00000000   Number         0  atan2_x.o ABSOLUTE
    ../mathlib/cos.c                         0x00000000   Number         0  cos.o ABSOLUTE
    ../mathlib/cos.c                         0x00000000   Number         0  cos_x.o ABSOLUTE
    ../mathlib/cos_i.c                       0x00000000   Number         0  cos_i.o ABSOLUTE
    ../mathlib/dunder.c                      0x00000000   Number         0  dunder.o ABSOLUTE
    ../mathlib/fpclassify.c                  0x00000000   Number         0  fpclassify.o ABSOLUTE
    ../mathlib/poly.c                        0x00000000   Number         0  poly.o ABSOLUTE
    ../mathlib/qnan.c                        0x00000000   Number         0  qnan.o ABSOLUTE
    ../mathlib/rred.c                        0x00000000   Number         0  rred.o ABSOLUTE
    ../mathlib/sin.c                         0x00000000   Number         0  sin_x.o ABSOLUTE
    ../mathlib/sin.c                         0x00000000   Number         0  sin.o ABSOLUTE
    ../mathlib/sin_i.c                       0x00000000   Number         0  sin_i_x.o ABSOLUTE
    ../mathlib/sin_i.c                       0x00000000   Number         0  sin_i.o ABSOLUTE
    ../mathlib/sqrt.c                        0x00000000   Number         0  sqrt.o ABSOLUTE
    ../mathlib/sqrt.c                        0x00000000   Number         0  sqrt_x.o ABSOLUTE
    ..\CMSIS\core_cm3.c                      0x00000000   Number         0  core_cm3.o ABSOLUTE
    ..\CMSIS\startup\arm\startup_stm32f10x_cl.s 0x00000000   Number         0  startup_stm32f10x_cl.o ABSOLUTE
    ..\CMSIS\system_stm32f10x.c              0x00000000   Number         0  system_stm32f10x.o ABSOLUTE
    ..\FWlib\src\misc.c                      0x00000000   Number         0  misc.o ABSOLUTE
    ..\FWlib\src\stm32f10x_adc.c             0x00000000   Number         0  stm32f10x_adc.o ABSOLUTE
    ..\FWlib\src\stm32f10x_bkp.c             0x00000000   Number         0  stm32f10x_bkp.o ABSOLUTE
    ..\FWlib\src\stm32f10x_can.c             0x00000000   Number         0  stm32f10x_can.o ABSOLUTE
    ..\FWlib\src\stm32f10x_cec.c             0x00000000   Number         0  stm32f10x_cec.o ABSOLUTE
    ..\FWlib\src\stm32f10x_crc.c             0x00000000   Number         0  stm32f10x_crc.o ABSOLUTE
    ..\FWlib\src\stm32f10x_dac.c             0x00000000   Number         0  stm32f10x_dac.o ABSOLUTE
    ..\FWlib\src\stm32f10x_dbgmcu.c          0x00000000   Number         0  stm32f10x_dbgmcu.o ABSOLUTE
    ..\FWlib\src\stm32f10x_dma.c             0x00000000   Number         0  stm32f10x_dma.o ABSOLUTE
    ..\FWlib\src\stm32f10x_exti.c            0x00000000   Number         0  stm32f10x_exti.o ABSOLUTE
    ..\FWlib\src\stm32f10x_flash.c           0x00000000   Number         0  stm32f10x_flash.o ABSOLUTE
    ..\FWlib\src\stm32f10x_fsmc.c            0x00000000   Number         0  stm32f10x_fsmc.o ABSOLUTE
    ..\FWlib\src\stm32f10x_gpio.c            0x00000000   Number         0  stm32f10x_gpio.o ABSOLUTE
    ..\FWlib\src\stm32f10x_i2c.c             0x00000000   Number         0  stm32f10x_i2c.o ABSOLUTE
    ..\FWlib\src\stm32f10x_iwdg.c            0x00000000   Number         0  stm32f10x_iwdg.o ABSOLUTE
    ..\FWlib\src\stm32f10x_pwr.c             0x00000000   Number         0  stm32f10x_pwr.o ABSOLUTE
    ..\FWlib\src\stm32f10x_rcc.c             0x00000000   Number         0  stm32f10x_rcc.o ABSOLUTE
    ..\FWlib\src\stm32f10x_rtc.c             0x00000000   Number         0  stm32f10x_rtc.o ABSOLUTE
    ..\FWlib\src\stm32f10x_sdio.c            0x00000000   Number         0  stm32f10x_sdio.o ABSOLUTE
    ..\FWlib\src\stm32f10x_spi.c             0x00000000   Number         0  stm32f10x_spi.o ABSOLUTE
    ..\FWlib\src\stm32f10x_tim.c             0x00000000   Number         0  stm32f10x_tim.o ABSOLUTE
    ..\FWlib\src\stm32f10x_usart.c           0x00000000   Number         0  stm32f10x_usart.o ABSOLUTE
    ..\FWlib\src\stm32f10x_wwdg.c            0x00000000   Number         0  stm32f10x_wwdg.o ABSOLUTE
    ..\\CMSIS\\core_cm3.c                    0x00000000   Number         0  core_cm3.o ABSOLUTE
    cdcmple.s                                0x00000000   Number         0  cdcmple.o ABSOLUTE
    cdrcmple.s                               0x00000000   Number         0  cdrcmple.o ABSOLUTE
    cfcmple.s                                0x00000000   Number         0  cfcmple.o ABSOLUTE
    cfrcmple.s                               0x00000000   Number         0  cfrcmple.o ABSOLUTE
    dc.s                                     0x00000000   Number         0  dc.o ABSOLUTE
    gpio_iic.c                               0x00000000   Number         0  gpio_iic.o ABSOLUTE
    handlers.s                               0x00000000   Number         0  handlers.o ABSOLUTE
    init.s                                   0x00000000   Number         0  init.o ABSOLUTE
    inv_mpu.c                                0x00000000   Number         0  inv_mpu.o ABSOLUTE
    inv_mpu_dmp_motion_driver.c              0x00000000   Number         0  inv_mpu_dmp_motion_driver.o ABSOLUTE
    main.c                                   0x00000000   Number         0  main.o ABSOLUTE
    mpu.c                                    0x00000000   Number         0  mpu.o ABSOLUTE
    stm32f10x_it.c                           0x00000000   Number         0  stm32f10x_it.o ABSOLUTE
    uart.c                                   0x00000000   Number         0  uart.o ABSOLUTE
    RESET                                    0x08000000   Section      336  startup_stm32f10x_cl.o(RESET)
    .ARM.Collect$$$$00000000                 0x08000150   Section        0  entry.o(.ARM.Collect$$$$00000000)
    .ARM.Collect$$$$00000001                 0x08000150   Section        4  entry2.o(.ARM.Collect$$$$00000001)
    .ARM.Collect$$$$00000004                 0x08000154   Section        4  entry5.o(.ARM.Collect$$$$00000004)
    .ARM.Collect$$$$00000008                 0x08000158   Section        0  entry7b.o(.ARM.Collect$$$$00000008)
    .ARM.Collect$$$$0000000A                 0x08000158   Section        0  entry8b.o(.ARM.Collect$$$$0000000A)
    .ARM.Collect$$$$0000000B                 0x08000158   Section        8  entry9a.o(.ARM.Collect$$$$0000000B)
    .ARM.Collect$$$$0000000D                 0x08000160   Section        0  entry10a.o(.ARM.Collect$$$$0000000D)
    .ARM.Collect$$$$0000000F                 0x08000160   Section        0  entry11a.o(.ARM.Collect$$$$0000000F)
    .ARM.Collect$$$$00002712                 0x08000160   Section        4  entry2.o(.ARM.Collect$$$$00002712)
    __lit__00000000                          0x08000160   Data           4  entry2.o(.ARM.Collect$$$$00002712)
    .text                                    0x08000164   Section       36  startup_stm32f10x_cl.o(.text)
    .text                                    0x08000188   Section        0  stm32f10x_it.o(.text)
    .text                                    0x080001a4   Section        0  main.o(.text)
    .text                                    0x08000448   Section        0  gpio_iic.o(.text)
    .text                                    0x080007f4   Section        0  inv_mpu.o(.text)
    set_int_enable                           0x080007f5   Thumb Code   138  inv_mpu.o(.text)
    setup_compass                            0x08000c7b   Thumb Code   570  inv_mpu.o(.text)
    get_st_biases                            0x08001ceb   Thumb Code  1132  inv_mpu.o(.text)
    .text                                    0x08002780   Section        0  inv_mpu_dmp_motion_driver.o(.text)
    decode_gesture                           0x08003235   Thumb Code    94  inv_mpu_dmp_motion_driver.o(.text)
    .text                                    0x080034e8   Section        0  uart.o(.text)
    .text                                    0x080035b4   Section        0  mpu.o(.text)
    .text                                    0x080052dc   Section        0  misc.o(.text)
    .text                                    0x080053b8   Section        0  stm32f10x_gpio.o(.text)
    .text                                    0x08005710   Section        0  stm32f10x_rcc.o(.text)
    .text                                    0x08005ab4   Section        0  stm32f10x_usart.o(.text)
    .text                                    0x08005ebc   Section        0  system_stm32f10x.o(.text)
    SetSysClockTo72                          0x08005ebd   Thumb Code   212  system_stm32f10x.o(.text)
    SetSysClock                              0x08005f91   Thumb Code     8  system_stm32f10x.o(.text)
    .text                                    0x08006098   Section        0  ldiv.o(.text)
    .text                                    0x080060f2   Section        0  memseta.o(.text)
    .text                                    0x08006116   Section        0  memcmp.o(.text)
    .text                                    0x08006130   Section        0  fadd.o(.text)
    .text                                    0x080061e0   Section        0  fmul.o(.text)
    .text                                    0x0800624c   Section        0  fdiv.o(.text)
    .text                                    0x080062cc   Section        0  dadd.o(.text)
    .text                                    0x0800641a   Section        0  dmul.o(.text)
    .text                                    0x080064fe   Section        0  ddiv.o(.text)
    .text                                    0x080065dc   Section        0  fflti.o(.text)
    .text                                    0x080065ee   Section        0  ffltui.o(.text)
    .text                                    0x080065f8   Section        0  dflti.o(.text)
    .text                                    0x0800661a   Section        0  ffixi.o(.text)
    .text                                    0x0800664c   Section        0  ffixui.o(.text)
    .text                                    0x08006674   Section        0  dfixi.o(.text)
    .text                                    0x080066b2   Section        0  f2d.o(.text)
    .text                                    0x080066d8   Section        0  d2f.o(.text)
    .text                                    0x08006710   Section       20  cfcmple.o(.text)
    .text                                    0x08006724   Section       20  cfrcmple.o(.text)
    .text                                    0x08006738   Section        0  uidiv.o(.text)
    .text                                    0x08006764   Section        0  uldiv.o(.text)
    .text                                    0x080067c6   Section        0  llshl.o(.text)
    .text                                    0x080067e4   Section        0  llushr.o(.text)
    .text                                    0x08006804   Section        0  llsshr.o(.text)
    .text                                    0x08006828   Section        0  iusefp.o(.text)
    .text                                    0x08006828   Section        0  fepilogue.o(.text)
    .text                                    0x08006894   Section        0  depilogue.o(.text)
    .text                                    0x08006952   Section        0  dscalb.o(.text)
    .text                                    0x08006980   Section        0  dsqrt.o(.text)
    .text                                    0x08006a22   Section        0  dfixul.o(.text)
    .text                                    0x08006a54   Section       40  cdrcmple.o(.text)
    .text                                    0x08006a7c   Section       36  init.o(.text)
    .text                                    0x08006aa0   Section        0  dfltui.o(.text)
    i.__0printf                              0x08006abc   Section        0  printfa.o(i.__0printf)
    i.__ARM_fpclassify                       0x08006adc   Section        0  fpclassify.o(i.__ARM_fpclassify)
    i.__ieee754_rem_pio2                     0x08006b04   Section        0  rred.o(i.__ieee754_rem_pio2)
    i.__kernel_cos                           0x08006e8c   Section        0  cos_i.o(i.__kernel_cos)
    i.__kernel_poly                          0x08006f88   Section        0  poly.o(i.__kernel_poly)
    i.__kernel_sin                           0x08007034   Section        0  sin_i.o(i.__kernel_sin)
    i.__mathlib_dbl_underflow                0x08007120   Section        0  dunder.o(i.__mathlib_dbl_underflow)
    i.__scatterload_copy                     0x08007130   Section       14  handlers.o(i.__scatterload_copy)
    i.__scatterload_null                     0x0800713e   Section        2  handlers.o(i.__scatterload_null)
    i.__scatterload_zeroinit                 0x08007140   Section       14  handlers.o(i.__scatterload_zeroinit)
    i.__set_errno                            0x08007150   Section        0  errno.o(i.__set_errno)
    i._fp_digits                             0x0800715c   Section        0  printfa.o(i._fp_digits)
    _fp_digits                               0x0800715d   Thumb Code   326  printfa.o(i._fp_digits)
    i._printf_core                           0x080072b8   Section        0  printfa.o(i._printf_core)
    _printf_core                             0x080072b9   Thumb Code  1762  printfa.o(i._printf_core)
    i._printf_post_padding                   0x080079a8   Section        0  printfa.o(i._printf_post_padding)
    _printf_post_padding                     0x080079a9   Thumb Code    38  printfa.o(i._printf_post_padding)
    i._printf_pre_padding                    0x080079ce   Section        0  printfa.o(i._printf_pre_padding)
    _printf_pre_padding                      0x080079cf   Thumb Code    48  printfa.o(i._printf_pre_padding)
    i.asin                                   0x08007a00   Section        0  asin.o(i.asin)
    i.atan                                   0x08007c7c   Section        0  atan.o(i.atan)
    i.atan2                                  0x08007ea0   Section        0  atan2.o(i.atan2)
    i.cos                                    0x08008020   Section        0  cos.o(i.cos)
    i.sin                                    0x080080cc   Section        0  sin.o(i.sin)
    i.sqrt                                   0x0800817c   Section        0  sqrt.o(i.sqrt)
    .constdata                               0x080081c8   Section       96  inv_mpu.o(.constdata)
    .constdata                               0x08008228   Section     3062  inv_mpu_dmp_motion_driver.o(.constdata)
    dmp_memory                               0x08008228   Data        3062  inv_mpu_dmp_motion_driver.o(.constdata)
    .constdata                               0x08008e20   Section       83  mpu.o(.constdata)
    .constdata                               0x08008e78   Section       80  asin.o(.constdata)
    pS                                       0x08008e78   Data          48  asin.o(.constdata)
    qS                                       0x08008ea8   Data          32  asin.o(.constdata)
    .constdata                               0x08008ec8   Section      152  atan.o(.constdata)
    atanhi                                   0x08008ec8   Data          32  atan.o(.constdata)
    atanlo                                   0x08008ee8   Data          32  atan.o(.constdata)
    aTodd                                    0x08008f08   Data          40  atan.o(.constdata)
    aTeven                                   0x08008f30   Data          48  atan.o(.constdata)
    .constdata                               0x08008f60   Section       48  cos_i.o(.constdata)
    C                                        0x08008f60   Data          48  cos_i.o(.constdata)
    .constdata                               0x08008f90   Section        8  qnan.o(.constdata)
    .constdata                               0x08008f98   Section      200  rred.o(.constdata)
    pio2s                                    0x08008f98   Data          48  rred.o(.constdata)
    twooverpi                                0x08008fc8   Data         152  rred.o(.constdata)
    .constdata                               0x08009060   Section       40  sin_i.o(.constdata)
    S                                        0x08009060   Data          40  sin_i.o(.constdata)
    .data                                    0x20000000   Section       56  inv_mpu.o(.data)
    st                                       0x20000000   Data          56  inv_mpu.o(.data)
    .data                                    0x20000038   Section       46  mpu.o(.data)
    .data                                    0x20000066   Section       20  stm32f10x_rcc.o(.data)
    APBAHBPrescTable                         0x20000066   Data          16  stm32f10x_rcc.o(.data)
    ADCPrescTable                            0x20000076   Data           4  stm32f10x_rcc.o(.data)
    .data                                    0x2000007c   Section       20  system_stm32f10x.o(.data)
    .data                                    0x20000090   Section        4  stdout.o(.data)
    .data                                    0x20000094   Section        4  errno.o(.data)
    _errno                                   0x20000094   Data           4  errno.o(.data)
    .bss                                     0x20000098   Section       16  inv_mpu_dmp_motion_driver.o(.bss)
    dmp                                      0x20000098   Data          16  inv_mpu_dmp_motion_driver.o(.bss)
    STACK                                    0x200000a8   Section     1024  startup_stm32f10x_cl.o(STACK)

    Global Symbols

    Symbol Name                              Value     Ov Type        Size  Object(Section)

    BuildAttributes$$THM_ISAv4$P$D$K$B$S$PE$A:L22UL41UL21$X:L11$S22US41US21$IEEE1$IW$USESV6$~STKCKD$USESV7$~SHL$OTIME$ROPI$IEEEX$EBA8$MICROLIB$REQ8$PRES8$EABIv2 0x00000000   Number         0  anon$$obj.o ABSOLUTE
    __ARM_use_no_argv                        0x00000000   Number         0  main.o ABSOLUTE
    _printf_a                                0x00000000   Number         0  stubs.o ABSOLUTE
    _printf_c                                0x00000000   Number         0  stubs.o ABSOLUTE
    _printf_charcount                        0x00000000   Number         0  stubs.o ABSOLUTE
    _printf_d                                0x00000000   Number         0  stubs.o ABSOLUTE
    _printf_e                                0x00000000   Number         0  stubs.o ABSOLUTE
    _printf_f                                0x00000000   Number         0  stubs.o ABSOLUTE
    _printf_flags                            0x00000000   Number         0  stubs.o ABSOLUTE
    _printf_fp_dec                           0x00000000   Number         0  stubs.o ABSOLUTE
    _printf_fp_hex                           0x00000000   Number         0  stubs.o ABSOLUTE
    _printf_g                                0x00000000   Number         0  stubs.o ABSOLUTE
    _printf_i                                0x00000000   Number         0  stubs.o ABSOLUTE
    _printf_int_dec                          0x00000000   Number         0  stubs.o ABSOLUTE
    _printf_l                                0x00000000   Number         0  stubs.o ABSOLUTE
    _printf_lc                               0x00000000   Number         0  stubs.o ABSOLUTE
    _printf_ll                               0x00000000   Number         0  stubs.o ABSOLUTE
    _printf_lld                              0x00000000   Number         0  stubs.o ABSOLUTE
    _printf_lli                              0x00000000   Number         0  stubs.o ABSOLUTE
    _printf_llo                              0x00000000   Number         0  stubs.o ABSOLUTE
    _printf_llu                              0x00000000   Number         0  stubs.o ABSOLUTE
    _printf_llx                              0x00000000   Number         0  stubs.o ABSOLUTE
    _printf_longlong_dec                     0x00000000   Number         0  stubs.o ABSOLUTE
    _printf_longlong_hex                     0x00000000   Number         0  stubs.o ABSOLUTE
    _printf_longlong_oct                     0x00000000   Number         0  stubs.o ABSOLUTE
    _printf_ls                               0x00000000   Number         0  stubs.o ABSOLUTE
    _printf_mbtowc                           0x00000000   Number         0  stubs.o ABSOLUTE
    _printf_n                                0x00000000   Number         0  stubs.o ABSOLUTE
    _printf_o                                0x00000000   Number         0  stubs.o ABSOLUTE
    _printf_p                                0x00000000   Number         0  stubs.o ABSOLUTE
    _printf_percent                          0x00000000   Number         0  stubs.o ABSOLUTE
    _printf_pre_padding                      0x00000000   Number         0  stubs.o ABSOLUTE
    _printf_return_value                     0x00000000   Number         0  stubs.o ABSOLUTE
    _printf_s                                0x00000000   Number         0  stubs.o ABSOLUTE
    _printf_sizespec                         0x00000000   Number         0  stubs.o ABSOLUTE
    _printf_str                              0x00000000   Number         0  stubs.o ABSOLUTE
    _printf_truncate_signed                  0x00000000   Number         0  stubs.o ABSOLUTE
    _printf_truncate_unsigned                0x00000000   Number         0  stubs.o ABSOLUTE
    _printf_u                                0x00000000   Number         0  stubs.o ABSOLUTE
    _printf_wc                               0x00000000   Number         0  stubs.o ABSOLUTE
    _printf_wctomb                           0x00000000   Number         0  stubs.o ABSOLUTE
    _printf_widthprec                        0x00000000   Number         0  stubs.o ABSOLUTE
    _printf_x                                0x00000000   Number         0  stubs.o ABSOLUTE
    __cpp_initialize__aeabi_                  - Undefined Weak Reference
    __cxa_finalize                            - Undefined Weak Reference
    __decompress                              - Undefined Weak Reference
    _clock_init                               - Undefined Weak Reference
    _microlib_exit                            - Undefined Weak Reference
    __Vectors_Size                           0x00000150   Number         0  startup_stm32f10x_cl.o ABSOLUTE
    __Vectors                                0x08000000   Data           4  startup_stm32f10x_cl.o(RESET)
    __Vectors_End                            0x08000150   Data           0  startup_stm32f10x_cl.o(RESET)
    __main                                   0x08000151   Thumb Code     0  entry.o(.ARM.Collect$$$$00000000)
    _main_stk                                0x08000151   Thumb Code     0  entry2.o(.ARM.Collect$$$$00000001)
    _main_scatterload                        0x08000155   Thumb Code     0  entry5.o(.ARM.Collect$$$$00000004)
    __main_after_scatterload                 0x08000159   Thumb Code     0  entry5.o(.ARM.Collect$$$$00000004)
    _main_clock                              0x08000159   Thumb Code     0  entry7b.o(.ARM.Collect$$$$00000008)
    _main_cpp_init                           0x08000159   Thumb Code     0  entry8b.o(.ARM.Collect$$$$0000000A)
    _main_init                               0x08000159   Thumb Code     0  entry9a.o(.ARM.Collect$$$$0000000B)
    __rt_final_cpp                           0x08000161   Thumb Code     0  entry10a.o(.ARM.Collect$$$$0000000D)
    __rt_final_exit                          0x08000161   Thumb Code     0  entry11a.o(.ARM.Collect$$$$0000000F)
    Reset_Handler                            0x08000165   Thumb Code     8  startup_stm32f10x_cl.o(.text)
    ADC1_2_IRQHandler                        0x0800017f   Thumb Code     0  startup_stm32f10x_cl.o(.text)
    CAN1_RX0_IRQHandler                      0x0800017f   Thumb Code     0  startup_stm32f10x_cl.o(.text)
    CAN1_RX1_IRQHandler                      0x0800017f   Thumb Code     0  startup_stm32f10x_cl.o(.text)
    CAN1_SCE_IRQHandler                      0x0800017f   Thumb Code     0  startup_stm32f10x_cl.o(.text)
    CAN1_TX_IRQHandler                       0x0800017f   Thumb Code     0  startup_stm32f10x_cl.o(.text)
    CAN2_RX0_IRQHandler                      0x0800017f   Thumb Code     0  startup_stm32f10x_cl.o(.text)
    CAN2_RX1_IRQHandler                      0x0800017f   Thumb Code     0  startup_stm32f10x_cl.o(.text)
    CAN2_SCE_IRQHandler                      0x0800017f   Thumb Code     0  startup_stm32f10x_cl.o(.text)
    CAN2_TX_IRQHandler                       0x0800017f   Thumb Code     0  startup_stm32f10x_cl.o(.text)
    DMA1_Channel1_IRQHandler                 0x0800017f   Thumb Code     0  startup_stm32f10x_cl.o(.text)
    DMA1_Channel2_IRQHandler                 0x0800017f   Thumb Code     0  startup_stm32f10x_cl.o(.text)
    DMA1_Channel3_IRQHandler                 0x0800017f   Thumb Code     0  startup_stm32f10x_cl.o(.text)
    DMA1_Channel4_IRQHandler                 0x0800017f   Thumb Code     0  startup_stm32f10x_cl.o(.text)
    DMA1_Channel5_IRQHandler                 0x0800017f   Thumb Code     0  startup_stm32f10x_cl.o(.text)
    DMA1_Channel6_IRQHandler                 0x0800017f   Thumb Code     0  startup_stm32f10x_cl.o(.text)
    DMA1_Channel7_IRQHandler                 0x0800017f   Thumb Code     0  startup_stm32f10x_cl.o(.text)
    DMA2_Channel1_IRQHandler                 0x0800017f   Thumb Code     0  startup_stm32f10x_cl.o(.text)
    DMA2_Channel2_IRQHandler                 0x0800017f   Thumb Code     0  startup_stm32f10x_cl.o(.text)
    DMA2_Channel3_IRQHandler                 0x0800017f   Thumb Code     0  startup_stm32f10x_cl.o(.text)
    DMA2_Channel4_IRQHandler                 0x0800017f   Thumb Code     0  startup_stm32f10x_cl.o(.text)
    DMA2_Channel5_IRQHandler                 0x0800017f   Thumb Code     0  startup_stm32f10x_cl.o(.text)
    ETH_IRQHandler                           0x0800017f   Thumb Code     0  startup_stm32f10x_cl.o(.text)
    ETH_WKUP_IRQHandler                      0x0800017f   Thumb Code     0  startup_stm32f10x_cl.o(.text)
    EXTI0_IRQHandler                         0x0800017f   Thumb Code     0  startup_stm32f10x_cl.o(.text)
    EXTI15_10_IRQHandler                     0x0800017f   Thumb Code     0  startup_stm32f10x_cl.o(.text)
    EXTI2_IRQHandler                         0x0800017f   Thumb Code     0  startup_stm32f10x_cl.o(.text)
    EXTI3_IRQHandler                         0x0800017f   Thumb Code     0  startup_stm32f10x_cl.o(.text)
    EXTI4_IRQHandler                         0x0800017f   Thumb Code     0  startup_stm32f10x_cl.o(.text)
    EXTI9_5_IRQHandler                       0x0800017f   Thumb Code     0  startup_stm32f10x_cl.o(.text)
    FLASH_IRQHandler                         0x0800017f   Thumb Code     0  startup_stm32f10x_cl.o(.text)
    I2C1_ER_IRQHandler                       0x0800017f   Thumb Code     0  startup_stm32f10x_cl.o(.text)
    I2C1_EV_IRQHandler                       0x0800017f   Thumb Code     0  startup_stm32f10x_cl.o(.text)
    I2C2_ER_IRQHandler                       0x0800017f   Thumb Code     0  startup_stm32f10x_cl.o(.text)
    I2C2_EV_IRQHandler                       0x0800017f   Thumb Code     0  startup_stm32f10x_cl.o(.text)
    OTG_FS_IRQHandler                        0x0800017f   Thumb Code     0  startup_stm32f10x_cl.o(.text)
    OTG_FS_WKUP_IRQHandler                   0x0800017f   Thumb Code     0  startup_stm32f10x_cl.o(.text)
    PVD_IRQHandler                           0x0800017f   Thumb Code     0  startup_stm32f10x_cl.o(.text)
    RCC_IRQHandler                           0x0800017f   Thumb Code     0  startup_stm32f10x_cl.o(.text)
    RTCAlarm_IRQHandler                      0x0800017f   Thumb Code     0  startup_stm32f10x_cl.o(.text)
    RTC_IRQHandler                           0x0800017f   Thumb Code     0  startup_stm32f10x_cl.o(.text)
    SPI1_IRQHandler                          0x0800017f   Thumb Code     0  startup_stm32f10x_cl.o(.text)
    SPI2_IRQHandler                          0x0800017f   Thumb Code     0  startup_stm32f10x_cl.o(.text)
    SPI3_IRQHandler                          0x0800017f   Thumb Code     0  startup_stm32f10x_cl.o(.text)
    TAMPER_IRQHandler                        0x0800017f   Thumb Code     0  startup_stm32f10x_cl.o(.text)
    TIM1_BRK_IRQHandler                      0x0800017f   Thumb Code     0  startup_stm32f10x_cl.o(.text)
    TIM1_CC_IRQHandler                       0x0800017f   Thumb Code     0  startup_stm32f10x_cl.o(.text)
    TIM1_TRG_COM_IRQHandler                  0x0800017f   Thumb Code     0  startup_stm32f10x_cl.o(.text)
    TIM1_UP_IRQHandler                       0x0800017f   Thumb Code     0  startup_stm32f10x_cl.o(.text)
    TIM2_IRQHandler                          0x0800017f   Thumb Code     0  startup_stm32f10x_cl.o(.text)
    TIM3_IRQHandler                          0x0800017f   Thumb Code     0  startup_stm32f10x_cl.o(.text)
    TIM4_IRQHandler                          0x0800017f   Thumb Code     0  startup_stm32f10x_cl.o(.text)
    TIM5_IRQHandler                          0x0800017f   Thumb Code     0  startup_stm32f10x_cl.o(.text)
    TIM6_IRQHandler                          0x0800017f   Thumb Code     0  startup_stm32f10x_cl.o(.text)
    TIM7_IRQHandler                          0x0800017f   Thumb Code     0  startup_stm32f10x_cl.o(.text)
    UART4_IRQHandler                         0x0800017f   Thumb Code     0  startup_stm32f10x_cl.o(.text)
    UART5_IRQHandler                         0x0800017f   Thumb Code     0  startup_stm32f10x_cl.o(.text)
    USART1_IRQHandler                        0x0800017f   Thumb Code     0  startup_stm32f10x_cl.o(.text)
    USART2_IRQHandler                        0x0800017f   Thumb Code     0  startup_stm32f10x_cl.o(.text)
    USART3_IRQHandler                        0x0800017f   Thumb Code     0  startup_stm32f10x_cl.o(.text)
    WWDG_IRQHandler                          0x0800017f   Thumb Code     0  startup_stm32f10x_cl.o(.text)
    NMI_Handler                              0x08000189   Thumb Code     2  stm32f10x_it.o(.text)
    HardFault_Handler                        0x0800018b   Thumb Code     4  stm32f10x_it.o(.text)
    MemManage_Handler                        0x0800018f   Thumb Code     4  stm32f10x_it.o(.text)
    BusFault_Handler                         0x08000193   Thumb Code     4  stm32f10x_it.o(.text)
    UsageFault_Handler                       0x08000197   Thumb Code     4  stm32f10x_it.o(.text)
    SVC_Handler                              0x0800019b   Thumb Code     2  stm32f10x_it.o(.text)
    DebugMon_Handler                         0x0800019d   Thumb Code     2  stm32f10x_it.o(.text)
    PendSV_Handler                           0x0800019f   Thumb Code     2  stm32f10x_it.o(.text)
    SysTick_Handler                          0x080001a1   Thumb Code     2  stm32f10x_it.o(.text)
    EXTI1_IRQHandler                         0x080001a3   Thumb Code     2  stm32f10x_it.o(.text)
    main                                     0x080001a5   Thumb Code   566  main.o(.text)
    GPIO_IIC_config                          0x08000449   Thumb Code    38  gpio_iic.o(.text)
    delay_5us                                0x0800046f   Thumb Code    24  gpio_iic.o(.text)
    delay_ms                                 0x08000487   Thumb Code    24  gpio_iic.o(.text)
    iic_start                                0x0800049f   Thumb Code    60  gpio_iic.o(.text)
    iic_stop                                 0x080004db   Thumb Code    60  gpio_iic.o(.text)
    iic_recive_ack                           0x08000517   Thumb Code    60  gpio_iic.o(.text)
    iic_send_ack                             0x08000553   Thumb Code    76  gpio_iic.o(.text)
    iic_write_byte                           0x0800059f   Thumb Code   106  gpio_iic.o(.text)
    iic_recive_byte                          0x08000609   Thumb Code    88  gpio_iic.o(.text)
    Write_Byte                               0x08000661   Thumb Code    36  gpio_iic.o(.text)
    Read_Byte                                0x08000685   Thumb Code    54  gpio_iic.o(.text)
    Read_ByteBuffer                          0x080006bb   Thumb Code    86  gpio_iic.o(.text)
    Sensors_I2C_WriteRegister                0x08000711   Thumb Code    64  gpio_iic.o(.text)
    Sensors_I2C_ReadRegister                 0x08000751   Thumb Code   156  gpio_iic.o(.text)
    mpu_reg_dump                             0x0800087f   Thumb Code    72  inv_mpu.o(.text)
    mpu_read_reg                             0x080008c7   Thumb Code    66  inv_mpu.o(.text)
    mpu_set_int_latched                      0x08000909   Thumb Code   102  inv_mpu.o(.text)
    mpu_set_sensors                          0x0800096f   Thumb Code   354  inv_mpu.o(.text)
    mpu_set_compass_sample_rate              0x08000ad1   Thumb Code    92  inv_mpu.o(.text)
    mpu_set_bypass                           0x08000b2d   Thumb Code   334  inv_mpu.o(.text)
    mpu_reset_fifo                           0x08000eb5   Thumb Code   474  inv_mpu.o(.text)
    mpu_configure_fifo                       0x0800108f   Thumb Code   106  inv_mpu.o(.text)
    mpu_set_lpf                              0x080010f9   Thumb Code   126  inv_mpu.o(.text)
    mpu_lp_accel_mode                        0x08001177   Thumb Code   280  inv_mpu.o(.text)
    mpu_set_sample_rate                      0x0800128f   Thumb Code   174  inv_mpu.o(.text)
    mpu_set_accel_fsr                        0x0800133d   Thumb Code   126  inv_mpu.o(.text)
    mpu_set_gyro_fsr                         0x080013bb   Thumb Code   138  inv_mpu.o(.text)
    mpu_init                                 0x08001445   Thumb Code   286  inv_mpu.o(.text)
    mpu_get_gyro_reg                         0x08001563   Thumb Code   102  inv_mpu.o(.text)
    mpu_get_accel_reg                        0x080015c9   Thumb Code   102  inv_mpu.o(.text)
    mpu_get_temperature                      0x0800162f   Thumb Code   140  inv_mpu.o(.text)
    mpu_set_accel_bias                       0x080016bb   Thumb Code   390  inv_mpu.o(.text)
    mpu_get_gyro_fsr                         0x08001841   Thumb Code    64  inv_mpu.o(.text)
    mpu_get_accel_fsr                        0x08001881   Thumb Code    72  inv_mpu.o(.text)
    mpu_get_lpf                              0x080018c9   Thumb Code    74  inv_mpu.o(.text)
    mpu_get_sample_rate                      0x08001913   Thumb Code    26  inv_mpu.o(.text)
    mpu_get_compass_sample_rate              0x0800192d   Thumb Code    12  inv_mpu.o(.text)
    mpu_get_gyro_sens                        0x08001939   Thumb Code    58  inv_mpu.o(.text)
    mpu_get_accel_sens                       0x08001973   Thumb Code    78  inv_mpu.o(.text)
    mpu_get_fifo_config                      0x080019c1   Thumb Code    12  inv_mpu.o(.text)
    mpu_get_power_state                      0x080019cd   Thumb Code    22  inv_mpu.o(.text)
    mpu_get_int_status                       0x080019e3   Thumb Code    64  inv_mpu.o(.text)
    mpu_read_fifo                            0x08001a23   Thumb Code   514  inv_mpu.o(.text)
    mpu_read_fifo_stream                     0x08001c25   Thumb Code   186  inv_mpu.o(.text)
    mpu_set_int_level                        0x08001cdf   Thumb Code    12  inv_mpu.o(.text)
    mpu_set_dmp_state                        0x08002157   Thumb Code   138  inv_mpu.o(.text)
    mpu_run_self_test                        0x080021e1   Thumb Code   168  inv_mpu.o(.text)
    mpu_write_mem                            0x08002289   Thumb Code   122  inv_mpu.o(.text)
    mpu_read_mem                             0x08002303   Thumb Code   122  inv_mpu.o(.text)
    mpu_load_firmware                        0x0800237d   Thumb Code   188  inv_mpu.o(.text)
    mpu_get_dmp_state                        0x08002439   Thumb Code    14  inv_mpu.o(.text)
    mpu_get_compass_reg                      0x08002447   Thumb Code   200  inv_mpu.o(.text)
    mpu_get_compass_fsr                      0x0800250f   Thumb Code    14  inv_mpu.o(.text)
    mpu_lp_motion_interrupt                  0x0800251d   Thumb Code   606  inv_mpu.o(.text)
    dmp_load_motion_driver_firmware          0x08002781   Thumb Code    20  inv_mpu_dmp_motion_driver.o(.text)
    dmp_set_orientation                      0x08002795   Thumb Code   290  inv_mpu_dmp_motion_driver.o(.text)
    dmp_set_gyro_bias                        0x080028b7   Thumb Code   294  inv_mpu_dmp_motion_driver.o(.text)
    dmp_set_accel_bias                       0x080029dd   Thumb Code   300  inv_mpu_dmp_motion_driver.o(.text)
    dmp_set_fifo_rate                        0x08002b09   Thumb Code   136  inv_mpu_dmp_motion_driver.o(.text)
    dmp_get_fifo_rate                        0x08002b91   Thumb Code    12  inv_mpu_dmp_motion_driver.o(.text)
    dmp_set_tap_thresh                       0x08002b9d   Thumb Code   396  inv_mpu_dmp_motion_driver.o(.text)
    dmp_set_tap_axes                         0x08002d29   Thumb Code    70  inv_mpu_dmp_motion_driver.o(.text)
    dmp_set_tap_count                        0x08002d6f   Thumb Code    38  inv_mpu_dmp_motion_driver.o(.text)
    dmp_set_tap_time                         0x08002d95   Thumb Code    38  inv_mpu_dmp_motion_driver.o(.text)
    dmp_set_tap_time_multi                   0x08002dbb   Thumb Code    38  inv_mpu_dmp_motion_driver.o(.text)
    dmp_set_shake_reject_thresh              0x08002de1   Thumb Code    56  inv_mpu_dmp_motion_driver.o(.text)
    dmp_set_shake_reject_time                0x08002e19   Thumb Code    38  inv_mpu_dmp_motion_driver.o(.text)
    dmp_set_shake_reject_timeout             0x08002e3f   Thumb Code    38  inv_mpu_dmp_motion_driver.o(.text)
    dmp_get_pedometer_step_count             0x08002e65   Thumb Code    66  inv_mpu_dmp_motion_driver.o(.text)
    dmp_set_pedometer_step_count             0x08002ea7   Thumb Code    42  inv_mpu_dmp_motion_driver.o(.text)
    dmp_get_pedometer_walk_time              0x08002ed1   Thumb Code    72  inv_mpu_dmp_motion_driver.o(.text)
    dmp_set_pedometer_walk_time              0x08002f19   Thumb Code    48  inv_mpu_dmp_motion_driver.o(.text)
    dmp_enable_6x_lp_quat                    0x08002f49   Thumb Code    84  inv_mpu_dmp_motion_driver.o(.text)
    dmp_enable_lp_quat                       0x08002f9d   Thumb Code    60  inv_mpu_dmp_motion_driver.o(.text)
    dmp_enable_gyro_cal                      0x08002fd9   Thumb Code    62  inv_mpu_dmp_motion_driver.o(.text)
    dmp_enable_feature                       0x08003017   Thumb Code   530  inv_mpu_dmp_motion_driver.o(.text)
    dmp_get_enabled_features                 0x08003229   Thumb Code    12  inv_mpu_dmp_motion_driver.o(.text)
    dmp_set_interrupt_mode                   0x08003293   Thumb Code    66  inv_mpu_dmp_motion_driver.o(.text)
    dmp_read_fifo                            0x080032d5   Thumb Code   506  inv_mpu_dmp_motion_driver.o(.text)
    dmp_register_tap_cb                      0x080034cf   Thumb Code    10  inv_mpu_dmp_motion_driver.o(.text)
    dmp_register_android_orient_cb           0x080034d9   Thumb Code    10  inv_mpu_dmp_motion_driver.o(.text)
    UART_config                              0x080034e9   Thumb Code   126  uart.o(.text)
    NVIC_config                              0x08003567   Thumb Code    40  uart.o(.text)
    fputc                                    0x0800358f   Thumb Code    30  uart.o(.text)
    MPU_9250_Init                            0x080035b5   Thumb Code   208  mpu.o(.text)
    Read_Accl_Gyro                           0x08003685   Thumb Code   124  mpu.o(.text)
    Read_Mag                                 0x08003701   Thumb Code   346  mpu.o(.text)
    MPU_9250_Raw                             0x0800385b   Thumb Code   814  mpu.o(.text)
    AHRSupdate_m                             0x08003b89   Thumb Code  2714  mpu.o(.text)
    AHRSupdate                               0x08004623   Thumb Code  1510  mpu.o(.text)
    MPU_DMP_Init                             0x08004c09   Thumb Code   240  mpu.o(.text)
    Read_DMP                                 0x08004cf9   Thumb Code   582  mpu.o(.text)
    HMC5883L_Init                            0x08004f3f   Thumb Code    76  mpu.o(.text)
    Read_HMC                                 0x08004f8b   Thumb Code   458  mpu.o(.text)
    AdjustMag                                0x08005155   Thumb Code   310  mpu.o(.text)
    NVIC_PriorityGroupConfig                 0x080052dd   Thumb Code    10  misc.o(.text)
    NVIC_Init                                0x080052e7   Thumb Code   102  misc.o(.text)
    NVIC_SetVectorTable                      0x0800534d   Thumb Code    14  misc.o(.text)
    NVIC_SystemLPConfig                      0x0800535b   Thumb Code    34  misc.o(.text)
    SysTick_CLKSourceConfig                  0x0800537d   Thumb Code    40  misc.o(.text)
    GPIO_DeInit                              0x080053b9   Thumb Code   172  stm32f10x_gpio.o(.text)
    GPIO_AFIODeInit                          0x08005465   Thumb Code    20  stm32f10x_gpio.o(.text)
    GPIO_Init                                0x08005479   Thumb Code   274  stm32f10x_gpio.o(.text)
    GPIO_StructInit                          0x0800558b   Thumb Code    16  stm32f10x_gpio.o(.text)
    GPIO_ReadInputDataBit                    0x0800559b   Thumb Code    18  stm32f10x_gpio.o(.text)
    GPIO_ReadInputData                       0x080055ad   Thumb Code     8  stm32f10x_gpio.o(.text)
    GPIO_ReadOutputDataBit                   0x080055b5   Thumb Code    18  stm32f10x_gpio.o(.text)
    GPIO_ReadOutputData                      0x080055c7   Thumb Code     8  stm32f10x_gpio.o(.text)
    GPIO_SetBits                             0x080055cf   Thumb Code     4  stm32f10x_gpio.o(.text)
    GPIO_ResetBits                           0x080055d3   Thumb Code     4  stm32f10x_gpio.o(.text)
    GPIO_WriteBit                            0x080055d7   Thumb Code    10  stm32f10x_gpio.o(.text)
    GPIO_Write                               0x080055e1   Thumb Code     4  stm32f10x_gpio.o(.text)
    GPIO_PinLockConfig                       0x080055e5   Thumb Code    18  stm32f10x_gpio.o(.text)
    GPIO_EventOutputConfig                   0x080055f7   Thumb Code    26  stm32f10x_gpio.o(.text)
    GPIO_EventOutputCmd                      0x08005611   Thumb Code     6  stm32f10x_gpio.o(.text)
    GPIO_PinRemapConfig                      0x08005617   Thumb Code   138  stm32f10x_gpio.o(.text)
    GPIO_EXTILineConfig                      0x080056a1   Thumb Code    66  stm32f10x_gpio.o(.text)
    GPIO_ETH_MediaInterfaceConfig            0x080056e3   Thumb Code     6  stm32f10x_gpio.o(.text)
    RCC_DeInit                               0x08005711   Thumb Code    64  stm32f10x_rcc.o(.text)
    RCC_HSEConfig                            0x08005751   Thumb Code    70  stm32f10x_rcc.o(.text)
    RCC_GetFlagStatus                        0x08005797   Thumb Code    56  stm32f10x_rcc.o(.text)
    RCC_WaitForHSEStartUp                    0x080057cf   Thumb Code    56  stm32f10x_rcc.o(.text)
    RCC_AdjustHSICalibrationValue            0x08005807   Thumb Code    20  stm32f10x_rcc.o(.text)
    RCC_HSICmd                               0x0800581b   Thumb Code     6  stm32f10x_rcc.o(.text)
    RCC_PLLConfig                            0x08005821   Thumb Code    24  stm32f10x_rcc.o(.text)
    RCC_PLLCmd                               0x08005839   Thumb Code     6  stm32f10x_rcc.o(.text)
    RCC_SYSCLKConfig                         0x0800583f   Thumb Code    18  stm32f10x_rcc.o(.text)
    RCC_GetSYSCLKSource                      0x08005851   Thumb Code    10  stm32f10x_rcc.o(.text)
    RCC_HCLKConfig                           0x0800585b   Thumb Code    18  stm32f10x_rcc.o(.text)
    RCC_PCLK1Config                          0x0800586d   Thumb Code    18  stm32f10x_rcc.o(.text)
    RCC_PCLK2Config                          0x0800587f   Thumb Code    20  stm32f10x_rcc.o(.text)
    RCC_ITConfig                             0x08005893   Thumb Code    26  stm32f10x_rcc.o(.text)
    RCC_USBCLKConfig                         0x080058ad   Thumb Code     6  stm32f10x_rcc.o(.text)
    RCC_ADCCLKConfig                         0x080058b3   Thumb Code    18  stm32f10x_rcc.o(.text)
    RCC_LSEConfig                            0x080058c5   Thumb Code    44  stm32f10x_rcc.o(.text)
    RCC_LSICmd                               0x080058f1   Thumb Code     6  stm32f10x_rcc.o(.text)
    RCC_RTCCLKConfig                         0x080058f7   Thumb Code    12  stm32f10x_rcc.o(.text)
    RCC_RTCCLKCmd                            0x08005903   Thumb Code     8  stm32f10x_rcc.o(.text)
    RCC_GetClocksFreq                        0x0800590b   Thumb Code   192  stm32f10x_rcc.o(.text)
    RCC_AHBPeriphClockCmd                    0x080059cb   Thumb Code    26  stm32f10x_rcc.o(.text)
    RCC_APB2PeriphClockCmd                   0x080059e5   Thumb Code    26  stm32f10x_rcc.o(.text)
    RCC_APB1PeriphClockCmd                   0x080059ff   Thumb Code    26  stm32f10x_rcc.o(.text)
    RCC_APB2PeriphResetCmd                   0x08005a19   Thumb Code    26  stm32f10x_rcc.o(.text)
    RCC_APB1PeriphResetCmd                   0x08005a33   Thumb Code    26  stm32f10x_rcc.o(.text)
    RCC_BackupResetCmd                       0x08005a4d   Thumb Code     8  stm32f10x_rcc.o(.text)
    RCC_ClockSecuritySystemCmd               0x08005a55   Thumb Code     6  stm32f10x_rcc.o(.text)
    RCC_MCOConfig                            0x08005a5b   Thumb Code     6  stm32f10x_rcc.o(.text)
    RCC_ClearFlag                            0x08005a61   Thumb Code    14  stm32f10x_rcc.o(.text)
    RCC_GetITStatus                          0x08005a6f   Thumb Code    20  stm32f10x_rcc.o(.text)
    RCC_ClearITPendingBit                    0x08005a83   Thumb Code     6  stm32f10x_rcc.o(.text)
    USART_DeInit                             0x08005ab5   Thumb Code   134  stm32f10x_usart.o(.text)
    USART_Init                               0x08005b3b   Thumb Code   210  stm32f10x_usart.o(.text)
    USART_StructInit                         0x08005c0d   Thumb Code    24  stm32f10x_usart.o(.text)
    USART_ClockInit                          0x08005c25   Thumb Code    34  stm32f10x_usart.o(.text)
    USART_ClockStructInit                    0x08005c47   Thumb Code    12  stm32f10x_usart.o(.text)
    USART_Cmd                                0x08005c53   Thumb Code    24  stm32f10x_usart.o(.text)
    USART_ITConfig                           0x08005c6b   Thumb Code    74  stm32f10x_usart.o(.text)
    USART_DMACmd                             0x08005cb5   Thumb Code    18  stm32f10x_usart.o(.text)
    USART_SetAddress                         0x08005cc7   Thumb Code    18  stm32f10x_usart.o(.text)
    USART_WakeUpConfig                       0x08005cd9   Thumb Code    18  stm32f10x_usart.o(.text)
    USART_ReceiverWakeUpCmd                  0x08005ceb   Thumb Code    24  stm32f10x_usart.o(.text)
    USART_LINBreakDetectLengthConfig         0x08005d03   Thumb Code    18  stm32f10x_usart.o(.text)
    USART_LINCmd                             0x08005d15   Thumb Code    24  stm32f10x_usart.o(.text)
    USART_SendData                           0x08005d2d   Thumb Code     8  stm32f10x_usart.o(.text)
    USART_ReceiveData                        0x08005d35   Thumb Code    10  stm32f10x_usart.o(.text)
    USART_SendBreak                          0x08005d3f   Thumb Code    10  stm32f10x_usart.o(.text)
    USART_SetGuardTime                       0x08005d49   Thumb Code    16  stm32f10x_usart.o(.text)
    USART_SetPrescaler                       0x08005d59   Thumb Code    16  stm32f10x_usart.o(.text)
    USART_SmartCardCmd                       0x08005d69   Thumb Code    24  stm32f10x_usart.o(.text)
    USART_SmartCardNACKCmd                   0x08005d81   Thumb Code    24  stm32f10x_usart.o(.text)
    USART_HalfDuplexCmd                      0x08005d99   Thumb Code    24  stm32f10x_usart.o(.text)
    USART_OverSampling8Cmd                   0x08005db1   Thumb Code    22  stm32f10x_usart.o(.text)
    USART_OneBitMethodCmd                    0x08005dc7   Thumb Code    24  stm32f10x_usart.o(.text)
    USART_IrDAConfig                         0x08005ddf   Thumb Code    18  stm32f10x_usart.o(.text)
    USART_IrDACmd                            0x08005df1   Thumb Code    24  stm32f10x_usart.o(.text)
    USART_GetFlagStatus                      0x08005e09   Thumb Code    26  stm32f10x_usart.o(.text)
    USART_ClearFlag                          0x08005e23   Thumb Code    18  stm32f10x_usart.o(.text)
    USART_GetITStatus                        0x08005e35   Thumb Code    84  stm32f10x_usart.o(.text)
    USART_ClearITPendingBit                  0x08005e89   Thumb Code    52  stm32f10x_usart.o(.text)
    SystemInit                               0x08005f99   Thumb Code    78  system_stm32f10x.o(.text)
    SystemCoreClockUpdate                    0x08005fe7   Thumb Code   142  system_stm32f10x.o(.text)
    __aeabi_ldivmod                          0x08006099   Thumb Code    90  ldiv.o(.text)
    __aeabi_memset                           0x080060f3   Thumb Code    14  memseta.o(.text)
    __aeabi_memset4                          0x080060f3   Thumb Code     0  memseta.o(.text)
    __aeabi_memset8                          0x080060f3   Thumb Code     0  memseta.o(.text)
    __aeabi_memclr                           0x08006101   Thumb Code     4  memseta.o(.text)
    __aeabi_memclr4                          0x08006101   Thumb Code     0  memseta.o(.text)
    __aeabi_memclr8                          0x08006101   Thumb Code     0  memseta.o(.text)
    _memset$wrapper                          0x08006105   Thumb Code    18  memseta.o(.text)
    memcmp                                   0x08006117   Thumb Code    26  memcmp.o(.text)
    __aeabi_fadd                             0x08006131   Thumb Code   164  fadd.o(.text)
    __aeabi_fsub                             0x080061d5   Thumb Code     6  fadd.o(.text)
    __aeabi_frsub                            0x080061db   Thumb Code     6  fadd.o(.text)
    __aeabi_fmul                             0x080061e1   Thumb Code   108  fmul.o(.text)
    __aeabi_fdiv                             0x0800624d   Thumb Code   128  fdiv.o(.text)
    __aeabi_dadd                             0x080062cd   Thumb Code   322  dadd.o(.text)
    __aeabi_dsub                             0x0800640f   Thumb Code     6  dadd.o(.text)
    __aeabi_drsub                            0x08006415   Thumb Code     6  dadd.o(.text)
    __aeabi_dmul                             0x0800641b   Thumb Code   228  dmul.o(.text)
    __aeabi_ddiv                             0x080064ff   Thumb Code   222  ddiv.o(.text)
    __aeabi_i2f                              0x080065dd   Thumb Code    18  fflti.o(.text)
    __aeabi_ui2f                             0x080065ef   Thumb Code    10  ffltui.o(.text)
    __aeabi_i2d                              0x080065f9   Thumb Code    34  dflti.o(.text)
    __aeabi_f2iz                             0x0800661b   Thumb Code    50  ffixi.o(.text)
    __aeabi_f2uiz                            0x0800664d   Thumb Code    40  ffixui.o(.text)
    __aeabi_d2iz                             0x08006675   Thumb Code    62  dfixi.o(.text)
    __aeabi_f2d                              0x080066b3   Thumb Code    38  f2d.o(.text)
    __aeabi_d2f                              0x080066d9   Thumb Code    56  d2f.o(.text)
    __aeabi_cfcmpeq                          0x08006711   Thumb Code     0  cfcmple.o(.text)
    __aeabi_cfcmple                          0x08006711   Thumb Code    20  cfcmple.o(.text)
    __aeabi_cfrcmple                         0x08006725   Thumb Code    20  cfrcmple.o(.text)
    __aeabi_uidiv                            0x08006739   Thumb Code     0  uidiv.o(.text)
    __aeabi_uidivmod                         0x08006739   Thumb Code    44  uidiv.o(.text)
    __aeabi_uldivmod                         0x08006765   Thumb Code    98  uldiv.o(.text)
    __aeabi_llsl                             0x080067c7   Thumb Code    30  llshl.o(.text)
    _ll_shift_l                              0x080067c7   Thumb Code     0  llshl.o(.text)
    __aeabi_llsr                             0x080067e5   Thumb Code    32  llushr.o(.text)
    _ll_ushift_r                             0x080067e5   Thumb Code     0  llushr.o(.text)
    __aeabi_lasr                             0x08006805   Thumb Code    36  llsshr.o(.text)
    _ll_sshift_r                             0x08006805   Thumb Code     0  llsshr.o(.text)
    __I$use$fp                               0x08006829   Thumb Code     0  iusefp.o(.text)
    _float_round                             0x08006829   Thumb Code    18  fepilogue.o(.text)
    _float_epilogue                          0x0800683b   Thumb Code    90  fepilogue.o(.text)
    _double_round                            0x08006895   Thumb Code    26  depilogue.o(.text)
    _double_epilogue                         0x080068af   Thumb Code   164  depilogue.o(.text)
    __ARM_scalbn                             0x08006953   Thumb Code    46  dscalb.o(.text)
    scalbn                                   0x08006953   Thumb Code     0  dscalb.o(.text)
    _dsqrt                                   0x08006981   Thumb Code   162  dsqrt.o(.text)
    __aeabi_d2ulz                            0x08006a23   Thumb Code    48  dfixul.o(.text)
    __aeabi_cdrcmple                         0x08006a55   Thumb Code    38  cdrcmple.o(.text)
    __scatterload                            0x08006a7d   Thumb Code    28  init.o(.text)
    __scatterload_rt2                        0x08006a7d   Thumb Code     0  init.o(.text)
    __aeabi_ui2d                             0x08006aa1   Thumb Code    26  dfltui.o(.text)
    __0printf                                0x08006abd   Thumb Code    22  printfa.o(i.__0printf)
    __1printf                                0x08006abd   Thumb Code     0  printfa.o(i.__0printf)
    __2printf                                0x08006abd   Thumb Code     0  printfa.o(i.__0printf)
    __c89printf                              0x08006abd   Thumb Code     0  printfa.o(i.__0printf)
    printf                                   0x08006abd   Thumb Code     0  printfa.o(i.__0printf)
    __ARM_fpclassify                         0x08006add   Thumb Code    40  fpclassify.o(i.__ARM_fpclassify)
    __ieee754_rem_pio2                       0x08006b05   Thumb Code   832  rred.o(i.__ieee754_rem_pio2)
    __kernel_cos                             0x08006e8d   Thumb Code   230  cos_i.o(i.__kernel_cos)
    __kernel_poly                            0x08006f89   Thumb Code   170  poly.o(i.__kernel_poly)
    __kernel_sin                             0x08007035   Thumb Code   224  sin_i.o(i.__kernel_sin)
    __mathlib_dbl_underflow                  0x08007121   Thumb Code    10  dunder.o(i.__mathlib_dbl_underflow)
    __scatterload_copy                       0x08007131   Thumb Code    14  handlers.o(i.__scatterload_copy)
    __scatterload_null                       0x0800713f   Thumb Code     2  handlers.o(i.__scatterload_null)
    __scatterload_zeroinit                   0x08007141   Thumb Code    14  handlers.o(i.__scatterload_zeroinit)
    __set_errno                              0x08007151   Thumb Code     6  errno.o(i.__set_errno)
    asin                                     0x08007a01   Thumb Code   584  asin.o(i.asin)
    atan                                     0x08007c7d   Thumb Code   478  atan.o(i.atan)
    atan2                                    0x08007ea1   Thumb Code   346  atan2.o(i.atan2)
    cos                                      0x08008021   Thumb Code   164  cos.o(i.cos)
    sin                                      0x080080cd   Thumb Code   166  sin.o(i.sin)
    sqrt                                     0x0800817d   Thumb Code    76  sqrt.o(i.sqrt)
    reg                                      0x080081c8   Data          42  inv_mpu.o(.constdata)
    hw                                       0x080081f2   Data          14  inv_mpu.o(.constdata)
    test                                     0x08008200   Data          40  inv_mpu.o(.constdata)
    __mathlib_zero                           0x08008f90   Data           8  qnan.o(.constdata)
    Region$$Table$$Base                      0x08009088   Number         0  anon$$obj.o(Region$$Table)
    Region$$Table$$Limit                     0x080090a8   Number         0  anon$$obj.o(Region$$Table)
    q0                                       0x20000038   Data           4  mpu.o(.data)
    q1                                       0x2000003c   Data           4  mpu.o(.data)
    q2                                       0x20000040   Data           4  mpu.o(.data)
    q3                                       0x20000044   Data           4  mpu.o(.data)
    exInt                                    0x20000048   Data           4  mpu.o(.data)
    eyInt                                    0x2000004c   Data           4  mpu.o(.data)
    ezInt                                    0x20000050   Data           4  mpu.o(.data)
    mpu_9250_accl                            0x20000054   Data           6  mpu.o(.data)
    mpu_9250_gyro                            0x2000005a   Data           6  mpu.o(.data)
    mpu_9250_mag                             0x20000060   Data           6  mpu.o(.data)
    SystemCoreClock                          0x2000007c   Data           4  system_stm32f10x.o(.data)
    AHBPrescTable                            0x20000080   Data          16  system_stm32f10x.o(.data)
    __stdout                                 0x20000090   Data           4  stdout.o(.data)
    __initial_sp                             0x200004a8   Data           0  startup_stm32f10x_cl.o(STACK)



==============================================================================

Memory Map of the image

  Image Entry point : 0x08000151

  Load Region LR_IROM1 (Base: 0x08000000, Size: 0x00009140, Max: 0x00040000, ABSOLUTE)

    Execution Region ER_IROM1 (Base: 0x08000000, Size: 0x000090a8, Max: 0x00040000, ABSOLUTE)

    Base Addr    Size         Type   Attr      Idx    E Section Name        Object

    0x08000000   0x00000150   Data   RO            3    RESET               startup_stm32f10x_cl.o
    0x08000150   0x00000000   Code   RO          578  * .ARM.Collect$$$$00000000  mc_w.l(entry.o)
    0x08000150   0x00000004   Code   RO          911    .ARM.Collect$$$$00000001  mc_w.l(entry2.o)
    0x08000154   0x00000004   Code   RO          914    .ARM.Collect$$$$00000004  mc_w.l(entry5.o)
    0x08000158   0x00000000   Code   RO          916    .ARM.Collect$$$$00000008  mc_w.l(entry7b.o)
    0x08000158   0x00000000   Code   RO          918    .ARM.Collect$$$$0000000A  mc_w.l(entry8b.o)
    0x08000158   0x00000008   Code   RO          919    .ARM.Collect$$$$0000000B  mc_w.l(entry9a.o)
    0x08000160   0x00000000   Code   RO          921    .ARM.Collect$$$$0000000D  mc_w.l(entry10a.o)
    0x08000160   0x00000000   Code   RO          923    .ARM.Collect$$$$0000000F  mc_w.l(entry11a.o)
    0x08000160   0x00000004   Code   RO          912    .ARM.Collect$$$$00002712  mc_w.l(entry2.o)
    0x08000164   0x00000024   Code   RO            4    .text               startup_stm32f10x_cl.o
    0x08000188   0x0000001c   Code   RO           10    .text               stm32f10x_it.o
    0x080001a4   0x000002a4   Code   RO          112    .text               main.o
    0x08000448   0x000003ac   Code   RO          131    .text               gpio_iic.o
    0x080007f4   0x00001f8c   Code   RO          146    .text               inv_mpu.o
    0x08002780   0x00000d68   Code   RO          178    .text               inv_mpu_dmp_motion_driver.o
    0x080034e8   0x000000cc   Code   RO          202    .text               uart.o
    0x080035b4   0x00001d28   Code   RO          214    .text               mpu.o
    0x080052dc   0x000000dc   Code   RO          230    .text               misc.o
    0x080053b8   0x00000358   Code   RO          374    .text               stm32f10x_gpio.o
    0x08005710   0x000003a4   Code   RO          422    .text               stm32f10x_rcc.o
    0x08005ab4   0x00000408   Code   RO          484    .text               stm32f10x_usart.o
    0x08005ebc   0x000001dc   Code   RO          518    .text               system_stm32f10x.o
    0x08006098   0x0000005a   Code   RO          581    .text               mc_w.l(ldiv.o)
    0x080060f2   0x00000024   Code   RO          583    .text               mc_w.l(memseta.o)
    0x08006116   0x0000001a   Code   RO          585    .text               mc_w.l(memcmp.o)
    0x08006130   0x000000b0   Code   RO          848    .text               mf_w.l(fadd.o)
    0x080061e0   0x0000006c   Code   RO          850    .text               mf_w.l(fmul.o)
    0x0800624c   0x00000080   Code   RO          852    .text               mf_w.l(fdiv.o)
    0x080062cc   0x0000014e   Code   RO          854    .text               mf_w.l(dadd.o)
    0x0800641a   0x000000e4   Code   RO          856    .text               mf_w.l(dmul.o)
    0x080064fe   0x000000de   Code   RO          858    .text               mf_w.l(ddiv.o)
    0x080065dc   0x00000012   Code   RO          860    .text               mf_w.l(fflti.o)
    0x080065ee   0x0000000a   Code   RO          862    .text               mf_w.l(ffltui.o)
    0x080065f8   0x00000022   Code   RO          864    .text               mf_w.l(dflti.o)
    0x0800661a   0x00000032   Code   RO          866    .text               mf_w.l(ffixi.o)
    0x0800664c   0x00000028   Code   RO          868    .text               mf_w.l(ffixui.o)
    0x08006674   0x0000003e   Code   RO          870    .text               mf_w.l(dfixi.o)
    0x080066b2   0x00000026   Code   RO          872    .text               mf_w.l(f2d.o)
    0x080066d8   0x00000038   Code   RO          874    .text               mf_w.l(d2f.o)
    0x08006710   0x00000014   Code   RO          876    .text               mf_w.l(cfcmple.o)
    0x08006724   0x00000014   Code   RO          878    .text               mf_w.l(cfrcmple.o)
    0x08006738   0x0000002c   Code   RO          926    .text               mc_w.l(uidiv.o)
    0x08006764   0x00000062   Code   RO          928    .text               mc_w.l(uldiv.o)
    0x080067c6   0x0000001e   Code   RO          930    .text               mc_w.l(llshl.o)
    0x080067e4   0x00000020   Code   RO          932    .text               mc_w.l(llushr.o)
    0x08006804   0x00000024   Code   RO          934    .text               mc_w.l(llsshr.o)
    0x08006828   0x00000000   Code   RO          943    .text               mc_w.l(iusefp.o)
    0x08006828   0x0000006c   Code   RO          944    .text               mf_w.l(fepilogue.o)
    0x08006894   0x000000be   Code   RO          946    .text               mf_w.l(depilogue.o)
    0x08006952   0x0000002e   Code   RO          948    .text               mf_w.l(dscalb.o)
    0x08006980   0x000000a2   Code   RO          950    .text               mf_w.l(dsqrt.o)
    0x08006a22   0x00000030   Code   RO          952    .text               mf_w.l(dfixul.o)
    0x08006a52   0x00000002   PAD
    0x08006a54   0x00000028   Code   RO          956    .text               mf_w.l(cdrcmple.o)
    0x08006a7c   0x00000024   Code   RO          958    .text               mc_w.l(init.o)
    0x08006aa0   0x0000001a   Code   RO          960    .text               mf_w.l(dfltui.o)
    0x08006aba   0x00000002   PAD
    0x08006abc   0x00000020   Code   RO          820    i.__0printf         mc_w.l(printfa.o)
    0x08006adc   0x00000028   Code   RO          895    i.__ARM_fpclassify  m_ws.l(fpclassify.o)
    0x08006b04   0x00000388   Code   RO          900    i.__ieee754_rem_pio2  m_ws.l(rred.o)
    0x08006e8c   0x000000fc   Code   RO          890    i.__kernel_cos      m_ws.l(cos_i.o)
    0x08006f88   0x000000aa   Code   RO          897    i.__kernel_poly     m_ws.l(poly.o)
    0x08007032   0x00000002   PAD
    0x08007034   0x000000ec   Code   RO          905    i.__kernel_sin      m_ws.l(sin_i.o)
    0x08007120   0x00000010   Code   RO          893    i.__mathlib_dbl_underflow  m_ws.l(dunder.o)
    0x08007130   0x0000000e   Code   RO          964    i.__scatterload_copy  mc_w.l(handlers.o)
    0x0800713e   0x00000002   Code   RO          965    i.__scatterload_null  mc_w.l(handlers.o)
    0x08007140   0x0000000e   Code   RO          966    i.__scatterload_zeroinit  mc_w.l(handlers.o)
    0x0800714e   0x00000002   PAD
    0x08007150   0x0000000c   Code   RO          938    i.__set_errno       mc_w.l(errno.o)
    0x0800715c   0x0000015c   Code   RO          827    i._fp_digits        mc_w.l(printfa.o)
    0x080072b8   0x000006f0   Code   RO          828    i._printf_core      mc_w.l(printfa.o)
    0x080079a8   0x00000026   Code   RO          829    i._printf_post_padding  mc_w.l(printfa.o)
    0x080079ce   0x00000030   Code   RO          830    i._printf_pre_padding  mc_w.l(printfa.o)
    0x080079fe   0x00000002   PAD
    0x08007a00   0x0000027c   Code   RO          537    i.asin              m_ws.l(asin.o)
    0x08007c7c   0x00000224   Code   RO          881    i.atan              m_ws.l(atan.o)
    0x08007ea0   0x00000180   Code   RO          547    i.atan2             m_ws.l(atan2.o)
    0x08008020   0x000000ac   Code   RO          555    i.cos               m_ws.l(cos.o)
    0x080080cc   0x000000b0   Code   RO          563    i.sin               m_ws.l(sin.o)
    0x0800817c   0x0000004c   Code   RO          571    i.sqrt              m_ws.l(sqrt.o)
    0x080081c8   0x00000060   Data   RO          147    .constdata          inv_mpu.o
    0x08008228   0x00000bf6   Data   RO          180    .constdata          inv_mpu_dmp_motion_driver.o
    0x08008e1e   0x00000002   PAD
    0x08008e20   0x00000053   Data   RO          215    .constdata          mpu.o
    0x08008e73   0x00000005   PAD
    0x08008e78   0x00000050   Data   RO          538    .constdata          m_ws.l(asin.o)
    0x08008ec8   0x00000098   Data   RO          882    .constdata          m_ws.l(atan.o)
    0x08008f60   0x00000030   Data   RO          891    .constdata          m_ws.l(cos_i.o)
    0x08008f90   0x00000008   Data   RO          899    .constdata          m_ws.l(qnan.o)
    0x08008f98   0x000000c8   Data   RO          902    .constdata          m_ws.l(rred.o)
    0x08009060   0x00000028   Data   RO          906    .constdata          m_ws.l(sin_i.o)
    0x08009088   0x00000020   Data   RO          962    Region$$Table       anon$$obj.o


    Execution Region RW_IRAM1 (Base: 0x20000000, Size: 0x000004a8, Max: 0x0000c000, ABSOLUTE)

    Base Addr    Size         Type   Attr      Idx    E Section Name        Object

    0x20000000   0x00000038   Data   RW          148    .data               inv_mpu.o
    0x20000038   0x0000002e   Data   RW          216    .data               mpu.o
    0x20000066   0x00000014   Data   RW          423    .data               stm32f10x_rcc.o
    0x2000007a   0x00000002   PAD
    0x2000007c   0x00000014   Data   RW          519    .data               system_stm32f10x.o
    0x20000090   0x00000004   Data   RW          925    .data               mc_w.l(stdout.o)
    0x20000094   0x00000004   Data   RW          939    .data               mc_w.l(errno.o)
    0x20000098   0x00000010   Zero   RW          179    .bss                inv_mpu_dmp_motion_driver.o
    0x200000a8   0x00000400   Zero   RW            1    STACK               startup_stm32f10x_cl.o


==============================================================================

Image component sizes


      Code (inc. data)   RO Data    RW Data    ZI Data      Debug   Object Name

       940          8          0          0          0       4095   gpio_iic.o
      8076         96         96         56          0      21978   inv_mpu.o
      3432        126       3062          0         16      14711   inv_mpu_dmp_motion_driver.o
       676        110          0          0          0       1671   main.o
       220         20          0          0          0       1637   misc.o
      7464        962         83         46          0       6605   mpu.o
        36          8        336          0       1024        784   startup_stm32f10x_cl.o
       856         40          0          0          0       5485   stm32f10x_gpio.o
        28          0          0          0          0     233043   stm32f10x_it.o
       932         44          0         20          0       8592   stm32f10x_rcc.o
      1032         22          0          0          0       8208   stm32f10x_usart.o
       476         36          0         20          0       1623   system_stm32f10x.o
       204          8          0          0          0        880   uart.o

    ----------------------------------------------------------------------
     24372       1480       3616        144       1040     309312   Object Totals
         0          0         32          0          0          0   (incl. Generated)
         0          0          7          2          0          0   (incl. Padding)

    ----------------------------------------------------------------------

      Code (inc. data)   RO Data    RW Data    ZI Data      Debug   Library Member Name

       636         52         80          0          0        168   asin.o
       548         70        152          0          0        124   atan.o
       384         38          0          0          0        144   atan2.o
       172          8          0          0          0        112   cos.o
       252         22         48          0          0        124   cos_i.o
        16          6          0          0          0         68   dunder.o
        40          0          0          0          0         68   fpclassify.o
       170          0          0          0          0         96   poly.o
         0          0          8          0          0          0   qnan.o
       904         72        200          0          0        140   rred.o
       176         10          0          0          0        116   sin.o
       236         12         40          0          0        128   sin_i.o
        76          0          0          0          0         84   sqrt.o
         0          0          0          0          0          0   entry.o
         0          0          0          0          0          0   entry10a.o
         0          0          0          0          0          0   entry11a.o
         8          4          0          0          0          0   entry2.o
         4          0          0          0          0          0   entry5.o
         0          0          0          0          0          0   entry7b.o
         0          0          0          0          0          0   entry8b.o
         8          4          0          0          0          0   entry9a.o
        12          6          0          4          0         68   errno.o
        30          0          0          0          0          0   handlers.o
        36          8          0          0          0         68   init.o
         0          0          0          0          0          0   iusefp.o
        90          0          0          0          0         84   ldiv.o
        30          0          0          0          0         68   llshl.o
        36          0          0          0          0         68   llsshr.o
        32          0          0          0          0         68   llushr.o
        26          0          0          0          0         80   memcmp.o
        36          0          0          0          0        108   memseta.o
      2242         90          0          0          0        444   printfa.o
         0          0          0          4          0          0   stdout.o
        44          0          0          0          0         80   uidiv.o
        98          0          0          0          0         92   uldiv.o
        40          2          0          0          0         68   cdrcmple.o
        20          0          0          0          0         68   cfcmple.o
        20          0          0          0          0         68   cfrcmple.o
        56          0          0          0          0         88   d2f.o
       334          0          0          0          0        148   dadd.o
       222          0          0          0          0        100   ddiv.o
       190          0          0          0          0        176   depilogue.o
        62          0          0          0          0         80   dfixi.o
        48          0          0          0          0         68   dfixul.o
        34          0          0          0          0         76   dflti.o
        26          0          0          0          0         76   dfltui.o
       228          0          0          0          0         96   dmul.o
        46          0          0          0          0         80   dscalb.o
       162          0          0          0          0        100   dsqrt.o
        38          0          0          0          0         68   f2d.o
       176          0          0          0          0        140   fadd.o
       128          0          0          0          0         88   fdiv.o
       108          0          0          0          0        168   fepilogue.o
        50          0          0          0          0         68   ffixi.o
        40          0          0          0          0         68   ffixui.o
        18          0          0          0          0         68   fflti.o
        10          0          0          0          0         68   ffltui.o
       108          0          0          0          0         76   fmul.o

    ----------------------------------------------------------------------
      8516        404        528          8          0       4704   Library Totals
        10          0          0          0          0          0   (incl. Padding)

    ----------------------------------------------------------------------

      Code (inc. data)   RO Data    RW Data    ZI Data      Debug   Library Name

      3610        290        528          0          0       1372   m_ws.l
      2732        112          0          8          0       1228   mc_w.l
      2164          2          0          0          0       2104   mf_w.l

    ----------------------------------------------------------------------
      8516        404        528          8          0       4704   Library Totals

    ----------------------------------------------------------------------

==============================================================================


      Code (inc. data)   RO Data    RW Data    ZI Data      Debug   

     32888       1884       4144        152       1040     310584   Grand Totals
     32888       1884       4144        152       1040     310584   ELF Image Totals
     32888       1884       4144        152          0          0   ROM Totals

==============================================================================

    Total RO  Size (Code + RO Data)                37032 (  36.16kB)
    Total RW  Size (RW Data + ZI Data)              1192 (   1.16kB)
    Total ROM Size (Code + RO Data + RW Data)      37184 (  36.31kB)

==============================================================================

